Archive member included because of file (symbol)

/usr/lib/gcc/avr/4.7.2/../../../avr/lib/avrxmega6/libm.a(addsf3.o)
                              arch-blocks/meldinterp-runtime/core.o (__subsf3)
/usr/lib/gcc/avr/4.7.2/../../../avr/lib/avrxmega6/libm.a(addsf3x.o)
                              /usr/lib/gcc/avr/4.7.2/../../../avr/lib/avrxmega6/libm.a(addsf3.o) (__addsf3x)
/usr/lib/gcc/avr/4.7.2/../../../avr/lib/avrxmega6/libm.a(cmpsf2.o)
                              arch-blocks/meldinterp-runtime/core.o (__eqsf2)
/usr/lib/gcc/avr/4.7.2/../../../avr/lib/avrxmega6/libm.a(divsf3.o)
                              arch-blocks/meldinterp-runtime/core.o (__divsf3)
/usr/lib/gcc/avr/4.7.2/../../../avr/lib/avrxmega6/libm.a(divsf3x.o)
                              /usr/lib/gcc/avr/4.7.2/../../../avr/lib/avrxmega6/libm.a(divsf3.o) (__divsf3x)
/usr/lib/gcc/avr/4.7.2/../../../avr/lib/avrxmega6/libm.a(floatsisf.o)
                              arch-blocks/meldinterp-runtime/core.o (__floatsisf)
/usr/lib/gcc/avr/4.7.2/../../../avr/lib/avrxmega6/libm.a(fmod.o)
                              arch-blocks/meldinterp-runtime/core.o (fmod)
/usr/lib/gcc/avr/4.7.2/../../../avr/lib/avrxmega6/libm.a(fp_cmp.o)
                              /usr/lib/gcc/avr/4.7.2/../../../avr/lib/avrxmega6/libm.a(cmpsf2.o) (__fp_cmp)
/usr/lib/gcc/avr/4.7.2/../../../avr/lib/avrxmega6/libm.a(fp_inf.o)
                              /usr/lib/gcc/avr/4.7.2/../../../avr/lib/avrxmega6/libm.a(addsf3x.o) (__fp_inf)
/usr/lib/gcc/avr/4.7.2/../../../avr/lib/avrxmega6/libm.a(fp_mpack.o)
                              /usr/lib/gcc/avr/4.7.2/../../../avr/lib/avrxmega6/libm.a(fmod.o) (__fp_mpack)
/usr/lib/gcc/avr/4.7.2/../../../avr/lib/avrxmega6/libm.a(fp_nan.o)
                              /usr/lib/gcc/avr/4.7.2/../../../avr/lib/avrxmega6/libm.a(addsf3x.o) (__fp_nan)
/usr/lib/gcc/avr/4.7.2/../../../avr/lib/avrxmega6/libm.a(fp_pscA.o)
                              /usr/lib/gcc/avr/4.7.2/../../../avr/lib/avrxmega6/libm.a(addsf3x.o) (__fp_pscA)
/usr/lib/gcc/avr/4.7.2/../../../avr/lib/avrxmega6/libm.a(fp_pscB.o)
                              /usr/lib/gcc/avr/4.7.2/../../../avr/lib/avrxmega6/libm.a(addsf3x.o) (__fp_pscB)
/usr/lib/gcc/avr/4.7.2/../../../avr/lib/avrxmega6/libm.a(fp_round.o)
                              /usr/lib/gcc/avr/4.7.2/../../../avr/lib/avrxmega6/libm.a(addsf3.o) (__fp_round)
/usr/lib/gcc/avr/4.7.2/../../../avr/lib/avrxmega6/libm.a(fp_split3.o)
                              /usr/lib/gcc/avr/4.7.2/../../../avr/lib/avrxmega6/libm.a(addsf3x.o) (__fp_split3)
/usr/lib/gcc/avr/4.7.2/../../../avr/lib/avrxmega6/libm.a(fp_zero.o)
                              /usr/lib/gcc/avr/4.7.2/../../../avr/lib/avrxmega6/libm.a(addsf3x.o) (__fp_zero)
/usr/lib/gcc/avr/4.7.2/../../../avr/lib/avrxmega6/libm.a(gesf2.o)
                              arch-blocks/meldinterp-runtime/core.o (__gesf2)
/usr/lib/gcc/avr/4.7.2/../../../avr/lib/avrxmega6/libm.a(mulsf3.o)
                              arch-blocks/meldinterp-runtime/core.o (__mulsf3)
/usr/lib/gcc/avr/4.7.2/../../../avr/lib/avrxmega6/libm.a(mulsf3x.o)
                              /usr/lib/gcc/avr/4.7.2/../../../avr/lib/avrxmega6/libm.a(mulsf3.o) (__mulsf3x)
/usr/lib/gcc/avr/4.7.2/avrxmega6/libgcc.a(_muluhisi3.o)
                              arch-blocks/hw-block/soft_uart2.o (__muluhisi3)
/usr/lib/gcc/avr/4.7.2/avrxmega6/libgcc.a(_mulshisi3.o)
                              arch-blocks/meldinterp-runtime/core.o (__mulshisi3)
/usr/lib/gcc/avr/4.7.2/avrxmega6/libgcc.a(_mulsi3.o)
                              arch-blocks/meldinterp-runtime/core.o (__mulsi3)
/usr/lib/gcc/avr/4.7.2/avrxmega6/libgcc.a(_udivmodsi4.o)
                              arch-blocks/hw-block/soft_uart2.o (__udivmodsi4)
/usr/lib/gcc/avr/4.7.2/avrxmega6/libgcc.a(_divmodsi4.o)
                              arch-blocks/meldinterp-runtime/meldvm.o (__divmodsi4)
/usr/lib/gcc/avr/4.7.2/avrxmega6/libgcc.a(_exit.o)
                              /usr/lib/gcc/avr/4.7.2/../../../avr/lib/avrxmega6/crtx256a3.o (exit)
/usr/lib/gcc/avr/4.7.2/avrxmega6/libgcc.a(_tablejump.o)
                              arch-blocks/meldinterp-runtime/core.o (__tablejump2__)
/usr/lib/gcc/avr/4.7.2/avrxmega6/libgcc.a(_copy_data.o)
                              arch-blocks/meldinterp-runtime/rainbow.o (__do_copy_data)
/usr/lib/gcc/avr/4.7.2/avrxmega6/libgcc.a(_clear_bss.o)
                              arch-blocks/meldinterp-runtime/rainbow.o (__do_clear_bss)
/usr/lib/gcc/avr/4.7.2/avrxmega6/libgcc.a(_cmpdi2_s8.o)
                              arch-blocks/system/handler.o (__cmpdi2_s8)
/usr/lib/gcc/avr/4.7.2/avrxmega6/libgcc.a(_umulhisi3.o)
                              /usr/lib/gcc/avr/4.7.2/avrxmega6/libgcc.a(_muluhisi3.o) (__umulhisi3)
/usr/lib/gcc/avr/4.7.2/../../../avr/lib/avrxmega6/libc.a(calloc.o)
                              arch-blocks/meldinterp-runtime/meldvm.o (calloc)
/usr/lib/gcc/avr/4.7.2/../../../avr/lib/avrxmega6/libc.a(malloc.o)
[...]
Memory Configuration

Name             Origin             Length             Attributes
text             0x0000000000000000 0x0000000000100000 xr
data             0x0000000000802000 0x000000000000ffa0 rw !x
eeprom           0x0000000000810000 0x0000000000010000 rw !x
fuse             0x0000000000820000 0x0000000000000400 rw !x
lock             0x0000000000830000 0x0000000000000400 rw !x
signature        0x0000000000840000 0x0000000000000400 rw !x
*default*        0x0000000000000000 0xffffffffffffffff

Linker script and memory map

LOAD /usr/lib/gcc/avr/4.7.2/../../../avr/lib/avrxmega6/crtx256a3.o
LOAD arch-blocks/meldinterp-runtime/rainbow.o
LOAD arch-blocks/system/accelerometer.o
LOAD arch-blocks/system/block.o
LOAD arch-blocks/system/block_config.o
LOAD arch-blocks/system/boot.o
LOAD arch-blocks/system/circ_buffer.o
LOAD arch-blocks/system/data_link.o
LOAD arch-blocks/system/debug.o
LOAD arch-blocks/system/ensemble.o
LOAD arch-blocks/system/handler.o
LOAD arch-blocks/system/led.o
LOAD arch-blocks/system/memory.o
LOAD arch-blocks/system/message.o
LOAD arch-blocks/system/queues.o
LOAD arch-blocks/system/serial.o
LOAD arch-blocks/system/system.o
LOAD arch-blocks/system/hardwaretime.o
LOAD arch-blocks/system/microphone.o
LOAD arch-blocks/hw-block/eeprom_driver.o
LOAD arch-blocks/hw-block/ext_memory.o
LOAD arch-blocks/hw-block/hwAccelerometer.o
LOAD arch-blocks/hw-block/hwBlockTick.o
LOAD arch-blocks/hw-block/hwBoot.o
LOAD arch-blocks/hw-block/hwDataLink.o
LOAD arch-blocks/hw-block/hwLED.o
LOAD arch-blocks/hw-block/hwMemory.o
LOAD arch-blocks/hw-block/hwSerial.o
LOAD arch-blocks/hw-block/hwTime.o
LOAD arch-blocks/hw-block/hwMicrophone.o
LOAD arch-blocks/hw-block/soft_uart2.o
LOAD arch-blocks/hw-block/system.o
LOAD arch-blocks/hw-block/twi_master_driver.o
LOAD arch-blocks/hw-block/hwDebug.o
LOAD arch-blocks/meldinterp-runtime/meldvm.o
LOAD arch-blocks/meldinterp-runtime/extern_functions.o
LOAD arch-blocks/meldinterp-runtime/core.o
LOAD arch-blocks/meldinterp-runtime/set_runtime.o
LOAD arch-blocks/meldinterp-runtime/list_runtime.o
LOAD /usr/lib/gcc/avr/4.7.2/../../../avr/lib/avrxmega6/libm.a
LOAD /usr/lib/gcc/avr/4.7.2/avrxmega6/libgcc.a
LOAD /usr/lib/gcc/avr/4.7.2/../../../avr/lib/avrxmega6/libc.a
LOAD /usr/lib/gcc/avr/4.7.2/avrxmega6/libgcc.a

.hash
 *(.hash)

.dynsym
 *(.dynsym)

.dynstr
 *(.dynstr)

.gnu.version
 *(.gnu.version)

.gnu.version_d
 *(.gnu.version_d)

.gnu.version_r
 *(.gnu.version_r)

.rel.init
 *(.rel.init)

.rela.init
 *(.rela.init)

.rel.text
 *(.rel.text)
 *(.rel.text.*)
 *(.rel.gnu.linkonce.t*)

.rela.text
 *(.rela.text)
 *(.rela.text.*)
 *(.rela.gnu.linkonce.t*)

.rel.fini
 *(.rel.fini)

.rela.fini
 *(.rela.fini)

.rel.rodata
 *(.rel.rodata)
 *(.rel.rodata.*)
 *(.rel.gnu.linkonce.r*)

.rela.rodata
 *(.rela.rodata)
 *(.rela.rodata.*)
 *(.rela.gnu.linkonce.r*)

.rel.data
 *(.rel.data)
 *(.rel.data.*)
 *(.rel.gnu.linkonce.d*)

.rela.data
 *(.rela.data)
 *(.rela.data.*)
 *(.rela.gnu.linkonce.d*)

.rel.ctors
 *(.rel.ctors)

.rela.ctors
 *(.rela.ctors)

.rel.dtors
 *(.rel.dtors)

.rela.dtors
 *(.rela.dtors)

.rel.got
 *(.rel.got)

.rela.got
 *(.rela.got)

.rel.bss
 *(.rel.bss)

.rela.bss
 *(.rela.bss)

.rel.plt
 *(.rel.plt)

.rela.plt
 *(.rela.plt)

.text           0x0000000000000000     0x82ea
 *(.vectors)
 .vectors       0x0000000000000000      0x1e8 /usr/lib/gcc/avr/4.7.2/../../../avr/lib/avrxmega6/crtx256a3.o
                0x0000000000000000                __vectors
                0x0000000000000000                __vector_default
 *(.vectors)
 *(.progmem.gcc*)
 .progmem.gcc_sw_table
                0x00000000000001e8       0x30 arch-blocks/meldinterp-runtime/core.o
 *(.progmem*)
                0x0000000000000218                . = ALIGN (0x2)
                0x0000000000000218                __trampolines_start = .
 *(.trampolines)
 .trampolines   0x0000000000000218        0x0 linker stubs
 *(.trampolines*)
                0x0000000000000218                __trampolines_end = .
 *(.jumptables)
 *(.jumptables*)
 *(.lowtext)
 *(.lowtext*)
                0x0000000000000218                __ctors_start = .
 *(.ctors)
                0x0000000000000218                __ctors_end = .
                0x0000000000000218                __dtors_start = .
 *(.dtors)
                0x0000000000000218                __dtors_end = .
 SORT(*)(.ctors)
 SORT(*)(.dtors)
 *(.init0)
 .init0         0x0000000000000218        0x0 /usr/lib/gcc/avr/4.7.2/../../../avr/lib/avrxmega6/crtx256a3.o
                0x0000000000000218                __init
 *(.init0)
 *(.init1)
 *(.init1)
 *(.init2)
 .init2         0x0000000000000218       0x10 /usr/lib/gcc/avr/4.7.2/../../../avr/lib/avrxmega6/crtx256a3.o
 *(.init2)
 *(.init3)
 *(.init3)
 *(.init4)
 .init4         0x0000000000000228       0x1a /usr/lib/gcc/avr/4.7.2/avrxmega6/libgcc.a(_copy_data.o)
                0x0000000000000228                __do_copy_data
 .init4         0x0000000000000242       0x10 /usr/lib/gcc/avr/4.7.2/avrxmega6/libgcc.a(_clear_bss.o)
                0x0000000000000242                __do_clear_bss
 *(.init4)
 *(.init5)
 *(.init5)
 *(.init6)
 *(.init6)
 *(.init7)
 *(.init7)
 *(.init8)
 *(.init8)
 *(.init9)
 .init9         0x0000000000000252        0x8 /usr/lib/gcc/avr/4.7.2/../../../avr/lib/avrxmega6/crtx256a3.o
 *(.init9)
 *(.text)
 .text          0x000000000000025a        0x4 /usr/lib/gcc/avr/4.7.2/../../../avr/lib/avrxmega6/crtx256a3.o
                0x000000000000025a                __vector_38
                0x000000000000025a                __vector_104
                0x000000000000025a                __vector_22
                0x000000000000025a                __vector_63
                0x000000000000025a                __vector_67
                0x000000000000025a                __vector_1
                0x000000000000025a                __vector_32
                0x000000000000025a                __vector_75
                0x000000000000025a                __vector_62
                0x000000000000025a                __vector_77
                0x000000000000025a                __vector_102
                0x000000000000025a                __vector_24
                0x000000000000025a                __vector_12
                0x000000000000025a                __vector_55
                0x000000000000025a                __vector_69
                0x000000000000025a                __vector_81
                0x000000000000025a                __bad_interrupt
                0x000000000000025a                __vector_72
                0x000000000000025a                __vector_114
                0x000000000000025a                __vector_6
                0x000000000000025a                __vector_110
                0x000000000000025a                __vector_31
                0x000000000000025a                __vector_92
                0x000000000000025a                __vector_35
                0x000000000000025a                __vector_78
                0x000000000000025a                __vector_74
                0x000000000000025a                __vector_117
                0x000000000000025a                __vector_39
                0x000000000000025a                __vector_107
                0x000000000000025a                __vector_3
                0x000000000000025a                __vector_105
                0x000000000000025a                __vector_98
                0x000000000000025a                __vector_23
                0x000000000000025a                __vector_68
                0x000000000000025a                __vector_73
                0x000000000000025a                __vector_45
                0x000000000000025a                __vector_61
                0x000000000000025a                __vector_11
                0x000000000000025a                __vector_54
                0x000000000000025a                __vector_99
                0x000000000000025a                __vector_13
                0x000000000000025a                __vector_17
                0x000000000000025a                __vector_19
                0x000000000000025a                __vector_56
                0x000000000000025a                __vector_7
                0x000000000000025a                __vector_49
                0x000000000000025a                __vector_41
                0x000000000000025a                __vector_86
                0x000000000000025a                __vector_100
                0x000000000000025a                __vector_101
                0x000000000000025a                __vector_64
                0x000000000000025a                __vector_109
                0x000000000000025a                __vector_43
                0x000000000000025a                __vector_5
                0x000000000000025a                __vector_113
                0x000000000000025a                __vector_33
                0x000000000000025a                __vector_76
                0x000000000000025a                __vector_115
                0x000000000000025a                __vector_47
                0x000000000000025a                __vector_52
                0x000000000000025a                __vector_37
                0x000000000000025a                __vector_95
                0x000000000000025a                __vector_103
                0x000000000000025a                __vector_96
                0x000000000000025a                __vector_89
                0x000000000000025a                __vector_4
                0x000000000000025a                __vector_44
                0x000000000000025a                __vector_82
                0x000000000000025a                __vector_106
                0x000000000000025a                __vector_118
                0x000000000000025a                __vector_51
                0x000000000000025a                __vector_9
                0x000000000000025a                __vector_2
                0x000000000000025a                __vector_21
                0x000000000000025a                __vector_15
                0x000000000000025a                __vector_66
                0x000000000000025a                __vector_36
                0x000000000000025a                __vector_79
                0x000000000000025a                __vector_70
                0x000000000000025a                __vector_29
                0x000000000000025a                __vector_40
                0x000000000000025a                __vector_85
                0x000000000000025a                __vector_94
                0x000000000000025a                __vector_8
                0x000000000000025a                __vector_26
                0x000000000000025a                __vector_48
                0x000000000000025a                __vector_116
                0x000000000000025a                __vector_112
                0x000000000000025a                __vector_111
                0x000000000000025a                __vector_80
                0x000000000000025a                __vector_14
                0x000000000000025a                __vector_84
                0x000000000000025a                __vector_57
                0x000000000000025a                __vector_53
                0x000000000000025a                __vector_50
                0x000000000000025a                __vector_16
                0x000000000000025a                __vector_59
                0x000000000000025a                __vector_18
                0x000000000000025a                __vector_97
                0x000000000000025a                __vector_20
                0x000000000000025a                __vector_42
                0x000000000000025a                __vector_87
                0x000000000000025a                __vector_65
                0x000000000000025a                __vector_120
 .text          0x000000000000025e        0x0 arch-blocks/meldinterp-runtime/rainbow.o
 .text          0x000000000000025e       0x1a arch-blocks/system/accelerometer.o
                0x000000000000025e                getAccelData
                0x0000000000000270                newAccelData
                0x0000000000000274                updateAccel
 .text          0x0000000000000278       0x8e arch-blocks/system/block.o
                0x0000000000000278                blockTick
                0x00000000000002ce                initBlock
 .text          0x0000000000000306       0x22 arch-blocks/system/block_config.o
                0x0000000000000306                setUID
                0x0000000000000310                setAndStoreUID
 .text          0x0000000000000328        0x4 arch-blocks/system/boot.o
                0x0000000000000328                jumpToBootSection
 .text          0x000000000000032c       0x7a arch-blocks/system/circ_buffer.o
                0x000000000000032c                push
                0x0000000000000362                pop
                0x0000000000000398                isEmpty
 .text          0x00000000000003a6      0x22a arch-blocks/system/data_link.o
                0x00000000000003a6                defaultMsgHandler
                0x00000000000003aa                reservedSystemHandler
                0x00000000000003cc                removeFromSq
                0x0000000000000454                flushSendQueue
                0x000000000000046c                setupChunk
                0x00000000000004e4                queueChunk
                0x0000000000000548                handleOneMessage
                0x00000000000005b6                initDataLink
 .text          0x00000000000005d0        0x4 arch-blocks/system/debug.o
                0x00000000000005d0                initDebug
 .text          0x00000000000005d4      0x5aa arch-blocks/system/ensemble.o
                0x00000000000005d4                neighborKeepalive
                0x0000000000000650                neighborScan
                0x00000000000006c2                neighborScanCB
                0x0000000000000728                GUIDIntoChar
                0x0000000000000730                charToGUID
                0x000000000000073e                getNeighborCount
                0x0000000000000758                down
                0x0000000000000762                up
                0x000000000000076c                north
                0x0000000000000776                south
                0x0000000000000780                east
                0x000000000000078a                west
                0x0000000000000794                updateNeighbor
                0x00000000000007ba                restartScan
                0x0000000000000824                handleNeighborMessage
                0x0000000000000a64                neighborHandshakeCB
                0x0000000000000afe                neighborKeepaliveCB
                0x0000000000000b34                initEnsemble
 .text          0x0000000000000b7e      0x200 arch-blocks/system/handler.o
                0x0000000000000b7e                initHandlers
                0x0000000000000bb0                executeHandlers
                0x0000000000000c9e                triggerHandler
                0x0000000000000d0c                registerHandler
                0x0000000000000d36                unregisterHandler
                0x0000000000000d60                callHandler
 .text          0x0000000000000d7e       0x68 arch-blocks/system/led.o
                0x0000000000000d7e                getColor
                0x0000000000000d84                getNextColor
                0x0000000000000d92                setColor
                0x0000000000000db4                setNextColor
                0x0000000000000dc2                setLED
                0x0000000000000dc6                setIntensity
                0x0000000000000ddc                getIntensity
                0x0000000000000de2                initLED
 .text          0x0000000000000de6       0x86 arch-blocks/system/memory.o
                0x0000000000000de6                initializeMemory
                0x0000000000000e08                freeChunk
                0x0000000000000e24                getSystemChunk
                0x0000000000000e60                getSystemRXChunk
                0x0000000000000e66                getSystemTXChunk
 .text          0x0000000000000e6c      0x142 arch-blocks/system/message.o
                0x0000000000000e6c                sendMessageToUid
                0x0000000000000eba                sendMessageToPort
                0x0000000000000ef2                sendSystemMessage
                0x0000000000000fac                initSystemMessage
 .text          0x0000000000000fae       0x16 arch-blocks/system/queues.o
                0x0000000000000fae                retrySend
 .text          0x0000000000000fc4       0x72 arch-blocks/system/serial.o
                0x0000000000000fc4                initPortQueues
                0x0000000000000ff0                initPorts
 .text          0x0000000000001036       0x12 arch-blocks/system/system.o
                0x0000000000001036                blockProgram
 .text          0x0000000000001048      0x354 arch-blocks/system/hardwaretime.o
                0x0000000000001048                delayMS
                0x000000000000108c                getTime
                0x0000000000001090                checkTimeout
                0x0000000000001122                registerTimeout
                0x00000000000011b2                deregisterTimeout
                0x0000000000001208                deregisterTimeoutByHandler
                0x000000000000125e                checkTimer
                0x00000000000012b4                registerTimer
                0x00000000000012fc                deregisterTimer
                0x0000000000001352                clearTimer
                0x0000000000001380                initTime
 .text          0x000000000000139c        0xa arch-blocks/system/microphone.o
                0x000000000000139c                getMicData
 .text          0x00000000000013a6      0x2bc arch-blocks/hw-block/eeprom_driver.o
                0x00000000000013a6                EEPROM_WaitForNVM
                0x00000000000013b0                EEPROM_ReadByte
                0x000000000000140a                EEPROM_FlushBuffer
                0x000000000000143a                EEPROM_WriteByte
                0x000000000000149c                EEPROM_LoadByte
                0x00000000000014ce                EEPROM_LoadPage
                0x00000000000014fe                EEPROM_LoadPartialPage
                0x0000000000001554                EEPROM_AtomicWritePage
                0x00000000000015a0                EEPROM_ErasePage
                0x00000000000015ec                EEPROM_SplitWritePage
                0x0000000000001638                EEPROM_EraseAll
 .text          0x0000000000001662      0x208 arch-blocks/hw-block/ext_memory.o
                0x0000000000001662                spiTxRx
                0x0000000000001674                setSS
                0x000000000000169c                readExtMem
                0x000000000000174c                writeExtMem
                0x00000000000017f2                initFlash
                0x00000000000017f4                initSRAM
                0x0000000000001840                initExtMem
 .text          0x000000000000186a      0x306 arch-blocks/hw-block/hwAccelerometer.o
                0x000000000000186a                newHWAccelData
                0x0000000000001886                updateHWAccel
                0x000000000000192c                initHWAccel
                0x0000000000001a64                __vector_34
                0x0000000000001ae2                __vector_46
                0x0000000000001b36                setAccelRegister
 .text          0x0000000000001b70       0x8e arch-blocks/hw-block/hwBlockTick.o
                0x0000000000001b70                scaryBlockTickHack
                0x0000000000001b86                initBlockTick
                0x0000000000001ba0                __vector_108
 .text          0x0000000000001bfe       0x10 arch-blocks/hw-block/hwBoot.o
                0x0000000000001bfe                jumpToHWBootSection
 .text          0x0000000000001c0e      0x5ae arch-blocks/hw-block/hwDataLink.o
                0x0000000000001c0e                crcCalc
                0x0000000000001c36                ackHandler
                0x0000000000001c9a                addToGlobalRq
                0x0000000000001cd6                isSpecial
                0x0000000000001cf6                sendToBuffer
                0x0000000000001e36                processBuffer
                0x0000000000002052                nextPacket
                0x000000000000209c                sendOnSerial
                0x00000000000021ba                initHWDataLink
 .text          0x00000000000021bc       0xb0 arch-blocks/hw-block/hwLED.o
                0x00000000000021bc                setHWLED
                0x000000000000220c                initHWLED
 .text          0x000000000000226c       0xd8 arch-blocks/hw-block/hwMemory.o
                0x000000000000226c                store
                0x00000000000022da                restore
                0x0000000000002324                getGUID
 .text          0x0000000000002344      0x5aa arch-blocks/hw-block/hwSerial.o
                0x0000000000002344                u_putchar
                0x0000000000002350                u_getchar
                0x0000000000002366                pPutChar
                0x000000000000238a                pGetChar
                0x00000000000023be                initHWUart
                0x00000000000023d4                initializeHWPort
                0x00000000000023ea                initHWPorts
                0x000000000000249e                __vector_91
                0x00000000000024f6                __vector_93
                0x0000000000002556                __vector_28
                0x00000000000025ae                __vector_30
                0x000000000000260e                __vector_119
                0x0000000000002666                __vector_121
                0x00000000000026c6                __vector_58
                0x000000000000271e                __vector_60
                0x000000000000277e                __vector_25
                0x00000000000027d6                __vector_27
                0x0000000000002836                __vector_88
                0x000000000000288e                __vector_90
 .text          0x00000000000028ee       0xa2 arch-blocks/hw-block/hwTime.o
                0x00000000000028ee                getHWTime
                0x0000000000002926                initClock
                0x0000000000002944                initRTC
                0x000000000000295a                initHWTime
                0x0000000000002962                __vector_10
 .text          0x0000000000002990       0xc8 arch-blocks/hw-block/hwMicrophone.o
                0x0000000000002990                updateHWMic
                0x00000000000029b2                initHWMic
                0x00000000000029da                rejuvenateHWMic
                0x00000000000029f0                __vector_71
 .text          0x0000000000002a58      0x2a4 arch-blocks/hw-block/soft_uart2.o
                0x0000000000002a58                timer_set
                0x0000000000002ae6                configure_soft_uart
                0x0000000000002af8                init_soft_uart
                0x0000000000002b3c                su_getchar
                0x0000000000002b68                set_tx_char
                0x0000000000002b7e                su_putchar
                0x0000000000002b8e                kbhit
                0x0000000000002ba8                __vector_83
 .text          0x0000000000002cfc        0x0 arch-blocks/hw-block/system.o
 .text          0x0000000000002cfc      0x1c6 arch-blocks/hw-block/twi_master_driver.o
                0x0000000000002cfc                TWI_MasterInit
                0x0000000000002d1e                TWI_MasterState
                0x0000000000002d2a                TWI_MasterReady
                0x0000000000002d32                TWI_MasterWriteRead
                0x0000000000002da0                TWI_MasterRead
                0x0000000000002db2                TWI_MasterWrite
                0x0000000000002dbe                TWI_MasterArbitrationLostBusErrorHandler
                0x0000000000002de0                TWI_MasterWriteHandler
                0x0000000000002e40                TWI_MasterReadHandler
                0x0000000000002e92                TWI_MasterInterruptHandler
                0x0000000000002eba                TWI_MasterTransactionFinished
 .text          0x0000000000002ec2       0x22 arch-blocks/hw-block/hwDebug.o
                0x0000000000002ec2                initDebugUart
                0x0000000000002ed6                debugPutChar
                0x0000000000002edc                debugGetChar
                0x0000000000002ee2                initHWDebug
 .text          0x0000000000002ee4      0xb38 arch-blocks/meldinterp-runtime/meldvm.o
                0x0000000000002ee4                free_chunk
                0x0000000000002f50                enqueueNewTuple
                0x00000000000030c2                enqueue_face
                0x000000000000327e                userRegistration
                0x0000000000003292                receive_tuple
                0x0000000000003328                receive_tuple_add
                0x0000000000003330                receive_tuple_delete
                0x0000000000003338                vm_init
                0x00000000000033ca                __myassert
                0x00000000000033e8                tuple_handle
                0x00000000000034ce                tuple_send
                0x000000000000371c                meldMain
 .text          0x0000000000003a1c       0x4a arch-blocks/meldinterp-runtime/extern_functions.o
                0x0000000000003a1c                blockID
                0x0000000000003a1e                gen_fresh_file
                0x0000000000003a36                gen_fresh_tag
                0x0000000000003a4e                gen_fresh_nonce
 .text          0x0000000000003a66     0x2a86 arch-blocks/meldinterp-runtime/core.o
                0x0000000000003c1a                queue_is_empty
                0x0000000000003c2a                queue_push_tuple
                0x0000000000003c4c                queue_pop_tuple
                0x0000000000003c72                queue_enqueue
                0x0000000000003cc4                queue_dequeue
                0x0000000000003cf4                p_dequeue
                0x0000000000003d0c                p_enqueue
                0x0000000000003daa                init_deltas
                0x0000000000003e38                init_fields
                0x0000000000003f72                init_consts
                0x0000000000004030                queue_length
                0x000000000000404e                tuple_process
                0x00000000000055f0                tuple_do_handle
                0x0000000000005e32                tuple_print
                0x00000000000060ce                facts_dump
                0x00000000000062d0                print_program_info
 .text          0x00000000000064ec      0x4e2 arch-blocks/meldinterp-runtime/set_runtime.o
                0x00000000000065d4                set_insert
                0x000000000000673c                set_int_create
                0x0000000000006780                set_float_create
                0x00000000000067c4                set_int_insert
                0x00000000000067e8                set_float_insert
                0x0000000000006812                set_print
                0x00000000000068ac                set_equal
                0x000000000000692e                set_delete
                0x0000000000006968                set_init_descriptors
 .text          0x00000000000069ce      0x7b2 arch-blocks/meldinterp-runtime/list_runtime.o
                0x0000000000006bba                list_int_create
                0x0000000000006be2                list_float_create
                0x0000000000006c0a                list_node_create
                0x0000000000006c32                list_int_push_head
                0x0000000000006c5c                list_int_push_tail
                0x0000000000006c86                list_node_push_head
                0x0000000000006caa                list_node_push_tail
                0x0000000000006cce                list_float_push_head
                0x0000000000006cf8                list_float_push_tail
                0x0000000000006d22                list_is_float
                0x0000000000006d3e                list_is_int
                0x0000000000006d5a                list_is_node
                0x0000000000006d76                list_int_from_vector
                0x0000000000006dee                list_float_from_vector
                0x0000000000006e66                list_node_from_vector
                0x0000000000006ed4                list_delete
                0x0000000000006f02                list_equal
                0x0000000000006f6e                list_print
                0x0000000000006fe4                list_reverse_first
                0x000000000000703c                list_copy
                0x0000000000007074                convert_meld_int_safe
                0x00000000000070fc                list_init_descriptors
 .text          0x0000000000007180        0x0 /usr/lib/gcc/avr/4.7.2/../../../avr/lib/avrxmega6/libm.a(addsf3.o)
 .text          0x0000000000007180        0x0 /usr/lib/gcc/avr/4.7.2/../../../avr/lib/avrxmega6/libm.a(addsf3x.o)
 .text          0x0000000000007180        0x0 /usr/lib/gcc/avr/4.7.2/../../../avr/lib/avrxmega6/libm.a(cmpsf2.o)
 .text          0x0000000000007180        0x0 /usr/lib/gcc/avr/4.7.2/../../../avr/lib/avrxmega6/libm.a(divsf3.o)
 .text          0x0000000000007180        0x0 /usr/lib/gcc/avr/4.7.2/../../../avr/lib/avrxmega6/libm.a(divsf3x.o)
 .text          0x0000000000007180        0x0 /usr/lib/gcc/avr/4.7.2/../../../avr/lib/avrxmega6/libm.a(floatsisf.o)
 .text          0x0000000000007180        0x0 /usr/lib/gcc/avr/4.7.2/../../../avr/lib/avrxmega6/libm.a(fmod.o)
 .text          0x0000000000007180        0x0 /usr/lib/gcc/avr/4.7.2/../../../avr/lib/avrxmega6/libm.a(fp_cmp.o)
 .text          0x0000000000007180        0x0 /usr/lib/gcc/avr/4.7.2/../../../avr/lib/avrxmega6/libm.a(fp_inf.o)
 .text          0x0000000000007180        0x0 /usr/lib/gcc/avr/4.7.2/../../../avr/lib/avrxmega6/libm.a(fp_mpack.o)
 .text          0x0000000000007180        0x0 /usr/lib/gcc/avr/4.7.2/../../../avr/lib/avrxmega6/libm.a(fp_nan.o)
 .text          0x0000000000007180        0x0 /usr/lib/gcc/avr/4.7.2/../../../avr/lib/avrxmega6/libm.a(fp_pscA.o)
 .text          0x0000000000007180        0x0 /usr/lib/gcc/avr/4.7.2/../../../avr/lib/avrxmega6/libm.a(fp_pscB.o)
 .text          0x0000000000007180        0x0 /usr/lib/gcc/avr/4.7.2/../../../avr/lib/avrxmega6/libm.a(fp_round.o)
 .text          0x0000000000007180        0x0 /usr/lib/gcc/avr/4.7.2/../../../avr/lib/avrxmega6/libm.a(fp_split3.o)
 .text          0x0000000000007180        0x0 /usr/lib/gcc/avr/4.7.2/../../../avr/lib/avrxmega6/libm.a(fp_zero.o)
 .text          0x0000000000007180        0x0 /usr/lib/gcc/avr/4.7.2/../../../avr/lib/avrxmega6/libm.a(gesf2.o)
 .text          0x0000000000007180        0x0 /usr/lib/gcc/avr/4.7.2/../../../avr/lib/avrxmega6/libm.a(mulsf3.o)
 .text          0x0000000000007180        0x0 /usr/lib/gcc/avr/4.7.2/../../../avr/lib/avrxmega6/libm.a(mulsf3x.o)
 .text          0x0000000000007180        0x0 /usr/lib/gcc/avr/4.7.2/avrxmega6/libgcc.a(_muluhisi3.o)
 .text          0x0000000000007180        0x0 /usr/lib/gcc/avr/4.7.2/avrxmega6/libgcc.a(_mulshisi3.o)
 .text          0x0000000000007180        0x0 /usr/lib/gcc/avr/4.7.2/avrxmega6/libgcc.a(_mulsi3.o)
 .text          0x0000000000007180        0x0 /usr/lib/gcc/avr/4.7.2/avrxmega6/libgcc.a(_udivmodsi4.o)
 .text          0x0000000000007180        0x0 /usr/lib/gcc/avr/4.7.2/avrxmega6/libgcc.a(_divmodsi4.o)
 .text          0x0000000000007180        0x0 /usr/lib/gcc/avr/4.7.2/avrxmega6/libgcc.a(_exit.o)
 .text          0x0000000000007180        0x0 /usr/lib/gcc/avr/4.7.2/avrxmega6/libgcc.a(_tablejump.o)
 .text          0x0000000000007180        0x0 /usr/lib/gcc/avr/4.7.2/avrxmega6/libgcc.a(_copy_data.o)
 .text          0x0000000000007180        0x0 /usr/lib/gcc/avr/4.7.2/avrxmega6/libgcc.a(_clear_bss.o)
 .text          0x0000000000007180        0x0 /usr/lib/gcc/avr/4.7.2/avrxmega6/libgcc.a(_cmpdi2_s8.o)
 .text          0x0000000000007180        0x0 /usr/lib/gcc/avr/4.7.2/avrxmega6/libgcc.a(_umulhisi3.o)
 .text          0x0000000000007180        0x0 /usr/lib/gcc/avr/4.7.2/../../../avr/lib/avrxmega6/libc.a(calloc.o)
 .text          0x0000000000007180        0x0 /usr/lib/gcc/avr/4.7.2/../../../avr/lib/avrxmega6/libc.a(malloc.o)
 .text          0x0000000000007180        0x0 /usr/lib/gcc/avr/4.7.2/../../../avr/lib/avrxmega6/libc.a(random.o)
 .text          0x0000000000007180        0x0 /usr/lib/gcc/avr/4.7.2/../../../avr/lib/avrxmega6/libc.a(realloc.o)
 .text          0x0000000000007180        0x0 /usr/lib/gcc/avr/4.7.2/../../../avr/lib/avrxmega6/libc.a(abort.o)
 .text          0x0000000000007180        0x0 /usr/lib/gcc/avr/4.7.2/../../../avr/lib/avrxmega6/libc.a(memcmp.o)
 .text          0x0000000000007180        0x0 /usr/lib/gcc/avr/4.7.2/../../../avr/lib/avrxmega6/libc.a(memcpy.o)
 .text          0x0000000000007180        0x0 /usr/lib/gcc/avr/4.7.2/../../../avr/lib/avrxmega6/libc.a(memset.o)
 .text          0x0000000000007180        0x0 /usr/lib/gcc/avr/4.7.2/../../../avr/lib/avrxmega6/libc.a(strcmp.o)
 .text          0x0000000000007180        0x0 /usr/lib/gcc/avr/4.7.2/../../../avr/lib/avrxmega6/libc.a(fprintf.o)
 .text          0x0000000000007180        0x0 /usr/lib/gcc/avr/4.7.2/../../../avr/lib/avrxmega6/libc.a(fputc.o)
 .text          0x0000000000007180        0x0 /usr/lib/gcc/avr/4.7.2/../../../avr/lib/avrxmega6/libc.a(fputs.o)
 .text          0x0000000000007180        0x0 /usr/lib/gcc/avr/4.7.2/../../../avr/lib/avrxmega6/libc.a(iob.o)
 .text          0x0000000000007180        0x0 /usr/lib/gcc/avr/4.7.2/../../../avr/lib/avrxmega6/libc.a(printf.o)
 .text          0x0000000000007180        0x0 /usr/lib/gcc/avr/4.7.2/../../../avr/lib/avrxmega6/libc.a(putchar.o)
 .text          0x0000000000007180        0x0 /usr/lib/gcc/avr/4.7.2/../../../avr/lib/avrxmega6/libc.a(puts.o)
 .text          0x0000000000007180        0x0 /usr/lib/gcc/avr/4.7.2/../../../avr/lib/avrxmega6/libc.a(vfprintf_std.o)
 .text          0x0000000000007180        0x0 /usr/lib/gcc/avr/4.7.2/../../../avr/lib/avrxmega6/libc.a(strnlen_P.o)
 .text          0x0000000000007180        0x0 /usr/lib/gcc/avr/4.7.2/../../../avr/lib/avrxmega6/libc.a(strnlen.o)
 .text          0x0000000000007180        0x0 /usr/lib/gcc/avr/4.7.2/../../../avr/lib/avrxmega6/libc.a(ultoa_invert.o)
                0x0000000000007180                . = ALIGN (0x2)
 *(.text.*)
 .text.startup  0x0000000000007180        0x4 arch-blocks/hw-block/system.o
                0x0000000000007180                main
 .text.avr-libc.fplib
                0x0000000000007184        0xa /usr/lib/gcc/avr/4.7.2/../../../avr/lib/avrxmega6/libm.a(addsf3.o)
                0x0000000000007184                __subsf3
                0x0000000000007186                __addsf3
 .text.avr-libc.fplib
                0x000000000000718e       0xc0 /usr/lib/gcc/avr/4.7.2/../../../avr/lib/avrxmega6/libm.a(addsf3x.o)
                0x00000000000071a8                __addsf3x
 .text.avr-libc.fplib
                0x000000000000724e        0x8 /usr/lib/gcc/avr/4.7.2/../../../avr/lib/avrxmega6/libm.a(cmpsf2.o)
                0x000000000000724e                __lesf2
                0x000000000000724e                __nesf2
                0x000000000000724e                __eqsf2
                0x000000000000724e                __cmpsf2
                0x000000000000724e                __ltsf2
 .text.avr-libc.fplib
                0x0000000000007256        0x4 /usr/lib/gcc/avr/4.7.2/../../../avr/lib/avrxmega6/libm.a(divsf3.o)
                0x0000000000007256                __divsf3
 .text.avr-libc.fplib
                0x000000000000725a       0xcc /usr/lib/gcc/avr/4.7.2/../../../avr/lib/avrxmega6/libm.a(divsf3x.o)
                0x0000000000007270                __divsf3x
                0x0000000000007274                __divsf3_pse
 .text.avr-libc.fplib
                0x0000000000007326       0x7a /usr/lib/gcc/avr/4.7.2/../../../avr/lib/avrxmega6/libm.a(floatsisf.o)
                0x0000000000007326                __floatunsisf
                0x000000000000732a                __floatsisf
 .text.avr-libc.fplib
                0x00000000000073a0       0x9c /usr/lib/gcc/avr/4.7.2/../../../avr/lib/avrxmega6/libm.a(fmod.o)
                0x00000000000073ae                fmod
 .text.avr-libc.fplib
                0x000000000000743c       0x48 /usr/lib/gcc/avr/4.7.2/../../../avr/lib/avrxmega6/libm.a(fp_cmp.o)
                0x000000000000743c                __fp_cmp
 .text.avr-libc.fplib
                0x0000000000007484        0xc /usr/lib/gcc/avr/4.7.2/../../../avr/lib/avrxmega6/libm.a(fp_inf.o)
                0x0000000000007484                __fp_inf
 .text.avr-libc.fplib
                0x0000000000007490       0x1c /usr/lib/gcc/avr/4.7.2/../../../avr/lib/avrxmega6/libm.a(fp_mpack.o)
                0x0000000000007490                __fp_mpack
                0x0000000000007494                __fp_mpack_finite
 .text.avr-libc.fplib
                0x00000000000074ac        0x6 /usr/lib/gcc/avr/4.7.2/../../../avr/lib/avrxmega6/libm.a(fp_nan.o)
                0x00000000000074ac                __fp_nan
 .text.avr-libc.fplib
                0x00000000000074b2        0xe /usr/lib/gcc/avr/4.7.2/../../../avr/lib/avrxmega6/libm.a(fp_pscA.o)
                0x00000000000074b2                __fp_pscA
 .text.avr-libc.fplib
                0x00000000000074c0        0xe /usr/lib/gcc/avr/4.7.2/../../../avr/lib/avrxmega6/libm.a(fp_pscB.o)
                0x00000000000074c0                __fp_pscB
 .text.avr-libc.fplib
                0x00000000000074ce       0x22 /usr/lib/gcc/avr/4.7.2/../../../avr/lib/avrxmega6/libm.a(fp_round.o)
                0x00000000000074ce                __fp_round
 .text.avr-libc.fplib
                0x00000000000074f0       0x44 /usr/lib/gcc/avr/4.7.2/../../../avr/lib/avrxmega6/libm.a(fp_split3.o)
                0x00000000000074f0                __fp_split3
                0x0000000000007500                __fp_splitA
 .text.avr-libc.fplib
                0x0000000000007534        0xe /usr/lib/gcc/avr/4.7.2/../../../avr/lib/avrxmega6/libm.a(fp_zero.o)
                0x0000000000007534                __fp_zero
                0x0000000000007536                __fp_szero
 .text.avr-libc.fplib
                0x0000000000007542        0x8 /usr/lib/gcc/avr/4.7.2/../../../avr/lib/avrxmega6/libm.a(gesf2.o)
                0x0000000000007542                __gtsf2
                0x0000000000007542                __gesf2
 .text.avr-libc.fplib
                0x000000000000754a        0x4 /usr/lib/gcc/avr/4.7.2/../../../avr/lib/avrxmega6/libm.a(mulsf3.o)
                0x000000000000754a                __mulsf3
 .text.avr-libc.fplib
                0x000000000000754e       0xc2 /usr/lib/gcc/avr/4.7.2/../../../avr/lib/avrxmega6/libm.a(mulsf3x.o)
                0x0000000000007562                __mulsf3x
                0x0000000000007566                __mulsf3_pse
 .text.libgcc.mul
                0x0000000000007610       0x16 /usr/lib/gcc/avr/4.7.2/avrxmega6/libgcc.a(_muluhisi3.o)
                0x0000000000007610                __muluhisi3
 .text.libgcc.div
                0x0000000000007626        0x0 /usr/lib/gcc/avr/4.7.2/avrxmega6/libgcc.a(_muluhisi3.o)
 .text.libgcc   0x0000000000007626        0x0 /usr/lib/gcc/avr/4.7.2/avrxmega6/libgcc.a(_muluhisi3.o)
 .text.libgcc.prologue
                0x0000000000007626        0x0 /usr/lib/gcc/avr/4.7.2/avrxmega6/libgcc.a(_muluhisi3.o)
 .text.libgcc.builtins
                0x0000000000007626        0x0 /usr/lib/gcc/avr/4.7.2/avrxmega6/libgcc.a(_muluhisi3.o)
 .text.libgcc.fmul
                0x0000000000007626        0x0 /usr/lib/gcc/avr/4.7.2/avrxmega6/libgcc.a(_muluhisi3.o)
 .text.libgcc.mul
                0x0000000000007626       0x10 /usr/lib/gcc/avr/4.7.2/avrxmega6/libgcc.a(_mulshisi3.o)
                0x0000000000007626                __mulshisi3
                0x000000000000762c                __mulohisi3
 .text.libgcc.div
                0x0000000000007636        0x0 /usr/lib/gcc/avr/4.7.2/avrxmega6/libgcc.a(_mulshisi3.o)
 .text.libgcc   0x0000000000007636        0x0 /usr/lib/gcc/avr/4.7.2/avrxmega6/libgcc.a(_mulshisi3.o)
 .text.libgcc.prologue
                0x0000000000007636        0x0 /usr/lib/gcc/avr/4.7.2/avrxmega6/libgcc.a(_mulshisi3.o)
 .text.libgcc.builtins
                0x0000000000007636        0x0 /usr/lib/gcc/avr/4.7.2/avrxmega6/libgcc.a(_mulshisi3.o)
 .text.libgcc.fmul
                0x0000000000007636        0x0 /usr/lib/gcc/avr/4.7.2/avrxmega6/libgcc.a(_mulshisi3.o)
 .text.libgcc.mul
                0x0000000000007636       0x20 /usr/lib/gcc/avr/4.7.2/avrxmega6/libgcc.a(_mulsi3.o)
                0x0000000000007636                __mulsi3
 .text.libgcc.div
                0x0000000000007656        0x0 /usr/lib/gcc/avr/4.7.2/avrxmega6/libgcc.a(_mulsi3.o)
 .text.libgcc   0x0000000000007656        0x0 /usr/lib/gcc/avr/4.7.2/avrxmega6/libgcc.a(_mulsi3.o)
 .text.libgcc.prologue
                0x0000000000007656        0x0 /usr/lib/gcc/avr/4.7.2/avrxmega6/libgcc.a(_mulsi3.o)
 .text.libgcc.builtins
                0x0000000000007656        0x0 /usr/lib/gcc/avr/4.7.2/avrxmega6/libgcc.a(_mulsi3.o)
 .text.libgcc.fmul
                0x0000000000007656        0x0 /usr/lib/gcc/avr/4.7.2/avrxmega6/libgcc.a(_mulsi3.o)
 .text.libgcc.mul
                0x0000000000007656        0x0 /usr/lib/gcc/avr/4.7.2/avrxmega6/libgcc.a(_udivmodsi4.o)
 .text.libgcc.div
                0x0000000000007656       0x44 /usr/lib/gcc/avr/4.7.2/avrxmega6/libgcc.a(_udivmodsi4.o)
                0x0000000000007656                __udivmodsi4
 .text.libgcc   0x000000000000769a        0x0 /usr/lib/gcc/avr/4.7.2/avrxmega6/libgcc.a(_udivmodsi4.o)
 .text.libgcc.prologue
                0x000000000000769a        0x0 /usr/lib/gcc/avr/4.7.2/avrxmega6/libgcc.a(_udivmodsi4.o)
 .text.libgcc.builtins
                0x000000000000769a        0x0 /usr/lib/gcc/avr/4.7.2/avrxmega6/libgcc.a(_udivmodsi4.o)
 .text.libgcc.fmul
                0x000000000000769a        0x0 /usr/lib/gcc/avr/4.7.2/avrxmega6/libgcc.a(_udivmodsi4.o)
 .text.libgcc.mul
                0x000000000000769a        0x0 /usr/lib/gcc/avr/4.7.2/avrxmega6/libgcc.a(_divmodsi4.o)
 .text.libgcc.div
                0x000000000000769a       0x38 /usr/lib/gcc/avr/4.7.2/avrxmega6/libgcc.a(_divmodsi4.o)
                0x000000000000769a                __divmodsi4
 .text.libgcc   0x00000000000076d2        0x0 /usr/lib/gcc/avr/4.7.2/avrxmega6/libgcc.a(_divmodsi4.o)
 .text.libgcc.prologue
                0x00000000000076d2        0x0 /usr/lib/gcc/avr/4.7.2/avrxmega6/libgcc.a(_divmodsi4.o)
 .text.libgcc.builtins
                0x00000000000076d2        0x0 /usr/lib/gcc/avr/4.7.2/avrxmega6/libgcc.a(_divmodsi4.o)
 .text.libgcc.fmul
                0x00000000000076d2        0x0 /usr/lib/gcc/avr/4.7.2/avrxmega6/libgcc.a(_divmodsi4.o)
 .text.libgcc.mul
                0x00000000000076d2        0x0 /usr/lib/gcc/avr/4.7.2/avrxmega6/libgcc.a(_exit.o)
 .text.libgcc.div
                0x00000000000076d2        0x0 /usr/lib/gcc/avr/4.7.2/avrxmega6/libgcc.a(_exit.o)
 .text.libgcc   0x00000000000076d2        0x0 /usr/lib/gcc/avr/4.7.2/avrxmega6/libgcc.a(_exit.o)
 .text.libgcc.prologue
                0x00000000000076d2        0x0 /usr/lib/gcc/avr/4.7.2/avrxmega6/libgcc.a(_exit.o)
 .text.libgcc.builtins
                0x00000000000076d2        0x0 /usr/lib/gcc/avr/4.7.2/avrxmega6/libgcc.a(_exit.o)
 .text.libgcc.fmul
                0x00000000000076d2        0x0 /usr/lib/gcc/avr/4.7.2/avrxmega6/libgcc.a(_exit.o)
 .text.libgcc.mul
                0x00000000000076d2        0x0 /usr/lib/gcc/avr/4.7.2/avrxmega6/libgcc.a(_tablejump.o)
 .text.libgcc.div
                0x00000000000076d2        0x0 /usr/lib/gcc/avr/4.7.2/avrxmega6/libgcc.a(_tablejump.o)
 .text.libgcc   0x00000000000076d2        0xc /usr/lib/gcc/avr/4.7.2/avrxmega6/libgcc.a(_tablejump.o)
                0x00000000000076d2                __tablejump2__
                0x00000000000076d6                __tablejump__
 .text.libgcc.prologue
                0x00000000000076de        0x0 /usr/lib/gcc/avr/4.7.2/avrxmega6/libgcc.a(_tablejump.o)
 .text.libgcc.builtins
                0x00000000000076de        0x0 /usr/lib/gcc/avr/4.7.2/avrxmega6/libgcc.a(_tablejump.o)
 .text.libgcc.fmul
                0x00000000000076de        0x0 /usr/lib/gcc/avr/4.7.2/avrxmega6/libgcc.a(_tablejump.o)
 .text.libgcc.mul
                0x00000000000076de        0x0 /usr/lib/gcc/avr/4.7.2/avrxmega6/libgcc.a(_copy_data.o)
 .text.libgcc.div
                0x00000000000076de        0x0 /usr/lib/gcc/avr/4.7.2/avrxmega6/libgcc.a(_copy_data.o)
 .text.libgcc   0x00000000000076de        0x0 /usr/lib/gcc/avr/4.7.2/avrxmega6/libgcc.a(_copy_data.o)
 .text.libgcc.prologue
                0x00000000000076de        0x0 /usr/lib/gcc/avr/4.7.2/avrxmega6/libgcc.a(_copy_data.o)
 .text.libgcc.builtins
                0x00000000000076de        0x0 /usr/lib/gcc/avr/4.7.2/avrxmega6/libgcc.a(_copy_data.o)
 .text.libgcc.fmul
                0x00000000000076de        0x0 /usr/lib/gcc/avr/4.7.2/avrxmega6/libgcc.a(_copy_data.o)
 .text.libgcc.mul
                0x00000000000076de        0x0 /usr/lib/gcc/avr/4.7.2/avrxmega6/libgcc.a(_clear_bss.o)
 .text.libgcc.div
                0x00000000000076de        0x0 /usr/lib/gcc/avr/4.7.2/avrxmega6/libgcc.a(_clear_bss.o)
 .text.libgcc   0x00000000000076de        0x0 /usr/lib/gcc/avr/4.7.2/avrxmega6/libgcc.a(_clear_bss.o)
 .text.libgcc.prologue
                0x00000000000076de        0x0 /usr/lib/gcc/avr/4.7.2/avrxmega6/libgcc.a(_clear_bss.o)
 .text.libgcc.builtins
                0x00000000000076de        0x0 /usr/lib/gcc/avr/4.7.2/avrxmega6/libgcc.a(_clear_bss.o)
 .text.libgcc.fmul
                0x00000000000076de        0x0 /usr/lib/gcc/avr/4.7.2/avrxmega6/libgcc.a(_clear_bss.o)
 .text.libgcc.mul
                0x00000000000076de        0x0 /usr/lib/gcc/avr/4.7.2/avrxmega6/libgcc.a(_cmpdi2_s8.o)
 .text.libgcc.div
                0x00000000000076de        0x0 /usr/lib/gcc/avr/4.7.2/avrxmega6/libgcc.a(_cmpdi2_s8.o)
 .text.libgcc   0x00000000000076de       0x18 /usr/lib/gcc/avr/4.7.2/avrxmega6/libgcc.a(_cmpdi2_s8.o)
                0x00000000000076de                __cmpdi2_s8
 .text.libgcc.prologue
                0x00000000000076f6        0x0 /usr/lib/gcc/avr/4.7.2/avrxmega6/libgcc.a(_cmpdi2_s8.o)
 .text.libgcc.builtins
                0x00000000000076f6        0x0 /usr/lib/gcc/avr/4.7.2/avrxmega6/libgcc.a(_cmpdi2_s8.o)
 .text.libgcc.fmul
                0x00000000000076f6        0x0 /usr/lib/gcc/avr/4.7.2/avrxmega6/libgcc.a(_cmpdi2_s8.o)
 .text.libgcc.mul
                0x00000000000076f6       0x18 /usr/lib/gcc/avr/4.7.2/avrxmega6/libgcc.a(_umulhisi3.o)
                0x00000000000076f6                __umulhisi3
 .text.libgcc.div
                0x000000000000770e        0x0 /usr/lib/gcc/avr/4.7.2/avrxmega6/libgcc.a(_umulhisi3.o)
 .text.libgcc   0x000000000000770e        0x0 /usr/lib/gcc/avr/4.7.2/avrxmega6/libgcc.a(_umulhisi3.o)
 .text.libgcc.prologue
                0x000000000000770e        0x0 /usr/lib/gcc/avr/4.7.2/avrxmega6/libgcc.a(_umulhisi3.o)
 .text.libgcc.builtins
                0x000000000000770e        0x0 /usr/lib/gcc/avr/4.7.2/avrxmega6/libgcc.a(_umulhisi3.o)
 .text.libgcc.fmul
                0x000000000000770e        0x0 /usr/lib/gcc/avr/4.7.2/avrxmega6/libgcc.a(_umulhisi3.o)
 .text.avr-libc
                0x000000000000770e       0x3c /usr/lib/gcc/avr/4.7.2/../../../avr/lib/avrxmega6/libc.a(calloc.o)
                0x000000000000770e                calloc
 .text.avr-libc
                0x000000000000774a      0x272 /usr/lib/gcc/avr/4.7.2/../../../avr/lib/avrxmega6/libc.a(malloc.o)
                0x000000000000774a                malloc
                0x0000000000007880                free
 .text.avr-libc
                0x00000000000079bc       0xb8 /usr/lib/gcc/avr/4.7.2/../../../avr/lib/avrxmega6/libc.a(random.o)
                0x0000000000007a56                random_r
                0x0000000000007a5a                random
                0x0000000000007a62                srandom
 .text.avr-libc
                0x0000000000007a74      0x1c0 /usr/lib/gcc/avr/4.7.2/../../../avr/lib/avrxmega6/libc.a(realloc.o)
                0x0000000000007a74                realloc
 .text.avr-libc
                0x0000000000007c34        0xa /usr/lib/gcc/avr/4.7.2/../../../avr/lib/avrxmega6/libc.a(abort.o)
                0x0000000000007c34                abort
 .text.avr-libc
                0x0000000000007c3e       0x1a /usr/lib/gcc/avr/4.7.2/../../../avr/lib/avrxmega6/libc.a(memcmp.o)
                0x0000000000007c3e                memcmp
 .text.avr-libc
                0x0000000000007c58       0x12 /usr/lib/gcc/avr/4.7.2/../../../avr/lib/avrxmega6/libc.a(memcpy.o)
                0x0000000000007c58                memcpy
 .text.avr-libc
                0x0000000000007c6a        0xe /usr/lib/gcc/avr/4.7.2/../../../avr/lib/avrxmega6/libc.a(memset.o)
                0x0000000000007c6a                memset
 .text.avr-libc
                0x0000000000007c78       0x12 /usr/lib/gcc/avr/4.7.2/../../../avr/lib/avrxmega6/libc.a(strcmp.o)
                0x0000000000007c78                strcmp
 .text.avr-libc
                0x0000000000007c8a       0x2c /usr/lib/gcc/avr/4.7.2/../../../avr/lib/avrxmega6/libc.a(fprintf.o)
                0x0000000000007c8a                fprintf
 .text.avr-libc
                0x0000000000007cb6       0x58 /usr/lib/gcc/avr/4.7.2/../../../avr/lib/avrxmega6/libc.a(fputc.o)
                0x0000000000007cb6                fputc
 .text.avr-libc
                0x0000000000007d0e       0x56 /usr/lib/gcc/avr/4.7.2/../../../avr/lib/avrxmega6/libc.a(fputs.o)
                0x0000000000007d0e                fputs
 .text.avr-libc
                0x0000000000007d64       0x30 /usr/lib/gcc/avr/4.7.2/../../../avr/lib/avrxmega6/libc.a(printf.o)
                0x0000000000007d64                printf
 .text.avr-libc
                0x0000000000007d94        0xc /usr/lib/gcc/avr/4.7.2/../../../avr/lib/avrxmega6/libc.a(putchar.o)
                0x0000000000007d94                putchar
 .text.avr-libc
                0x0000000000007da0       0x5e /usr/lib/gcc/avr/4.7.2/../../../avr/lib/avrxmega6/libc.a(puts.o)
                0x0000000000007da0                puts
 .text.avr-libc
                0x0000000000007dfe      0x400 /usr/lib/gcc/avr/4.7.2/../../../avr/lib/avrxmega6/libc.a(vfprintf_std.o)
                0x0000000000007dfe                vfprintf
 .text.avr-libc
                0x00000000000081fe       0x16 /usr/lib/gcc/avr/4.7.2/../../../avr/lib/avrxmega6/libc.a(strnlen_P.o)
                0x00000000000081fe                strnlen_P
 .text.avr-libc
                0x0000000000008214       0x16 /usr/lib/gcc/avr/4.7.2/../../../avr/lib/avrxmega6/libc.a(strnlen.o)
                0x0000000000008214                strnlen
 .text.avr-libc
                0x000000000000822a       0xbc /usr/lib/gcc/avr/4.7.2/../../../avr/lib/avrxmega6/libc.a(ultoa_invert.o)
                0x000000000000822a                __ultoa_invert
                0x00000000000082e6                . = ALIGN (0x2)
 *(.fini9)
 .fini9         0x00000000000082e6        0x0 /usr/lib/gcc/avr/4.7.2/avrxmega6/libgcc.a(_exit.o)
                0x00000000000082e6                exit
                0x00000000000082e6                _exit
 *(.fini9)
 *(.fini8)
 *(.fini8)
 *(.fini7)
 *(.fini7)
 *(.fini6)
 *(.fini6)
 *(.fini5)
 *(.fini5)
 *(.fini4)
 *(.fini4)
 *(.fini3)
 *(.fini3)
 *(.fini2)
 *(.fini2)
 *(.fini1)
 *(.fini1)
 *(.fini0)
 .fini0         0x00000000000082e6        0x4 /usr/lib/gcc/avr/4.7.2/avrxmega6/libgcc.a(_exit.o)
 *(.fini0)
                0x00000000000082ea                _etext = .

.data           0x0000000000802000      0x932 load address 0x00000000000082ea
                0x0000000000802000                PROVIDE (__data_start, .)
 *(.data)
 .data          0x0000000000802000        0x0 /usr/lib/gcc/avr/4.7.2/../../../avr/lib/avrxmega6/crtx256a3.o
 .data          0x0000000000802000       0x24 arch-blocks/meldinterp-runtime/rainbow.o
                0x0000000000802000                tuple_names
 .data          0x0000000000802024        0x0 arch-blocks/system/accelerometer.o
 .data          0x0000000000802024        0x0 arch-blocks/system/block.o
 .data          0x0000000000802024        0x0 arch-blocks/system/block_config.o
 .data          0x0000000000802024        0x0 arch-blocks/system/boot.o
 .data          0x0000000000802024        0x0 arch-blocks/system/circ_buffer.o
 .data          0x0000000000802024        0x0 arch-blocks/system/data_link.o
 .data          0x0000000000802024        0x0 arch-blocks/system/debug.o
 .data          0x0000000000802024        0x0 arch-blocks/system/ensemble.o
 .data          0x0000000000802024        0x0 arch-blocks/system/handler.o
 .data          0x0000000000802024       0x1c arch-blocks/system/led.o
                0x0000000000802024                currentIntensity
                0x0000000000802025                colors
 .data          0x0000000000802040        0x0 arch-blocks/system/memory.o
 .data          0x0000000000802040        0x0 arch-blocks/system/message.o
 .data          0x0000000000802040        0x0 arch-blocks/system/queues.o
 .data          0x0000000000802040        0x0 arch-blocks/system/serial.o
 .data          0x0000000000802040        0x0 arch-blocks/system/system.o
 .data          0x0000000000802040        0x0 arch-blocks/system/hardwaretime.o
 .data          0x0000000000802040        0x0 arch-blocks/system/microphone.o
 .data          0x0000000000802040        0x0 arch-blocks/hw-block/eeprom_driver.o
 .data          0x0000000000802040        0x0 arch-blocks/hw-block/ext_memory.o
 .data          0x0000000000802040        0x0 arch-blocks/hw-block/hwAccelerometer.o
 .data          0x0000000000802040        0x0 arch-blocks/hw-block/hwBlockTick.o
 .data          0x0000000000802040        0x0 arch-blocks/hw-block/hwBoot.o
 .data          0x0000000000802040        0x0 arch-blocks/hw-block/hwDataLink.o
 .data          0x0000000000802040        0x0 arch-blocks/hw-block/hwLED.o
 .data          0x0000000000802040        0x0 arch-blocks/hw-block/hwMemory.o
 .data          0x0000000000802040        0x0 arch-blocks/hw-block/hwSerial.o
 .data          0x0000000000802040        0x0 arch-blocks/hw-block/hwTime.o
 .data          0x0000000000802040        0x0 arch-blocks/hw-block/hwMicrophone.o
 .data          0x0000000000802040        0x0 arch-blocks/hw-block/soft_uart2.o
 .data          0x0000000000802040        0x0 arch-blocks/hw-block/system.o
 .data          0x0000000000802040        0x0 arch-blocks/hw-block/twi_master_driver.o
 .data          0x0000000000802040        0x0 arch-blocks/hw-block/hwDebug.o
 .data          0x0000000000802040        0x2 arch-blocks/meldinterp-runtime/meldvm.o
 .data          0x0000000000802042        0x0 arch-blocks/meldinterp-runtime/extern_functions.o
 .data          0x0000000000802042        0xa arch-blocks/meldinterp-runtime/core.o
                0x0000000000802042                TYPE_TERMINATE
                0x0000000000802044                TYPE_PROVED
                0x0000000000802046                TYPE_COLOCATED
                0x0000000000802048                TYPE_INIT
                0x000000000080204a                TYPE_EDGE
 .data          0x000000000080204c        0x0 arch-blocks/meldinterp-runtime/set_runtime.o
 .data          0x000000000080204c        0x0 arch-blocks/meldinterp-runtime/list_runtime.o
 .data          0x000000000080204c        0x0 /usr/lib/gcc/avr/4.7.2/../../../avr/lib/avrxmega6/libm.a(addsf3.o)
 .data          0x000000000080204c        0x0 /usr/lib/gcc/avr/4.7.2/../../../avr/lib/avrxmega6/libm.a(addsf3x.o)
 .data          0x000000000080204c        0x0 /usr/lib/gcc/avr/4.7.2/../../../avr/lib/avrxmega6/libm.a(cmpsf2.o)
 .data          0x000000000080204c        0x0 /usr/lib/gcc/avr/4.7.2/../../../avr/lib/avrxmega6/libm.a(divsf3.o)
 .data          0x000000000080204c        0x0 /usr/lib/gcc/avr/4.7.2/../../../avr/lib/avrxmega6/libm.a(divsf3x.o)
 .data          0x000000000080204c        0x0 /usr/lib/gcc/avr/4.7.2/../../../avr/lib/avrxmega6/libm.a(floatsisf.o)
 .data          0x000000000080204c        0x0 /usr/lib/gcc/avr/4.7.2/../../../avr/lib/avrxmega6/libm.a(fmod.o)
 .data          0x000000000080204c        0x0 /usr/lib/gcc/avr/4.7.2/../../../avr/lib/avrxmega6/libm.a(fp_cmp.o)
 .data          0x000000000080204c        0x0 /usr/lib/gcc/avr/4.7.2/../../../avr/lib/avrxmega6/libm.a(fp_inf.o)
 .data          0x000000000080204c        0x0 /usr/lib/gcc/avr/4.7.2/../../../avr/lib/avrxmega6/libm.a(fp_mpack.o)
 .data          0x000000000080204c        0x0 /usr/lib/gcc/avr/4.7.2/../../../avr/lib/avrxmega6/libm.a(fp_nan.o)
 .data          0x000000000080204c        0x0 /usr/lib/gcc/avr/4.7.2/../../../avr/lib/avrxmega6/libm.a(fp_pscA.o)
 .data          0x000000000080204c        0x0 /usr/lib/gcc/avr/4.7.2/../../../avr/lib/avrxmega6/libm.a(fp_pscB.o)
 .data          0x000000000080204c        0x0 /usr/lib/gcc/avr/4.7.2/../../../avr/lib/avrxmega6/libm.a(fp_round.o)
 .data          0x000000000080204c        0x0 /usr/lib/gcc/avr/4.7.2/../../../avr/lib/avrxmega6/libm.a(fp_split3.o)
 .data          0x000000000080204c        0x0 /usr/lib/gcc/avr/4.7.2/../../../avr/lib/avrxmega6/libm.a(fp_zero.o)
 .data          0x000000000080204c        0x0 /usr/lib/gcc/avr/4.7.2/../../../avr/lib/avrxmega6/libm.a(gesf2.o)
 .data          0x000000000080204c        0x0 /usr/lib/gcc/avr/4.7.2/../../../avr/lib/avrxmega6/libm.a(mulsf3.o)
 .data          0x000000000080204c        0x0 /usr/lib/gcc/avr/4.7.2/../../../avr/lib/avrxmega6/libm.a(mulsf3x.o)
 .data          0x000000000080204c        0x0 /usr/lib/gcc/avr/4.7.2/avrxmega6/libgcc.a(_muluhisi3.o)
 .data          0x000000000080204c        0x0 /usr/lib/gcc/avr/4.7.2/avrxmega6/libgcc.a(_mulshisi3.o)
 .data          0x000000000080204c        0x0 /usr/lib/gcc/avr/4.7.2/avrxmega6/libgcc.a(_mulsi3.o)
 .data          0x000000000080204c        0x0 /usr/lib/gcc/avr/4.7.2/avrxmega6/libgcc.a(_udivmodsi4.o)
 .data          0x000000000080204c        0x0 /usr/lib/gcc/avr/4.7.2/avrxmega6/libgcc.a(_divmodsi4.o)
 .data          0x000000000080204c        0x0 /usr/lib/gcc/avr/4.7.2/avrxmega6/libgcc.a(_exit.o)
 .data          0x000000000080204c        0x0 /usr/lib/gcc/avr/4.7.2/avrxmega6/libgcc.a(_tablejump.o)
 .data          0x000000000080204c        0x0 /usr/lib/gcc/avr/4.7.2/avrxmega6/libgcc.a(_copy_data.o)
 .data          0x000000000080204c        0x0 /usr/lib/gcc/avr/4.7.2/avrxmega6/libgcc.a(_clear_bss.o)
 .data          0x000000000080204c        0x0 /usr/lib/gcc/avr/4.7.2/avrxmega6/libgcc.a(_cmpdi2_s8.o)
 .data          0x000000000080204c        0x0 /usr/lib/gcc/avr/4.7.2/avrxmega6/libgcc.a(_umulhisi3.o)
 .data          0x000000000080204c        0x0 /usr/lib/gcc/avr/4.7.2/../../../avr/lib/avrxmega6/libc.a(calloc.o)
 .data          0x000000000080204c        0x6 /usr/lib/gcc/avr/4.7.2/../../../avr/lib/avrxmega6/libc.a(malloc.o)
                0x000000000080204c                __malloc_heap_end
                0x000000000080204e                __malloc_heap_start
                0x0000000000802050                __malloc_margin
 .data          0x0000000000802052        0x4 /usr/lib/gcc/avr/4.7.2/../../../avr/lib/avrxmega6/libc.a(random.o)
 .data          0x0000000000802056        0x0 /usr/lib/gcc/avr/4.7.2/../../../avr/lib/avrxmega6/libc.a(realloc.o)
 .data          0x0000000000802056        0x0 /usr/lib/gcc/avr/4.7.2/../../../avr/lib/avrxmega6/libc.a(abort.o)
 .data          0x0000000000802056        0x0 /usr/lib/gcc/avr/4.7.2/../../../avr/lib/avrxmega6/libc.a(memcmp.o)
 .data          0x0000000000802056        0x0 /usr/lib/gcc/avr/4.7.2/../../../avr/lib/avrxmega6/libc.a(memcpy.o)
 .data          0x0000000000802056        0x0 /usr/lib/gcc/avr/4.7.2/../../../avr/lib/avrxmega6/libc.a(memset.o)
 .data          0x0000000000802056        0x0 /usr/lib/gcc/avr/4.7.2/../../../avr/lib/avrxmega6/libc.a(strcmp.o)
 .data          0x0000000000802056        0x0 /usr/lib/gcc/avr/4.7.2/../../../avr/lib/avrxmega6/libc.a(fprintf.o)
 .data          0x0000000000802056        0x0 /usr/lib/gcc/avr/4.7.2/../../../avr/lib/avrxmega6/libc.a(fputc.o)
 .data          0x0000000000802056        0x0 /usr/lib/gcc/avr/4.7.2/../../../avr/lib/avrxmega6/libc.a(fputs.o)
 .data          0x0000000000802056        0x0 /usr/lib/gcc/avr/4.7.2/../../../avr/lib/avrxmega6/libc.a(iob.o)
 .data          0x0000000000802056        0x0 /usr/lib/gcc/avr/4.7.2/../../../avr/lib/avrxmega6/libc.a(printf.o)
 .data          0x0000000000802056        0x0 /usr/lib/gcc/avr/4.7.2/../../../avr/lib/avrxmega6/libc.a(putchar.o)
 .data          0x0000000000802056        0x0 /usr/lib/gcc/avr/4.7.2/../../../avr/lib/avrxmega6/libc.a(puts.o)
 .data          0x0000000000802056        0x0 /usr/lib/gcc/avr/4.7.2/../../../avr/lib/avrxmega6/libc.a(vfprintf_std.o)
 .data          0x0000000000802056        0x0 /usr/lib/gcc/avr/4.7.2/../../../avr/lib/avrxmega6/libc.a(strnlen_P.o)
 .data          0x0000000000802056        0x0 /usr/lib/gcc/avr/4.7.2/../../../avr/lib/avrxmega6/libc.a(strnlen.o)
 .data          0x0000000000802056        0x0 /usr/lib/gcc/avr/4.7.2/../../../avr/lib/avrxmega6/libc.a(ultoa_invert.o)
 *(.data*)
 *(.rodata)
 .rodata        0x0000000000802056      0x363 arch-blocks/meldinterp-runtime/rainbow.o
                0x0000000000802056                meld_prog
 *(.rodata*)
 .rodata.str1.1
                0x00000000008023b9       0xcd arch-blocks/meldinterp-runtime/rainbow.o
 .rodata.str1.1
                0x0000000000802486        0xc arch-blocks/hw-block/ext_memory.o
 .rodata.str1.1
                0x0000000000802492      0x123 arch-blocks/meldinterp-runtime/meldvm.o
                                        0x127 (size before relaxing)
 .rodata.str1.1
                0x00000000008025b5      0x258 arch-blocks/meldinterp-runtime/core.o
                                        0x27a (size before relaxing)
 .rodata.str1.1
                0x000000000080280d       0xa7 arch-blocks/meldinterp-runtime/set_runtime.o
                                         0xb0 (size before relaxing)
 .rodata.str1.1
                0x00000000008028b4       0x7d arch-blocks/meldinterp-runtime/list_runtime.o
                                         0xb0 (size before relaxing)
 *(.gnu.linkonce.d*)
                0x0000000000802932                . = ALIGN (0x2)
 *fill*         0x0000000000802931        0x1 00
                0x0000000000802932                _edata = .
                0x0000000000802932                PROVIDE (__data_end, .)

.bss            0x0000000000802932      0x657
                0x0000000000802932                PROVIDE (__bss_start, .)
 *(.bss)
 .bss           0x0000000000802932        0x0 /usr/lib/gcc/avr/4.7.2/../../../avr/lib/avrxmega6/crtx256a3.o
 .bss           0x0000000000802932        0x2 arch-blocks/meldinterp-runtime/rainbow.o
                0x0000000000802932                extern_functs_args
                0x0000000000802933                extern_functs
 .bss           0x0000000000802934        0x0 arch-blocks/system/accelerometer.o
 .bss           0x0000000000802934        0x4 arch-blocks/system/block.o
                0x0000000000802934                accelReady
                0x0000000000802936                blockTickRunning
 .bss           0x0000000000802938        0x0 arch-blocks/system/block_config.o
 .bss           0x0000000000802938        0x0 arch-blocks/system/boot.o
 .bss           0x0000000000802938        0x0 arch-blocks/system/circ_buffer.o
 .bss           0x0000000000802938        0x0 arch-blocks/system/data_link.o
 .bss           0x0000000000802938        0x0 arch-blocks/system/debug.o
 .bss           0x0000000000802938        0x0 arch-blocks/system/ensemble.o
 .bss           0x0000000000802938        0x0 arch-blocks/system/handler.o
 .bss           0x0000000000802938        0x0 arch-blocks/system/led.o
 .bss           0x0000000000802938        0x0 arch-blocks/system/memory.o
 .bss           0x0000000000802938        0x0 arch-blocks/system/message.o
 .bss           0x0000000000802938        0x0 arch-blocks/system/queues.o
 .bss           0x0000000000802938        0x0 arch-blocks/system/serial.o
 .bss           0x0000000000802938        0x0 arch-blocks/system/system.o
 .bss           0x0000000000802938        0x0 arch-blocks/system/hardwaretime.o
 .bss           0x0000000000802938        0x0 arch-blocks/system/microphone.o
 .bss           0x0000000000802938        0x0 arch-blocks/hw-block/eeprom_driver.o
 .bss           0x0000000000802938        0x0 arch-blocks/hw-block/ext_memory.o
 .bss           0x0000000000802938        0x0 arch-blocks/hw-block/hwAccelerometer.o
 .bss           0x0000000000802938        0x0 arch-blocks/hw-block/hwBlockTick.o
 .bss           0x0000000000802938        0x0 arch-blocks/hw-block/hwBoot.o
 .bss           0x0000000000802938        0x0 arch-blocks/hw-block/hwDataLink.o
 .bss           0x0000000000802938        0x0 arch-blocks/hw-block/hwLED.o
 .bss           0x0000000000802938        0x0 arch-blocks/hw-block/hwMemory.o
 .bss           0x0000000000802938        0x0 arch-blocks/hw-block/hwSerial.o
 .bss           0x0000000000802938        0x0 arch-blocks/hw-block/hwTime.o
 .bss           0x0000000000802938        0x0 arch-blocks/hw-block/hwMicrophone.o
 .bss           0x0000000000802938        0x0 arch-blocks/hw-block/soft_uart2.o
 .bss           0x0000000000802938        0x0 arch-blocks/hw-block/system.o
 .bss           0x0000000000802938        0x0 arch-blocks/hw-block/twi_master_driver.o
 .bss           0x0000000000802938        0x0 arch-blocks/hw-block/hwDebug.o
 .bss           0x0000000000802938        0x0 arch-blocks/meldinterp-runtime/meldvm.o
 .bss           0x0000000000802938        0x6 arch-blocks/meldinterp-runtime/extern_functions.o
 .bss           0x000000000080293e        0x8 arch-blocks/meldinterp-runtime/core.o
                0x000000000080293e                arguments
                0x0000000000802940                delta_sizes
 .bss           0x0000000000802946        0x4 arch-blocks/meldinterp-runtime/set_runtime.o
 .bss           0x000000000080294a       0x1a arch-blocks/meldinterp-runtime/list_runtime.o
 .bss           0x0000000000802964        0x0 /usr/lib/gcc/avr/4.7.2/../../../avr/lib/avrxmega6/libm.a(addsf3.o)
 .bss           0x0000000000802964        0x0 /usr/lib/gcc/avr/4.7.2/../../../avr/lib/avrxmega6/libm.a(addsf3x.o)
 .bss           0x0000000000802964        0x0 /usr/lib/gcc/avr/4.7.2/../../../avr/lib/avrxmega6/libm.a(cmpsf2.o)
 .bss           0x0000000000802964        0x0 /usr/lib/gcc/avr/4.7.2/../../../avr/lib/avrxmega6/libm.a(divsf3.o)
 .bss           0x0000000000802964        0x0 /usr/lib/gcc/avr/4.7.2/../../../avr/lib/avrxmega6/libm.a(divsf3x.o)
 .bss           0x0000000000802964        0x0 /usr/lib/gcc/avr/4.7.2/../../../avr/lib/avrxmega6/libm.a(floatsisf.o)
 .bss           0x0000000000802964        0x0 /usr/lib/gcc/avr/4.7.2/../../../avr/lib/avrxmega6/libm.a(fmod.o)
 .bss           0x0000000000802964        0x0 /usr/lib/gcc/avr/4.7.2/../../../avr/lib/avrxmega6/libm.a(fp_cmp.o)
 .bss           0x0000000000802964        0x0 /usr/lib/gcc/avr/4.7.2/../../../avr/lib/avrxmega6/libm.a(fp_inf.o)
 .bss           0x0000000000802964        0x0 /usr/lib/gcc/avr/4.7.2/../../../avr/lib/avrxmega6/libm.a(fp_mpack.o)
 .bss           0x0000000000802964        0x0 /usr/lib/gcc/avr/4.7.2/../../../avr/lib/avrxmega6/libm.a(fp_nan.o)
 .bss           0x0000000000802964        0x0 /usr/lib/gcc/avr/4.7.2/../../../avr/lib/avrxmega6/libm.a(fp_pscA.o)
 .bss           0x0000000000802964        0x0 /usr/lib/gcc/avr/4.7.2/../../../avr/lib/avrxmega6/libm.a(fp_pscB.o)
 .bss           0x0000000000802964        0x0 /usr/lib/gcc/avr/4.7.2/../../../avr/lib/avrxmega6/libm.a(fp_round.o)
 .bss           0x0000000000802964        0x0 /usr/lib/gcc/avr/4.7.2/../../../avr/lib/avrxmega6/libm.a(fp_split3.o)
 .bss           0x0000000000802964        0x0 /usr/lib/gcc/avr/4.7.2/../../../avr/lib/avrxmega6/libm.a(fp_zero.o)
 .bss           0x0000000000802964        0x0 /usr/lib/gcc/avr/4.7.2/../../../avr/lib/avrxmega6/libm.a(gesf2.o)
 .bss           0x0000000000802964        0x0 /usr/lib/gcc/avr/4.7.2/../../../avr/lib/avrxmega6/libm.a(mulsf3.o)
 .bss           0x0000000000802964        0x0 /usr/lib/gcc/avr/4.7.2/../../../avr/lib/avrxmega6/libm.a(mulsf3x.o)
 .bss           0x0000000000802964        0x0 /usr/lib/gcc/avr/4.7.2/avrxmega6/libgcc.a(_muluhisi3.o)
 .bss           0x0000000000802964        0x0 /usr/lib/gcc/avr/4.7.2/avrxmega6/libgcc.a(_mulshisi3.o)
 .bss           0x0000000000802964        0x0 /usr/lib/gcc/avr/4.7.2/avrxmega6/libgcc.a(_mulsi3.o)
 .bss           0x0000000000802964        0x0 /usr/lib/gcc/avr/4.7.2/avrxmega6/libgcc.a(_udivmodsi4.o)
 .bss           0x0000000000802964        0x0 /usr/lib/gcc/avr/4.7.2/avrxmega6/libgcc.a(_divmodsi4.o)
 .bss           0x0000000000802964        0x0 /usr/lib/gcc/avr/4.7.2/avrxmega6/libgcc.a(_exit.o)
 .bss           0x0000000000802964        0x0 /usr/lib/gcc/avr/4.7.2/avrxmega6/libgcc.a(_tablejump.o)
 .bss           0x0000000000802964        0x0 /usr/lib/gcc/avr/4.7.2/avrxmega6/libgcc.a(_copy_data.o)
 .bss           0x0000000000802964        0x0 /usr/lib/gcc/avr/4.7.2/avrxmega6/libgcc.a(_clear_bss.o)
 .bss           0x0000000000802964        0x0 /usr/lib/gcc/avr/4.7.2/avrxmega6/libgcc.a(_cmpdi2_s8.o)
 .bss           0x0000000000802964        0x0 /usr/lib/gcc/avr/4.7.2/avrxmega6/libgcc.a(_umulhisi3.o)
 .bss           0x0000000000802964        0x0 /usr/lib/gcc/avr/4.7.2/../../../avr/lib/avrxmega6/libc.a(calloc.o)
 .bss           0x0000000000802964        0x0 /usr/lib/gcc/avr/4.7.2/../../../avr/lib/avrxmega6/libc.a(malloc.o)
 .bss           0x0000000000802964        0x0 /usr/lib/gcc/avr/4.7.2/../../../avr/lib/avrxmega6/libc.a(random.o)
 .bss           0x0000000000802964        0x0 /usr/lib/gcc/avr/4.7.2/../../../avr/lib/avrxmega6/libc.a(realloc.o)
 .bss           0x0000000000802964        0x0 /usr/lib/gcc/avr/4.7.2/../../../avr/lib/avrxmega6/libc.a(abort.o)
 .bss           0x0000000000802964        0x0 /usr/lib/gcc/avr/4.7.2/../../../avr/lib/avrxmega6/libc.a(memcmp.o)
 .bss           0x0000000000802964        0x0 /usr/lib/gcc/avr/4.7.2/../../../avr/lib/avrxmega6/libc.a(memcpy.o)
 .bss           0x0000000000802964        0x0 /usr/lib/gcc/avr/4.7.2/../../../avr/lib/avrxmega6/libc.a(memset.o)
 .bss           0x0000000000802964        0x0 /usr/lib/gcc/avr/4.7.2/../../../avr/lib/avrxmega6/libc.a(strcmp.o)
 .bss           0x0000000000802964        0x0 /usr/lib/gcc/avr/4.7.2/../../../avr/lib/avrxmega6/libc.a(fprintf.o)
 .bss           0x0000000000802964        0x0 /usr/lib/gcc/avr/4.7.2/../../../avr/lib/avrxmega6/libc.a(fputc.o)
 .bss           0x0000000000802964        0x0 /usr/lib/gcc/avr/4.7.2/../../../avr/lib/avrxmega6/libc.a(fputs.o)
 .bss           0x0000000000802964        0x0 /usr/lib/gcc/avr/4.7.2/../../../avr/lib/avrxmega6/libc.a(iob.o)
 .bss           0x0000000000802964        0x0 /usr/lib/gcc/avr/4.7.2/../../../avr/lib/avrxmega6/libc.a(printf.o)
 .bss           0x0000000000802964        0x0 /usr/lib/gcc/avr/4.7.2/../../../avr/lib/avrxmega6/libc.a(putchar.o)
 .bss           0x0000000000802964        0x0 /usr/lib/gcc/avr/4.7.2/../../../avr/lib/avrxmega6/libc.a(puts.o)
 .bss           0x0000000000802964        0x0 /usr/lib/gcc/avr/4.7.2/../../../avr/lib/avrxmega6/libc.a(vfprintf_std.o)
 .bss           0x0000000000802964        0x0 /usr/lib/gcc/avr/4.7.2/../../../avr/lib/avrxmega6/libc.a(strnlen_P.o)
 .bss           0x0000000000802964        0x0 /usr/lib/gcc/avr/4.7.2/../../../avr/lib/avrxmega6/libc.a(strnlen.o)
 .bss           0x0000000000802964        0x0 /usr/lib/gcc/avr/4.7.2/../../../avr/lib/avrxmega6/libc.a(ultoa_invert.o)
 *(.bss*)
 *(COMMON)
 COMMON         0x0000000000802964        0x4 arch-blocks/system/accelerometer.o
                0x0000000000802964                _acc
 COMMON         0x0000000000802968        0x7 arch-blocks/system/data_link.o
                0x0000000000802968                globalRq
                0x000000000080296d                thisChunk
 COMMON         0x000000000080296f       0x72 arch-blocks/system/ensemble.o
                0x000000000080296f                thisNeighborhood
                0x000000000080297b                ttNeighbor
 COMMON         0x00000000008029e1       0x48 arch-blocks/system/handler.o
                0x00000000008029e1                system
 COMMON         0x0000000000802a29        0x4 arch-blocks/system/led.o
                0x0000000000802a29                currentRGB
                0x0000000000802a2c                currentColor
 COMMON         0x0000000000802a2d      0x245 arch-blocks/system/memory.o
                0x0000000000802a2d                conf
                0x0000000000802a31                txChunks
                0x0000000000802b51                rxChunks
                0x0000000000802c71                numFreeChunks
 COMMON         0x0000000000802c72      0x210 arch-blocks/system/serial.o
                0x0000000000802c72                port
 COMMON         0x0000000000802e82        0x6 arch-blocks/system/hardwaretime.o
                0x0000000000802e82                thisTimeout
                0x0000000000802e84                timerList
                0x0000000000802e86                timeoutList
 COMMON         0x0000000000802e88        0x2 arch-blocks/system/microphone.o
                0x0000000000802e88                _mic
 COMMON         0x0000000000802e8a       0x11 arch-blocks/hw-block/hwAccelerometer.o
                0x0000000000802e8a                twiMaster
 COMMON         0x0000000000802e9b        0x6 arch-blocks/hw-block/hwDataLink.o
                0x0000000000802e9b                wasEscapeStore
 COMMON         0x0000000000802ea1       0x12 arch-blocks/hw-block/hwSerial.o
                0x0000000000802ea1                hwPort
 COMMON         0x0000000000802eb3        0x2 arch-blocks/hw-block/hwTime.o
                0x0000000000802eb3                timeHi
 COMMON         0x0000000000802eb5       0x14 arch-blocks/hw-block/soft_uart2.o
                0x0000000000802eb5                soft_uart
 COMMON         0x0000000000802ec9        0xe arch-blocks/hw-block/hwDebug.o
                0x0000000000802ec9                debug
 COMMON         0x0000000000802ed7       0xa8 arch-blocks/meldinterp-runtime/meldvm.o
                0x0000000000802ed7                newStratTuples
                0x0000000000802ed9                delayedTuples
                0x0000000000802edb                reg
                0x0000000000802f5b                blockId
                0x0000000000802f5d                newTuples
                0x0000000000802f5f                persistent
                0x0000000000802f61                tuples
                0x0000000000802f63                receivedTuples
                0x0000000000802f7b                proved
                0x0000000000802f7d                oldTuples
 COMMON         0x0000000000802f7f        0x4 /usr/lib/gcc/avr/4.7.2/../../../avr/lib/avrxmega6/libc.a(malloc.o)
                0x0000000000802f7f                __brkval
                0x0000000000802f81                __flp
 COMMON         0x0000000000802f83        0x6 /usr/lib/gcc/avr/4.7.2/../../../avr/lib/avrxmega6/libc.a(iob.o)
                0x0000000000802f83                __iob
                0x0000000000802f89                PROVIDE (__bss_end, .)
                0x00000000000082ea                __data_load_start = LOADADDR (.data)
                0x0000000000008c1c                __data_load_end = (__data_load_start + SIZEOF (.data))

.noinit         0x0000000000802f89        0x0
                0x0000000000802f89                PROVIDE (__noinit_start, .)
 *(.noinit*)
                0x0000000000802f89                PROVIDE (__noinit_end, .)
                0x0000000000802f89                _end = .
                0x0000000000802f89                PROVIDE (__heap_start, .)

.eeprom         0x0000000000810000        0x4
 *(.eeprom*)
 .eeprom        0x0000000000810000        0x4 arch-blocks/system/memory.o
                0x0000000000810000                nv_conf
                0x0000000000810004                __eeprom_end = .

.fuse
 *(.fuse)
 *(.lfuse)
 *(.hfuse)
 *(.efuse)

.lock
 *(.lock*)

.signature
 *(.signature*)

.stab           0x0000000000000000     0x549c
 *(.stab)
 .stab          0x0000000000000000      0x6e4 /usr/lib/gcc/avr/4.7.2/../../../avr/lib/avrxmega6/crtx256a3.o
 .stab          0x00000000000006e4       0x78 /usr/lib/gcc/avr/4.7.2/../../../avr/lib/avrxmega6/libm.a(addsf3.o)
                                         0x84 (size before relaxing)
 .stab          0x000000000000075c      0x4bc /usr/lib/gcc/avr/4.7.2/../../../avr/lib/avrxmega6/libm.a(addsf3x.o)
                                        0x4c8 (size before relaxing)
 .stab          0x0000000000000c18       0x90 /usr/lib/gcc/avr/4.7.2/../../../avr/lib/avrxmega6/libm.a(cmpsf2.o)
                                         0x9c (size before relaxing)
 .stab          0x0000000000000ca8       0x48 /usr/lib/gcc/avr/4.7.2/../../../avr/lib/avrxmega6/libm.a(divsf3.o)
                                         0x54 (size before relaxing)
 .stab          0x0000000000000cf0      0x510 /usr/lib/gcc/avr/4.7.2/../../../avr/lib/avrxmega6/libm.a(divsf3x.o)
                                        0x51c (size before relaxing)
 .stab          0x0000000000001200      0x318 /usr/lib/gcc/avr/4.7.2/../../../avr/lib/avrxmega6/libm.a(floatsisf.o)
                                        0x324 (size before relaxing)
 .stab          0x0000000000001518      0x3e4 /usr/lib/gcc/avr/4.7.2/../../../avr/lib/avrxmega6/libm.a(fmod.o)
                                        0x3f0 (size before relaxing)
 .stab          0x00000000000018fc      0x1e0 /usr/lib/gcc/avr/4.7.2/../../../avr/lib/avrxmega6/libm.a(fp_cmp.o)
                                        0x1ec (size before relaxing)
 .stab          0x0000000000001adc       0x78 /usr/lib/gcc/avr/4.7.2/../../../avr/lib/avrxmega6/libm.a(fp_inf.o)
                                         0x84 (size before relaxing)
 .stab          0x0000000000001b54       0xe4 /usr/lib/gcc/avr/4.7.2/../../../avr/lib/avrxmega6/libm.a(fp_mpack.o)
                                         0xf0 (size before relaxing)
 .stab          0x0000000000001c38       0x54 /usr/lib/gcc/avr/4.7.2/../../../avr/lib/avrxmega6/libm.a(fp_nan.o)
                                         0x60 (size before relaxing)
 .stab          0x0000000000001c8c       0x84 /usr/lib/gcc/avr/4.7.2/../../../avr/lib/avrxmega6/libm.a(fp_pscA.o)
                                         0x90 (size before relaxing)
 .stab          0x0000000000001d10       0x84 /usr/lib/gcc/avr/4.7.2/../../../avr/lib/avrxmega6/libm.a(fp_pscB.o)
                                         0x90 (size before relaxing)
 .stab          0x0000000000001d94       0xfc /usr/lib/gcc/avr/4.7.2/../../../avr/lib/avrxmega6/libm.a(fp_round.o)
                                        0x108 (size before relaxing)
 .stab          0x0000000000001e90      0x1d4 /usr/lib/gcc/avr/4.7.2/../../../avr/lib/avrxmega6/libm.a(fp_split3.o)
                                        0x1e0 (size before relaxing)
 .stab          0x0000000000002064       0x90 /usr/lib/gcc/avr/4.7.2/../../../avr/lib/avrxmega6/libm.a(fp_zero.o)
                                         0x9c (size before relaxing)
 .stab          0x00000000000020f4       0x6c /usr/lib/gcc/avr/4.7.2/../../../avr/lib/avrxmega6/libm.a(gesf2.o)
                                         0x78 (size before relaxing)
 .stab          0x0000000000002160       0x48 /usr/lib/gcc/avr/4.7.2/../../../avr/lib/avrxmega6/libm.a(mulsf3.o)
                                         0x54 (size before relaxing)
 .stab          0x00000000000021a8      0x4d4 /usr/lib/gcc/avr/4.7.2/../../../avr/lib/avrxmega6/libm.a(mulsf3x.o)
                                        0x4e0 (size before relaxing)
 .stab          0x000000000000267c      0x1ec /usr/lib/gcc/avr/4.7.2/../../../avr/lib/avrxmega6/libc.a(calloc.o)
                                        0x1f8 (size before relaxing)
 .stab          0x0000000000002868      0x738 /usr/lib/gcc/avr/4.7.2/../../../avr/lib/avrxmega6/libc.a(malloc.o)
                                        0x798 (size before relaxing)
 .stab          0x0000000000002fa0      0x2ac /usr/lib/gcc/avr/4.7.2/../../../avr/lib/avrxmega6/libc.a(random.o)
                                        0x30c (size before relaxing)
 .stab          0x000000000000324c      0x3e4 /usr/lib/gcc/avr/4.7.2/../../../avr/lib/avrxmega6/libc.a(realloc.o)
                                        0x5dc (size before relaxing)
 .stab          0x0000000000003630       0x48 /usr/lib/gcc/avr/4.7.2/../../../avr/lib/avrxmega6/libc.a(abort.o)
                                         0x54 (size before relaxing)
 .stab          0x0000000000003678       0xb4 /usr/lib/gcc/avr/4.7.2/../../../avr/lib/avrxmega6/libc.a(memcmp.o)
                                         0xc0 (size before relaxing)
 .stab          0x000000000000372c       0x84 /usr/lib/gcc/avr/4.7.2/../../../avr/lib/avrxmega6/libc.a(memcpy.o)
                                         0x90 (size before relaxing)
 .stab          0x00000000000037b0       0x6c /usr/lib/gcc/avr/4.7.2/../../../avr/lib/avrxmega6/libc.a(memset.o)
                                         0x78 (size before relaxing)
 .stab          0x000000000000381c       0x84 /usr/lib/gcc/avr/4.7.2/../../../avr/lib/avrxmega6/libc.a(strcmp.o)
                                         0x90 (size before relaxing)
 .stab          0x00000000000038a0      0x210 /usr/lib/gcc/avr/4.7.2/../../../avr/lib/avrxmega6/libc.a(fprintf.o)
                                        0x39c (size before relaxing)
 .stab          0x0000000000003ab0      0x1d4 /usr/lib/gcc/avr/4.7.2/../../../avr/lib/avrxmega6/libc.a(fputc.o)
                                        0x3b4 (size before relaxing)
 .stab          0x0000000000003c84      0x1ec /usr/lib/gcc/avr/4.7.2/../../../avr/lib/avrxmega6/libc.a(fputs.o)
                                        0x3cc (size before relaxing)
 .stab          0x0000000000003e70      0x12c /usr/lib/gcc/avr/4.7.2/../../../avr/lib/avrxmega6/libc.a(iob.o)
                                        0x30c (size before relaxing)
 .stab          0x0000000000003f9c      0x1bc /usr/lib/gcc/avr/4.7.2/../../../avr/lib/avrxmega6/libc.a(printf.o)
                                        0x39c (size before relaxing)
 .stab          0x0000000000004158      0x174 /usr/lib/gcc/avr/4.7.2/../../../avr/lib/avrxmega6/libc.a(putchar.o)
                                        0x354 (size before relaxing)
 .stab          0x00000000000042cc      0x204 /usr/lib/gcc/avr/4.7.2/../../../avr/lib/avrxmega6/libc.a(puts.o)
                                        0x3e4 (size before relaxing)
 .stab          0x00000000000044d0      0xa14 /usr/lib/gcc/avr/4.7.2/../../../avr/lib/avrxmega6/libc.a(vfprintf_std.o)
                                        0xc24 (size before relaxing)
 .stab          0x0000000000004ee4       0x9c /usr/lib/gcc/avr/4.7.2/../../../avr/lib/avrxmega6/libc.a(strnlen_P.o)
                                         0xa8 (size before relaxing)
 .stab          0x0000000000004f80       0x9c /usr/lib/gcc/avr/4.7.2/../../../avr/lib/avrxmega6/libc.a(strnlen.o)
                                         0xa8 (size before relaxing)
 .stab          0x000000000000501c      0x480 /usr/lib/gcc/avr/4.7.2/../../../avr/lib/avrxmega6/libc.a(ultoa_invert.o)
                                        0x48c (size before relaxing)

.stabstr        0x0000000000000000     0x139f
 *(.stabstr)
 .stabstr       0x0000000000000000     0x139f /usr/lib/gcc/avr/4.7.2/../../../avr/lib/avrxmega6/crtx256a3.o

.stab.excl
 *(.stab.excl)

.stab.exclstr
 *(.stab.exclstr)

.stab.index
 *(.stab.index)

.stab.indexstr
 *(.stab.indexstr)

.comment        0x0000000000000000       0x22
 *(.comment)
 .comment       0x0000000000000000       0x11 arch-blocks/meldinterp-runtime/rainbow.o
                                         0x12 (size before relaxing)
 .comment       0x0000000000000000       0x12 arch-blocks/system/accelerometer.o
 .comment       0x0000000000000000       0x12 arch-blocks/system/block.o
 .comment       0x0000000000000000       0x12 arch-blocks/system/block_config.o
 .comment       0x0000000000000000       0x12 arch-blocks/system/boot.o
 .comment       0x0000000000000000       0x12 arch-blocks/system/circ_buffer.o
 .comment       0x0000000000000000       0x12 arch-blocks/system/data_link.o
 .comment       0x0000000000000000       0x12 arch-blocks/system/debug.o
 .comment       0x0000000000000000       0x12 arch-blocks/system/ensemble.o
 .comment       0x0000000000000000       0x12 arch-blocks/system/handler.o
 .comment       0x0000000000000000       0x12 arch-blocks/system/led.o
 .comment       0x0000000000000000       0x12 arch-blocks/system/memory.o
 .comment       0x0000000000000000       0x12 arch-blocks/system/message.o
 .comment       0x0000000000000000       0x12 arch-blocks/system/queues.o
 .comment       0x0000000000000000       0x12 arch-blocks/system/serial.o
 .comment       0x0000000000000000       0x12 arch-blocks/system/system.o
 .comment       0x0000000000000000       0x12 arch-blocks/system/hardwaretime.o
 .comment       0x0000000000000000       0x12 arch-blocks/system/microphone.o
 .comment       0x0000000000000000       0x12 arch-blocks/hw-block/eeprom_driver.o
 .comment       0x0000000000000000       0x12 arch-blocks/hw-block/ext_memory.o
 .comment       0x0000000000000000       0x12 arch-blocks/hw-block/hwAccelerometer.o
 .comment       0x0000000000000000       0x12 arch-blocks/hw-block/hwBlockTick.o
 .comment       0x0000000000000000       0x12 arch-blocks/hw-block/hwBoot.o
 .comment       0x0000000000000000       0x12 arch-blocks/hw-block/hwDataLink.o
 .comment       0x0000000000000000       0x12 arch-blocks/hw-block/hwLED.o
 .comment       0x0000000000000000       0x12 arch-blocks/hw-block/hwMemory.o
 .comment       0x0000000000000000       0x12 arch-blocks/hw-block/hwSerial.o
 .comment       0x0000000000000000       0x12 arch-blocks/hw-block/hwTime.o
 .comment       0x0000000000000000       0x12 arch-blocks/hw-block/hwMicrophone.o
 .comment       0x0000000000000000       0x12 arch-blocks/hw-block/soft_uart2.o
 .comment       0x0000000000000000       0x12 arch-blocks/hw-block/system.o
 .comment       0x0000000000000000       0x12 arch-blocks/hw-block/twi_master_driver.o
 .comment       0x0000000000000000       0x12 arch-blocks/hw-block/hwDebug.o
 .comment       0x0000000000000000       0x12 arch-blocks/meldinterp-runtime/meldvm.o
 .comment       0x0000000000000000       0x12 arch-blocks/meldinterp-runtime/extern_functions.o
 .comment       0x0000000000000000       0x12 arch-blocks/meldinterp-runtime/core.o
 .comment       0x0000000000000000       0x12 arch-blocks/meldinterp-runtime/set_runtime.o
 .comment       0x0000000000000000       0x12 arch-blocks/meldinterp-runtime/list_runtime.o
 .comment       0x0000000000000011       0x11 /usr/lib/gcc/avr/4.7.2/../../../avr/lib/avrxmega6/libc.a(calloc.o)
                                         0x12 (size before relaxing)
 .comment       0x0000000000000000       0x12 /usr/lib/gcc/avr/4.7.2/../../../avr/lib/avrxmega6/libc.a(malloc.o)
 .comment       0x0000000000000000       0x12 /usr/lib/gcc/avr/4.7.2/../../../avr/lib/avrxmega6/libc.a(random.o)
 .comment       0x0000000000000000       0x12 /usr/lib/gcc/avr/4.7.2/../../../avr/lib/avrxmega6/libc.a(realloc.o)
 .comment       0x0000000000000000       0x12 /usr/lib/gcc/avr/4.7.2/../../../avr/lib/avrxmega6/libc.a(fprintf.o)
 .comment       0x0000000000000000       0x12 /usr/lib/gcc/avr/4.7.2/../../../avr/lib/avrxmega6/libc.a(fputc.o)
 .comment       0x0000000000000000       0x12 /usr/lib/gcc/avr/4.7.2/../../../avr/lib/avrxmega6/libc.a(fputs.o)
 .comment       0x0000000000000000       0x12 /usr/lib/gcc/avr/4.7.2/../../../avr/lib/avrxmega6/libc.a(iob.o)
 .comment       0x0000000000000000       0x12 /usr/lib/gcc/avr/4.7.2/../../../avr/lib/avrxmega6/libc.a(printf.o)
 .comment       0x0000000000000000       0x12 /usr/lib/gcc/avr/4.7.2/../../../avr/lib/avrxmega6/libc.a(putchar.o)
 .comment       0x0000000000000000       0x12 /usr/lib/gcc/avr/4.7.2/../../../avr/lib/avrxmega6/libc.a(puts.o)
 .comment       0x0000000000000000       0x12 /usr/lib/gcc/avr/4.7.2/../../../avr/lib/avrxmega6/libc.a(vfprintf_std.o)

.debug
 *(.debug)

.line
 *(.line)

.debug_srcinfo
 *(.debug_srcinfo)

.debug_sfnames
 *(.debug_sfnames)

.debug_aranges  0x0000000000000000      0x4b8
 *(.debug_aranges)
 .debug_aranges
                0x0000000000000000       0x18 arch-blocks/meldinterp-runtime/rainbow.o
 .debug_aranges
                0x0000000000000018       0x20 arch-blocks/system/accelerometer.o
 .debug_aranges
                0x0000000000000038       0x20 arch-blocks/system/block.o
 .debug_aranges
                0x0000000000000058       0x20 arch-blocks/system/block_config.o
 .debug_aranges
                0x0000000000000078       0x20 arch-blocks/system/boot.o
 .debug_aranges
                0x0000000000000098       0x20 arch-blocks/system/circ_buffer.o
 .debug_aranges
                0x00000000000000b8       0x20 arch-blocks/system/data_link.o
 .debug_aranges
                0x00000000000000d8       0x20 arch-blocks/system/debug.o
 .debug_aranges
                0x00000000000000f8       0x20 arch-blocks/system/ensemble.o
 .debug_aranges
                0x0000000000000118       0x20 arch-blocks/system/handler.o
 .debug_aranges
                0x0000000000000138       0x20 arch-blocks/system/led.o
 .debug_aranges
                0x0000000000000158       0x20 arch-blocks/system/memory.o
 .debug_aranges
                0x0000000000000178       0x20 arch-blocks/system/message.o
 .debug_aranges
                0x0000000000000198       0x20 arch-blocks/system/queues.o
 .debug_aranges
                0x00000000000001b8       0x20 arch-blocks/system/serial.o
 .debug_aranges
                0x00000000000001d8       0x20 arch-blocks/system/system.o
 .debug_aranges
                0x00000000000001f8       0x20 arch-blocks/system/hardwaretime.o
 .debug_aranges
                0x0000000000000218       0x20 arch-blocks/system/microphone.o
 .debug_aranges
                0x0000000000000238       0x20 arch-blocks/hw-block/eeprom_driver.o
 .debug_aranges
                0x0000000000000258       0x20 arch-blocks/hw-block/ext_memory.o
 .debug_aranges
                0x0000000000000278       0x20 arch-blocks/hw-block/hwAccelerometer.o
 .debug_aranges
                0x0000000000000298       0x20 arch-blocks/hw-block/hwBlockTick.o
 .debug_aranges
                0x00000000000002b8       0x20 arch-blocks/hw-block/hwBoot.o
 .debug_aranges
                0x00000000000002d8       0x20 arch-blocks/hw-block/hwDataLink.o
 .debug_aranges
                0x00000000000002f8       0x20 arch-blocks/hw-block/hwLED.o
 .debug_aranges
                0x0000000000000318       0x20 arch-blocks/hw-block/hwMemory.o
 .debug_aranges
                0x0000000000000338       0x20 arch-blocks/hw-block/hwSerial.o
 .debug_aranges
                0x0000000000000358       0x20 arch-blocks/hw-block/hwTime.o
 .debug_aranges
                0x0000000000000378       0x20 arch-blocks/hw-block/hwMicrophone.o
 .debug_aranges
                0x0000000000000398       0x20 arch-blocks/hw-block/soft_uart2.o
 .debug_aranges
                0x00000000000003b8       0x20 arch-blocks/hw-block/system.o
 .debug_aranges
                0x00000000000003d8       0x20 arch-blocks/hw-block/twi_master_driver.o
 .debug_aranges
                0x00000000000003f8       0x20 arch-blocks/hw-block/hwDebug.o
 .debug_aranges
                0x0000000000000418       0x20 arch-blocks/meldinterp-runtime/meldvm.o
 .debug_aranges
                0x0000000000000438       0x20 arch-blocks/meldinterp-runtime/extern_functions.o
 .debug_aranges
                0x0000000000000458       0x20 arch-blocks/meldinterp-runtime/core.o
 .debug_aranges
                0x0000000000000478       0x20 arch-blocks/meldinterp-runtime/set_runtime.o
 .debug_aranges
                0x0000000000000498       0x20 arch-blocks/meldinterp-runtime/list_runtime.o

.debug_pubnames
 *(.debug_pubnames)

.debug_info     0x0000000000000000    0x110a3
 *(.debug_info)
 .debug_info    0x0000000000000000      0x12b arch-blocks/meldinterp-runtime/rainbow.o
 .debug_info    0x000000000000012b      0x16d arch-blocks/system/accelerometer.o
 .debug_info    0x0000000000000298      0x2c6 arch-blocks/system/block.o
 .debug_info    0x000000000000055e      0x166 arch-blocks/system/block_config.o
 .debug_info    0x00000000000006c4       0x55 arch-blocks/system/boot.o
 .debug_info    0x0000000000000719      0x274 arch-blocks/system/circ_buffer.o
 .debug_info    0x000000000000098d      0x7cb arch-blocks/system/data_link.o
 .debug_info    0x0000000000001158       0x94 arch-blocks/system/debug.o
 .debug_info    0x00000000000011ec      0xb8b arch-blocks/system/ensemble.o
 .debug_info    0x0000000000001d77      0x230 arch-blocks/system/handler.o
 .debug_info    0x0000000000001fa7      0x39f arch-blocks/system/led.o
 .debug_info    0x0000000000002346      0x2e8 arch-blocks/system/memory.o
 .debug_info    0x000000000000262e      0x51e arch-blocks/system/message.o
 .debug_info    0x0000000000002b4c      0x27d arch-blocks/system/queues.o
 .debug_info    0x0000000000002dc9      0x425 arch-blocks/system/serial.o
 .debug_info    0x00000000000031ee      0x1b4 arch-blocks/system/system.o
 .debug_info    0x00000000000033a2      0x54c arch-blocks/system/hardwaretime.o
 .debug_info    0x00000000000038ee       0xa7 arch-blocks/system/microphone.o
 .debug_info    0x0000000000003995      0x530 arch-blocks/hw-block/eeprom_driver.o