Archive member included because of file (symbol)

/usr/lib/gcc/avr/4.7.2/avrxmega6/libgcc.a(_muluhisi3.o)
                              arch-blocks/hw-block/soft_uart2.o (__muluhisi3)
/usr/lib/gcc/avr/4.7.2/avrxmega6/libgcc.a(_udivmodsi4.o)
                              arch-blocks/hw-block/soft_uart2.o (__udivmodsi4)
/usr/lib/gcc/avr/4.7.2/avrxmega6/libgcc.a(_exit.o)
                              /usr/lib/gcc/avr/4.7.2/../../../avr/lib/avrxmega6/crtx256a3.o (exit)
/usr/lib/gcc/avr/4.7.2/avrxmega6/libgcc.a(_copy_data.o)
                              arch-blocks/system/led.o (__do_copy_data)
/usr/lib/gcc/avr/4.7.2/avrxmega6/libgcc.a(_clear_bss.o)
                              arch-blocks/system/neighbor_count.o (__do_clear_bss)
/usr/lib/gcc/avr/4.7.2/avrxmega6/libgcc.a(_cmpdi2_s8.o)
                              arch-blocks/system/handler.o (__cmpdi2_s8)
/usr/lib/gcc/avr/4.7.2/avrxmega6/libgcc.a(_umulhisi3.o)
                              /usr/lib/gcc/avr/4.7.2/avrxmega6/libgcc.a(_muluhisi3.o) (__umulhisi3)
/usr/lib/gcc/avr/4.7.2/../../../avr/lib/avrxmega6/libc.a(abort.o)
                              arch-blocks/system/hardwaretime.o (abort)
/usr/lib/gcc/avr/4.7.2/../../../avr/lib/avrxmega6/libc.a(memcpy.o)
                              arch-blocks/system/data_link.o (memcpy)
/usr/lib/gcc/avr/4.7.2/../../../avr/lib/avrxmega6/libc.a(memset.o)
                              arch-blocks/system/data_link.o (memset)
/usr/lib/gcc/avr/4.7.2/../../../avr/lib/avrxmega6/libc.a(printf.o)
                              arch-blocks/hw-block/ext_memory.o (printf)
/usr/lib/gcc/avr/4.7.2/../../../avr/lib/avrxmega6/libc.a(vfprintf_std.o)
                              /usr/lib/gcc/avr/4.7.2/../../../avr/lib/avrxmega6/libc.a(printf.o) (vfprintf)
/usr/lib/gcc/avr/4.7.2/../../../avr/lib/avrxmega6/libc.a(strnlen_P.o)
                              /usr/lib/gcc/avr/4.7.2/../../../avr/lib/avrxmega6/libc.a(vfprintf_std.o) (strnlen_P)
/usr/lib/gcc/avr/4.7.2/../../../avr/lib/avrxmega6/libc.a(strnlen.o)
                              /usr/lib/gcc/avr/4.7.2/../../../avr/lib/avrxmega6/libc.a(vfprintf_std.o) (strnlen)
/usr/lib/gcc/avr/4.7.2/../../../avr/lib/avrxmega6/libc.a(fputc.o)
                              /usr/lib/gcc/avr/4.7.2/../../../avr/lib/avrxmega6/libc.a(vfprintf_std.o) (fputc)
/usr/lib/gcc/avr/4.7.2/../../../avr/lib/avrxmega6/libc.a(iob.o)
                              /usr/lib/gcc/avr/4.7.2/../../../avr/lib/avrxmega6/libc.a(printf.o) (__iob)
/usr/lib/gcc/avr/4.7.2/../../../avr/lib/avrxmega6/libc.a(ultoa_invert.o)
                              /usr/lib/gcc/avr/4.7.2/../../../avr/lib/avrxmega6/libc.a(vfprintf_std.o) (__ultoa_invert)

Allocating common symbols
Common symbol       size              file

conf                0x4               arch-blocks/system/memory.o
system              0x48              arch-blocks/system/handler.o
txChunks            0x120             arch-blocks/system/memory.o
_acc                0x4               arch-blocks/system/accelerometer.o
debug               0xe               arch-blocks/hw-block/hwDebug.o
rxChunks            0x120             arch-blocks/system/memory.o
currentRGB          0x3               arch-blocks/system/led.o
globalRq            0x5               arch-blocks/system/data_link.o
hwPort              0x12              arch-blocks/hw-block/hwSerial.o
twiMaster           0x11              arch-blocks/hw-block/hwAccelerometer.o
thisNeighborhood    0xc               arch-blocks/system/ensemble.o
thisTimeout         0x2               arch-blocks/system/hardwaretime.o
timerList           0x2               arch-blocks/system/hardwaretime.o
wasEscapeStore      0x6               arch-blocks/hw-block/hwDataLink.o
soft_uart           0x14              arch-blocks/hw-block/soft_uart2.o
ttNeighbor          0x66              arch-blocks/system/ensemble.o
thisChunk           0x2               arch-blocks/system/data_link.o
timeoutList         0x2               arch-blocks/system/hardwaretime.o
port                0x210             arch-blocks/system/serial.o
numFreeChunks       0x1               arch-blocks/system/memory.o
__iob               0x6               /usr/lib/gcc/avr/4.7.2/../../../avr/lib/avrxmega6/libc.a(iob.o)
timeHi              0x2               arch-blocks/hw-block/hwTime.o
currentColor        0x1               arch-blocks/system/led.o
_mic                0x2               arch-blocks/system/microphone.o

Memory Configuration

Name             Origin             Length             Attributes
text             0x0000000000000000 0x0000000000100000 xr
data             0x0000000000802000 0x000000000000ffa0 rw !x
eeprom           0x0000000000810000 0x0000000000010000 rw !x
fuse             0x0000000000820000 0x0000000000000400 rw !x
lock             0x0000000000830000 0x0000000000000400 rw !x
signature        0x0000000000840000 0x0000000000000400 rw !x
*default*        0x0000000000000000 0xffffffffffffffff

Linker script and memory map

LOAD /usr/lib/gcc/avr/4.7.2/../../../avr/lib/avrxmega6/crtx256a3.o
LOAD arch-blocks/system/neighbor_count.o
LOAD arch-blocks/system/accelerometer.o
LOAD arch-blocks/system/block.o
LOAD arch-blocks/system/block_config.o
LOAD arch-blocks/system/boot.o
LOAD arch-blocks/system/circ_buffer.o
LOAD arch-blocks/system/data_link.o
LOAD arch-blocks/system/debug.o
LOAD arch-blocks/system/ensemble.o
LOAD arch-blocks/system/handler.o
LOAD arch-blocks/system/led.o
LOAD arch-blocks/system/memory.o
LOAD arch-blocks/system/message.o
LOAD arch-blocks/system/queues.o
LOAD arch-blocks/system/serial.o
LOAD arch-blocks/system/system.o
LOAD arch-blocks/system/hardwaretime.o
LOAD arch-blocks/system/microphone.o
LOAD arch-blocks/hw-block/eeprom_driver.o
LOAD arch-blocks/hw-block/ext_memory.o
LOAD arch-blocks/hw-block/hwAccelerometer.o
LOAD arch-blocks/hw-block/hwBlockTick.o
LOAD arch-blocks/hw-block/hwBoot.o
LOAD arch-blocks/hw-block/hwDataLink.o
LOAD arch-blocks/hw-block/hwLED.o
LOAD arch-blocks/hw-block/hwMemory.o
LOAD arch-blocks/hw-block/hwSerial.o
LOAD arch-blocks/hw-block/hwTime.o
LOAD arch-blocks/hw-block/hwMicrophone.o
LOAD arch-blocks/hw-block/soft_uart2.o
LOAD arch-blocks/hw-block/system.o
LOAD arch-blocks/hw-block/twi_master_driver.o
LOAD arch-blocks/hw-block/hwDebug.o
LOAD /usr/lib/gcc/avr/4.7.2/../../../avr/lib/avrxmega6/libm.a
LOAD /usr/lib/gcc/avr/4.7.2/avrxmega6/libgcc.a
LOAD /usr/lib/gcc/avr/4.7.2/../../../avr/lib/avrxmega6/libc.a
LOAD /usr/lib/gcc/avr/4.7.2/avrxmega6/libgcc.a

.hash
 *(.hash)

.dynsym
 *(.dynsym)

.dynstr
 *(.dynstr)

.gnu.version
 *(.gnu.version)

.gnu.version_d
 *(.gnu.version_d)

.gnu.version_r
 *(.gnu.version_r)

.rel.init
 *(.rel.init)

.rela.init
 *(.rela.init)

.rel.text
 *(.rel.text)
 *(.rel.text.*)
 *(.rel.gnu.linkonce.t*)

.rela.text
 *(.rela.text)
 *(.rela.text.*)
 *(.rela.gnu.linkonce.t*)

.rel.fini
 *(.rel.fini)

.rela.fini
 *(.rela.fini)

.rel.rodata
 *(.rel.rodata)
 *(.rel.rodata.*)
 *(.rel.gnu.linkonce.r*)

.rela.rodata
 *(.rela.rodata)
 *(.rela.rodata.*)
 *(.rela.gnu.linkonce.r*)

.rel.data
 *(.rel.data)
 *(.rel.data.*)
 *(.rel.gnu.linkonce.d*)

.rela.data
 *(.rela.data)
 *(.rela.data.*)
 *(.rela.gnu.linkonce.d*)

.rel.ctors
 *(.rel.ctors)

.rela.ctors
 *(.rela.ctors)

.rel.dtors
 *(.rel.dtors)

.rela.dtors
 *(.rela.dtors)

.rel.got
 *(.rel.got)

.rela.got
 *(.rela.got)

.rel.bss
 *(.rel.bss)

.rela.bss
 *(.rela.bss)

.rel.plt
 *(.rel.plt)

.rela.plt
 *(.rela.plt)

.text           0x0000000000000000     0x354c
 *(.vectors)
 .vectors       0x0000000000000000      0x1e8 /usr/lib/gcc/avr/4.7.2/../../../avr/lib/avrxmega6/crtx256a3.o
                0x0000000000000000                __vectors
                0x0000000000000000                __vector_default
 *(.vectors)
 *(.progmem.gcc*)
 *(.progmem*)
                0x00000000000001e8                . = ALIGN (0x2)
                0x00000000000001e8                __trampolines_start = .
 *(.trampolines)
 .trampolines   0x00000000000001e8        0x0 linker stubs
 *(.trampolines*)
                0x00000000000001e8                __trampolines_end = .
 *(.jumptables)
 *(.jumptables*)
 *(.lowtext)
 *(.lowtext*)
                0x00000000000001e8                __ctors_start = .
 *(.ctors)
                0x00000000000001e8                __ctors_end = .
                0x00000000000001e8                __dtors_start = .
 *(.dtors)
                0x00000000000001e8                __dtors_end = .
 SORT(*)(.ctors)
 SORT(*)(.dtors)
 *(.init0)
 .init0         0x00000000000001e8        0x0 /usr/lib/gcc/avr/4.7.2/../../../avr/lib/avrxmega6/crtx256a3.o
                0x00000000000001e8                __init
 *(.init0)
 *(.init1)
 *(.init1)
 *(.init2)
 .init2         0x00000000000001e8       0x10 /usr/lib/gcc/avr/4.7.2/../../../avr/lib/avrxmega6/crtx256a3.o
 *(.init2)
 *(.init3)
 *(.init3)
 *(.init4)
 .init4         0x00000000000001f8       0x1a /usr/lib/gcc/avr/4.7.2/avrxmega6/libgcc.a(_copy_data.o)
                0x00000000000001f8                __do_copy_data
 .init4         0x0000000000000212       0x10 /usr/lib/gcc/avr/4.7.2/avrxmega6/libgcc.a(_clear_bss.o)
                0x0000000000000212                __do_clear_bss
 *(.init4)
 *(.init5)
 *(.init5)
 *(.init6)
 *(.init6)
 *(.init7)
 *(.init7)
 *(.init8)
 *(.init8)
 *(.init9)
 .init9         0x0000000000000222        0x8 /usr/lib/gcc/avr/4.7.2/../../../avr/lib/avrxmega6/crtx256a3.o
 *(.init9)
 *(.text)
 .text          0x000000000000022a        0x4 /usr/lib/gcc/avr/4.7.2/../../../avr/lib/avrxmega6/crtx256a3.o
                0x000000000000022a                __vector_38
                0x000000000000022a                __vector_104
                0x000000000000022a                __vector_22
                0x000000000000022a                __vector_63
                0x000000000000022a                __vector_67
                0x000000000000022a                __vector_1
                0x000000000000022a                __vector_32
                0x000000000000022a                __vector_75
                0x000000000000022a                __vector_62
                0x000000000000022a                __vector_77
                0x000000000000022a                __vector_102
                0x000000000000022a                __vector_24
                0x000000000000022a                __vector_12
                0x000000000000022a                __vector_55
                0x000000000000022a                __vector_69
                0x000000000000022a                __vector_81
                0x000000000000022a                __bad_interrupt
                0x000000000000022a                __vector_72
                0x000000000000022a                __vector_114
                0x000000000000022a                __vector_6
                0x000000000000022a                __vector_110
                0x000000000000022a                __vector_31
                0x000000000000022a                __vector_92
                0x000000000000022a                __vector_35
                0x000000000000022a                __vector_78
                0x000000000000022a                __vector_74
                0x000000000000022a                __vector_117
                0x000000000000022a                __vector_39
                0x000000000000022a                __vector_107
                0x000000000000022a                __vector_3
                0x000000000000022a                __vector_105
                0x000000000000022a                __vector_98
                0x000000000000022a                __vector_23
                0x000000000000022a                __vector_68
                0x000000000000022a                __vector_73
                0x000000000000022a                __vector_45
                0x000000000000022a                __vector_61
                0x000000000000022a                __vector_11
                0x000000000000022a                __vector_54
                0x000000000000022a                __vector_99
                0x000000000000022a                __vector_13
                0x000000000000022a                __vector_17
                0x000000000000022a                __vector_19
                0x000000000000022a                __vector_56
                0x000000000000022a                __vector_7
                0x000000000000022a                __vector_49
                0x000000000000022a                __vector_41
                0x000000000000022a                __vector_86
                0x000000000000022a                __vector_100
                0x000000000000022a                __vector_101
                0x000000000000022a                __vector_64
                0x000000000000022a                __vector_109
                0x000000000000022a                __vector_43
                0x000000000000022a                __vector_5
                0x000000000000022a                __vector_113
                0x000000000000022a                __vector_33
                0x000000000000022a                __vector_76
                0x000000000000022a                __vector_115
                0x000000000000022a                __vector_47
                0x000000000000022a                __vector_52
                0x000000000000022a                __vector_37
                0x000000000000022a                __vector_95
                0x000000000000022a                __vector_103
                0x000000000000022a                __vector_96
                0x000000000000022a                __vector_89
                0x000000000000022a                __vector_4
                0x000000000000022a                __vector_44
                0x000000000000022a                __vector_82
                0x000000000000022a                __vector_106
                0x000000000000022a                __vector_118
                0x000000000000022a                __vector_51
                0x000000000000022a                __vector_9
                0x000000000000022a                __vector_2
                0x000000000000022a                __vector_21
                0x000000000000022a                __vector_15
                0x000000000000022a                __vector_66
                0x000000000000022a                __vector_36
                0x000000000000022a                __vector_79
                0x000000000000022a                __vector_70
                0x000000000000022a                __vector_29
                0x000000000000022a                __vector_40
                0x000000000000022a                __vector_85
                0x000000000000022a                __vector_94
                0x000000000000022a                __vector_8
                0x000000000000022a                __vector_26
                0x000000000000022a                __vector_48
                0x000000000000022a                __vector_116
                0x000000000000022a                __vector_112
                0x000000000000022a                __vector_111
                0x000000000000022a                __vector_80
                0x000000000000022a                __vector_14
                0x000000000000022a                __vector_84
                0x000000000000022a                __vector_57
                0x000000000000022a                __vector_53
                0x000000000000022a                __vector_50
                0x000000000000022a                __vector_16
                0x000000000000022a                __vector_59
                0x000000000000022a                __vector_18
                0x000000000000022a                __vector_97
                0x000000000000022a                __vector_20
                0x000000000000022a                __vector_42
                0x000000000000022a                __vector_87
                0x000000000000022a                __vector_65
                0x000000000000022a                __vector_120
 .text          0x000000000000022e       0x6c arch-blocks/system/neighbor_count.o
                0x000000000000022e                myMain
                0x0000000000000274                blocktap
                0x0000000000000290                userRegistration
 .text          0x000000000000029a       0x1a arch-blocks/system/accelerometer.o
                0x000000000000029a                getAccelData
                0x00000000000002ac                newAccelData
                0x00000000000002b0                updateAccel
 .text          0x00000000000002b4       0x8e arch-blocks/system/block.o
                0x00000000000002b4                blockTick
                0x000000000000030a                initBlock
 .text          0x0000000000000342       0x22 arch-blocks/system/block_config.o
                0x0000000000000342                setUID
                0x000000000000034c                setAndStoreUID
 .text          0x0000000000000364        0x4 arch-blocks/system/boot.o
                0x0000000000000364                jumpToBootSection
 .text          0x0000000000000368       0x7a arch-blocks/system/circ_buffer.o
                0x0000000000000368                push
                0x000000000000039e                pop
                0x00000000000003d4                isEmpty
 .text          0x00000000000003e2      0x22a arch-blocks/system/data_link.o
                0x00000000000003e2                defaultMsgHandler
                0x00000000000003e6                reservedSystemHandler
                0x0000000000000408                removeFromSq
                0x0000000000000490                flushSendQueue
                0x00000000000004a8                setupChunk
                0x0000000000000520                queueChunk
                0x0000000000000584                handleOneMessage
                0x00000000000005f2                initDataLink
 .text          0x000000000000060c        0x4 arch-blocks/system/debug.o
                0x000000000000060c                initDebug
 .text          0x0000000000000610      0x5aa arch-blocks/system/ensemble.o
                0x0000000000000610                neighborKeepalive
                0x000000000000068c                neighborScan
                0x00000000000006fe                neighborScanCB
                0x0000000000000764                GUIDIntoChar
                0x000000000000076c                charToGUID
                0x000000000000077a                getNeighborCount
                0x0000000000000794                down
                0x000000000000079e                up
                0x00000000000007a8                north
                0x00000000000007b2                south
                0x00000000000007bc                east
                0x00000000000007c6                west
                0x00000000000007d0                updateNeighbor
                0x00000000000007f6                restartScan
                0x0000000000000860                handleNeighborMessage
                0x0000000000000aa0                neighborHandshakeCB
                0x0000000000000b3a                neighborKeepaliveCB
                0x0000000000000b70                initEnsemble
 .text          0x0000000000000bba      0x200 arch-blocks/system/handler.o
                0x0000000000000bba                initHandlers
                0x0000000000000bec                executeHandlers
                0x0000000000000cda                triggerHandler
                0x0000000000000d48                registerHandler
                0x0000000000000d72                unregisterHandler
                0x0000000000000d9c                callHandler
 .text          0x0000000000000dba       0x68 arch-blocks/system/led.o
                0x0000000000000dba                getColor
                0x0000000000000dc0                getNextColor
                0x0000000000000dce                setColor
                0x0000000000000df0                setNextColor
                0x0000000000000dfe                setLED
                0x0000000000000e02                setIntensity
                0x0000000000000e18                getIntensity
                0x0000000000000e1e                initLED
 .text          0x0000000000000e22       0x86 arch-blocks/system/memory.o
                0x0000000000000e22                initializeMemory
                0x0000000000000e44                freeChunk
                0x0000000000000e60                getSystemChunk
                0x0000000000000e9c                getSystemRXChunk
                0x0000000000000ea2                getSystemTXChunk
 .text          0x0000000000000ea8      0x142 arch-blocks/system/message.o
                0x0000000000000ea8                sendMessageToUid
                0x0000000000000ef6                sendMessageToPort
                0x0000000000000f2e                sendSystemMessage
                0x0000000000000fe8                initSystemMessage
 .text          0x0000000000000fea       0x16 arch-blocks/system/queues.o
                0x0000000000000fea                retrySend
 .text          0x0000000000001000       0x72 arch-blocks/system/serial.o
                0x0000000000001000                initPortQueues
                0x000000000000102c                initPorts
 .text          0x0000000000001072       0x12 arch-blocks/system/system.o
                0x0000000000001072                blockProgram
 .text          0x0000000000001084      0x354 arch-blocks/system/hardwaretime.o
                0x0000000000001084                delayMS
                0x00000000000010c8                getTime
                0x00000000000010cc                checkTimeout
                0x000000000000115e                registerTimeout
                0x00000000000011ee                deregisterTimeout
                0x0000000000001244                deregisterTimeoutByHandler
                0x000000000000129a                checkTimer
                0x00000000000012f0                registerTimer
                0x0000000000001338                deregisterTimer
                0x000000000000138e                clearTimer
                0x00000000000013bc                initTime
 .text          0x00000000000013d8        0xa arch-blocks/system/microphone.o
                0x00000000000013d8                getMicData
 .text          0x00000000000013e2      0x2bc arch-blocks/hw-block/eeprom_driver.o
                0x00000000000013e2                EEPROM_WaitForNVM
                0x00000000000013ec                EEPROM_ReadByte
                0x0000000000001446                EEPROM_FlushBuffer
                0x0000000000001476                EEPROM_WriteByte
                0x00000000000014d8                EEPROM_LoadByte
                0x000000000000150a                EEPROM_LoadPage
                0x000000000000153a                EEPROM_LoadPartialPage
                0x0000000000001590                EEPROM_AtomicWritePage
                0x00000000000015dc                EEPROM_ErasePage
                0x0000000000001628                EEPROM_SplitWritePage
                0x0000000000001674                EEPROM_EraseAll
 .text          0x000000000000169e      0x208 arch-blocks/hw-block/ext_memory.o
                0x000000000000169e                spiTxRx
                0x00000000000016b0                setSS
                0x00000000000016d8                readExtMem
                0x0000000000001788                writeExtMem
                0x000000000000182e                initFlash
                0x0000000000001830                initSRAM
                0x000000000000187c                initExtMem
 .text          0x00000000000018a6      0x306 arch-blocks/hw-block/hwAccelerometer.o
                0x00000000000018a6                newHWAccelData
                0x00000000000018c2                updateHWAccel
                0x0000000000001968                initHWAccel
                0x0000000000001aa0                __vector_34
                0x0000000000001b1e                __vector_46
                0x0000000000001b72                setAccelRegister
 .text          0x0000000000001bac       0x8e arch-blocks/hw-block/hwBlockTick.o
                0x0000000000001bac                scaryBlockTickHack
                0x0000000000001bc2                initBlockTick
                0x0000000000001bdc                __vector_108
 .text          0x0000000000001c3a       0x10 arch-blocks/hw-block/hwBoot.o
                0x0000000000001c3a                jumpToHWBootSection
 .text          0x0000000000001c4a      0x5ae arch-blocks/hw-block/hwDataLink.o
                0x0000000000001c4a                crcCalc
                0x0000000000001c72                ackHandler
                0x0000000000001cd6                addToGlobalRq
                0x0000000000001d12                isSpecial
                0x0000000000001d32                sendToBuffer
                0x0000000000001e72                processBuffer
                0x000000000000208e                nextPacket
                0x00000000000020d8                sendOnSerial
                0x00000000000021f6                initHWDataLink
 .text          0x00000000000021f8       0xb0 arch-blocks/hw-block/hwLED.o
                0x00000000000021f8                setHWLED
                0x0000000000002248                initHWLED
 .text          0x00000000000022a8       0xd8 arch-blocks/hw-block/hwMemory.o
                0x00000000000022a8                store
                0x0000000000002316                restore
                0x0000000000002360                getGUID
 .text          0x0000000000002380      0x5aa arch-blocks/hw-block/hwSerial.o
                0x0000000000002380                u_putchar
                0x000000000000238c                u_getchar
                0x00000000000023a2                pPutChar
                0x00000000000023c6                pGetChar
                0x00000000000023fa                initHWUart
                0x0000000000002410                initializeHWPort
                0x0000000000002426                initHWPorts
                0x00000000000024da                __vector_91
                0x0000000000002532                __vector_93
                0x0000000000002592                __vector_28
                0x00000000000025ea                __vector_30
                0x000000000000264a                __vector_119
                0x00000000000026a2                __vector_121
                0x0000000000002702                __vector_58
                0x000000000000275a                __vector_60
                0x00000000000027ba                __vector_25
                0x0000000000002812                __vector_27
                0x0000000000002872                __vector_88
                0x00000000000028ca                __vector_90
 .text          0x000000000000292a       0xa2 arch-blocks/hw-block/hwTime.o
                0x000000000000292a                getHWTime
                0x0000000000002962                initClock
                0x0000000000002980                initRTC
                0x0000000000002996                initHWTime
                0x000000000000299e                __vector_10
 .text          0x00000000000029cc       0xc8 arch-blocks/hw-block/hwMicrophone.o
                0x00000000000029cc                updateHWMic
                0x00000000000029ee                initHWMic
                0x0000000000002a16                rejuvenateHWMic
                0x0000000000002a2c                __vector_71
 .text          0x0000000000002a94      0x2a4 arch-blocks/hw-block/soft_uart2.o
                0x0000000000002a94                timer_set
                0x0000000000002b22                configure_soft_uart
                0x0000000000002b34                init_soft_uart
                0x0000000000002b78                su_getchar
                0x0000000000002ba4                set_tx_char
                0x0000000000002bba                su_putchar
                0x0000000000002bca                kbhit
                0x0000000000002be4                __vector_83
 .text          0x0000000000002d38        0x0 arch-blocks/hw-block/system.o
 .text          0x0000000000002d38      0x1c6 arch-blocks/hw-block/twi_master_driver.o
                0x0000000000002d38                TWI_MasterInit
                0x0000000000002d5a                TWI_MasterState
                0x0000000000002d66                TWI_MasterReady
                0x0000000000002d6e                TWI_MasterWriteRead
                0x0000000000002ddc                TWI_MasterRead
                0x0000000000002dee                TWI_MasterWrite
                0x0000000000002dfa                TWI_MasterArbitrationLostBusErrorHandler
                0x0000000000002e1c                TWI_MasterWriteHandler
                0x0000000000002e7c                TWI_MasterReadHandler
                0x0000000000002ece                TWI_MasterInterruptHandler
                0x0000000000002ef6                TWI_MasterTransactionFinished
 .text          0x0000000000002efe       0x22 arch-blocks/hw-block/hwDebug.o
                0x0000000000002efe                initDebugUart
                0x0000000000002f12                debugPutChar
                0x0000000000002f18                debugGetChar
                0x0000000000002f1e                initHWDebug
 .text          0x0000000000002f20        0x0 /usr/lib/gcc/avr/4.7.2/avrxmega6/libgcc.a(_muluhisi3.o)
 .text          0x0000000000002f20        0x0 /usr/lib/gcc/avr/4.7.2/avrxmega6/libgcc.a(_udivmodsi4.o)
 .text          0x0000000000002f20        0x0 /usr/lib/gcc/avr/4.7.2/avrxmega6/libgcc.a(_exit.o)
 .text          0x0000000000002f20        0x0 /usr/lib/gcc/avr/4.7.2/avrxmega6/libgcc.a(_copy_data.o)
 .text          0x0000000000002f20        0x0 /usr/lib/gcc/avr/4.7.2/avrxmega6/libgcc.a(_clear_bss.o)
 .text          0x0000000000002f20        0x0 /usr/lib/gcc/avr/4.7.2/avrxmega6/libgcc.a(_cmpdi2_s8.o)
 .text          0x0000000000002f20        0x0 /usr/lib/gcc/avr/4.7.2/avrxmega6/libgcc.a(_umulhisi3.o)
 .text          0x0000000000002f20        0x0 /usr/lib/gcc/avr/4.7.2/../../../avr/lib/avrxmega6/libc.a(abort.o)
 .text          0x0000000000002f20        0x0 /usr/lib/gcc/avr/4.7.2/../../../avr/lib/avrxmega6/libc.a(memcpy.o)
 .text          0x0000000000002f20        0x0 /usr/lib/gcc/avr/4.7.2/../../../avr/lib/avrxmega6/libc.a(memset.o)
 .text          0x0000000000002f20        0x0 /usr/lib/gcc/avr/4.7.2/../../../avr/lib/avrxmega6/libc.a(printf.o)
 .text          0x0000000000002f20        0x0 /usr/lib/gcc/avr/4.7.2/../../../avr/lib/avrxmega6/libc.a(vfprintf_std.o)
 .text          0x0000000000002f20        0x0 /usr/lib/gcc/avr/4.7.2/../../../avr/lib/avrxmega6/libc.a(strnlen_P.o)
 .text          0x0000000000002f20        0x0 /usr/lib/gcc/avr/4.7.2/../../../avr/lib/avrxmega6/libc.a(strnlen.o)
 .text          0x0000000000002f20        0x0 /usr/lib/gcc/avr/4.7.2/../../../avr/lib/avrxmega6/libc.a(fputc.o)
 .text          0x0000000000002f20        0x0 /usr/lib/gcc/avr/4.7.2/../../../avr/lib/avrxmega6/libc.a(iob.o)
 .text          0x0000000000002f20        0x0 /usr/lib/gcc/avr/4.7.2/../../../avr/lib/avrxmega6/libc.a(ultoa_invert.o)
                0x0000000000002f20                . = ALIGN (0x2)
 *(.text.*)
 .text.startup  0x0000000000002f20        0x4 arch-blocks/hw-block/system.o
                0x0000000000002f20                main
 .text.libgcc.mul
                0x0000000000002f24       0x16 /usr/lib/gcc/avr/4.7.2/avrxmega6/libgcc.a(_muluhisi3.o)
                0x0000000000002f24                __muluhisi3
 .text.libgcc.div
                0x0000000000002f3a        0x0 /usr/lib/gcc/avr/4.7.2/avrxmega6/libgcc.a(_muluhisi3.o)
 .text.libgcc   0x0000000000002f3a        0x0 /usr/lib/gcc/avr/4.7.2/avrxmega6/libgcc.a(_muluhisi3.o)
 .text.libgcc.prologue
                0x0000000000002f3a        0x0 /usr/lib/gcc/avr/4.7.2/avrxmega6/libgcc.a(_muluhisi3.o)
 .text.libgcc.builtins
                0x0000000000002f3a        0x0 /usr/lib/gcc/avr/4.7.2/avrxmega6/libgcc.a(_muluhisi3.o)
 .text.libgcc.fmul
                0x0000000000002f3a        0x0 /usr/lib/gcc/avr/4.7.2/avrxmega6/libgcc.a(_muluhisi3.o)
 .text.libgcc.mul
                0x0000000000002f3a        0x0 /usr/lib/gcc/avr/4.7.2/avrxmega6/libgcc.a(_udivmodsi4.o)
 .text.libgcc.div
                0x0000000000002f3a       0x44 /usr/lib/gcc/avr/4.7.2/avrxmega6/libgcc.a(_udivmodsi4.o)
                0x0000000000002f3a                __udivmodsi4
 .text.libgcc   0x0000000000002f7e        0x0 /usr/lib/gcc/avr/4.7.2/avrxmega6/libgcc.a(_udivmodsi4.o)
 .text.libgcc.prologue
                0x0000000000002f7e        0x0 /usr/lib/gcc/avr/4.7.2/avrxmega6/libgcc.a(_udivmodsi4.o)
 .text.libgcc.builtins
                0x0000000000002f7e        0x0 /usr/lib/gcc/avr/4.7.2/avrxmega6/libgcc.a(_udivmodsi4.o)
 .text.libgcc.fmul
                0x0000000000002f7e        0x0 /usr/lib/gcc/avr/4.7.2/avrxmega6/libgcc.a(_udivmodsi4.o)
 .text.libgcc.mul
                0x0000000000002f7e        0x0 /usr/lib/gcc/avr/4.7.2/avrxmega6/libgcc.a(_exit.o)
 .text.libgcc.div
                0x0000000000002f7e        0x0 /usr/lib/gcc/avr/4.7.2/avrxmega6/libgcc.a(_exit.o)
 .text.libgcc   0x0000000000002f7e        0x0 /usr/lib/gcc/avr/4.7.2/avrxmega6/libgcc.a(_exit.o)
 .text.libgcc.prologue
                0x0000000000002f7e        0x0 /usr/lib/gcc/avr/4.7.2/avrxmega6/libgcc.a(_exit.o)
 .text.libgcc.builtins
                0x0000000000002f7e        0x0 /usr/lib/gcc/avr/4.7.2/avrxmega6/libgcc.a(_exit.o)
 .text.libgcc.fmul
                0x0000000000002f7e        0x0 /usr/lib/gcc/avr/4.7.2/avrxmega6/libgcc.a(_exit.o)
 .text.libgcc.mul
                0x0000000000002f7e        0x0 /usr/lib/gcc/avr/4.7.2/avrxmega6/libgcc.a(_copy_data.o)
 .text.libgcc.div
                0x0000000000002f7e        0x0 /usr/lib/gcc/avr/4.7.2/avrxmega6/libgcc.a(_copy_data.o)
 .text.libgcc   0x0000000000002f7e        0x0 /usr/lib/gcc/avr/4.7.2/avrxmega6/libgcc.a(_copy_data.o)
 .text.libgcc.prologue
                0x0000000000002f7e        0x0 /usr/lib/gcc/avr/4.7.2/avrxmega6/libgcc.a(_copy_data.o)
 .text.libgcc.builtins
                0x0000000000002f7e        0x0 /usr/lib/gcc/avr/4.7.2/avrxmega6/libgcc.a(_copy_data.o)
 .text.libgcc.fmul
                0x0000000000002f7e        0x0 /usr/lib/gcc/avr/4.7.2/avrxmega6/libgcc.a(_copy_data.o)
 .text.libgcc.mul
                0x0000000000002f7e        0x0 /usr/lib/gcc/avr/4.7.2/avrxmega6/libgcc.a(_clear_bss.o)
 .text.libgcc.div
                0x0000000000002f7e        0x0 /usr/lib/gcc/avr/4.7.2/avrxmega6/libgcc.a(_clear_bss.o)
 .text.libgcc   0x0000000000002f7e        0x0 /usr/lib/gcc/avr/4.7.2/avrxmega6/libgcc.a(_clear_bss.o)
 .text.libgcc.prologue
                0x0000000000002f7e        0x0 /usr/lib/gcc/avr/4.7.2/avrxmega6/libgcc.a(_clear_bss.o)
 .text.libgcc.builtins
                0x0000000000002f7e        0x0 /usr/lib/gcc/avr/4.7.2/avrxmega6/libgcc.a(_clear_bss.o)
 .text.libgcc.fmul
                0x0000000000002f7e        0x0 /usr/lib/gcc/avr/4.7.2/avrxmega6/libgcc.a(_clear_bss.o)
 .text.libgcc.mul
                0x0000000000002f7e        0x0 /usr/lib/gcc/avr/4.7.2/avrxmega6/libgcc.a(_cmpdi2_s8.o)
 .text.libgcc.div
                0x0000000000002f7e        0x0 /usr/lib/gcc/avr/4.7.2/avrxmega6/libgcc.a(_cmpdi2_s8.o)
 .text.libgcc   0x0000000000002f7e       0x18 /usr/lib/gcc/avr/4.7.2/avrxmega6/libgcc.a(_cmpdi2_s8.o)
                0x0000000000002f7e                __cmpdi2_s8
 .text.libgcc.prologue
                0x0000000000002f96        0x0 /usr/lib/gcc/avr/4.7.2/avrxmega6/libgcc.a(_cmpdi2_s8.o)
 .text.libgcc.builtins
                0x0000000000002f96        0x0 /usr/lib/gcc/avr/4.7.2/avrxmega6/libgcc.a(_cmpdi2_s8.o)
 .text.libgcc.fmul
                0x0000000000002f96        0x0 /usr/lib/gcc/avr/4.7.2/avrxmega6/libgcc.a(_cmpdi2_s8.o)
 .text.libgcc.mul
                0x0000000000002f96       0x18 /usr/lib/gcc/avr/4.7.2/avrxmega6/libgcc.a(_umulhisi3.o)
                0x0000000000002f96                __umulhisi3
 .text.libgcc.div
                0x0000000000002fae        0x0 /usr/lib/gcc/avr/4.7.2/avrxmega6/libgcc.a(_umulhisi3.o)
 .text.libgcc   0x0000000000002fae        0x0 /usr/lib/gcc/avr/4.7.2/avrxmega6/libgcc.a(_umulhisi3.o)
 .text.libgcc.prologue
                0x0000000000002fae        0x0 /usr/lib/gcc/avr/4.7.2/avrxmega6/libgcc.a(_umulhisi3.o)
 .text.libgcc.builtins
                0x0000000000002fae        0x0 /usr/lib/gcc/avr/4.7.2/avrxmega6/libgcc.a(_umulhisi3.o)
 .text.libgcc.fmul
                0x0000000000002fae        0x0 /usr/lib/gcc/avr/4.7.2/avrxmega6/libgcc.a(_umulhisi3.o)
 .text.avr-libc
                0x0000000000002fae        0xa /usr/lib/gcc/avr/4.7.2/../../../avr/lib/avrxmega6/libc.a(abort.o)
                0x0000000000002fae                abort
 .text.avr-libc
                0x0000000000002fb8       0x12 /usr/lib/gcc/avr/4.7.2/../../../avr/lib/avrxmega6/libc.a(memcpy.o)
                0x0000000000002fb8                memcpy
 .text.avr-libc
                0x0000000000002fca        0xe /usr/lib/gcc/avr/4.7.2/../../../avr/lib/avrxmega6/libc.a(memset.o)
                0x0000000000002fca                memset
 .text.avr-libc
                0x0000000000002fd8       0x30 /usr/lib/gcc/avr/4.7.2/../../../avr/lib/avrxmega6/libc.a(printf.o)
                0x0000000000002fd8                printf
 .text.avr-libc
                0x0000000000003008      0x400 /usr/lib/gcc/avr/4.7.2/../../../avr/lib/avrxmega6/libc.a(vfprintf_std.o)
                0x0000000000003008                vfprintf
 .text.avr-libc
                0x0000000000003408       0x16 /usr/lib/gcc/avr/4.7.2/../../../avr/lib/avrxmega6/libc.a(strnlen_P.o)
                0x0000000000003408                strnlen_P
 .text.avr-libc
                0x000000000000341e       0x16 /usr/lib/gcc/avr/4.7.2/../../../avr/lib/avrxmega6/libc.a(strnlen.o)
                0x000000000000341e                strnlen
 .text.avr-libc
                0x0000000000003434       0x58 /usr/lib/gcc/avr/4.7.2/../../../avr/lib/avrxmega6/libc.a(fputc.o)
                0x0000000000003434                fputc
 .text.avr-libc
                0x000000000000348c       0xbc /usr/lib/gcc/avr/4.7.2/../../../avr/lib/avrxmega6/libc.a(ultoa_invert.o)
                0x000000000000348c                __ultoa_invert
                0x0000000000003548                . = ALIGN (0x2)
 *(.fini9)
 .fini9         0x0000000000003548        0x0 /usr/lib/gcc/avr/4.7.2/avrxmega6/libgcc.a(_exit.o)
                0x0000000000003548                exit
                0x0000000000003548                _exit
 *(.fini9)
 *(.fini8)
 *(.fini8)
 *(.fini7)
 *(.fini7)
 *(.fini6)
 *(.fini6)
 *(.fini5)
 *(.fini5)
 *(.fini4)
 *(.fini4)
 *(.fini3)
 *(.fini3)
 *(.fini2)
 *(.fini2)
 *(.fini1)
 *(.fini1)
 *(.fini0)
 .fini0         0x0000000000003548        0x4 /usr/lib/gcc/avr/4.7.2/avrxmega6/libgcc.a(_exit.o)
 *(.fini0)
                0x000000000000354c                _etext = .

.data           0x0000000000802000       0x28 load address 0x000000000000354c
                0x0000000000802000                PROVIDE (__data_start, .)
 *(.data)
 .data          0x0000000000802000        0x0 /usr/lib/gcc/avr/4.7.2/../../../avr/lib/avrxmega6/crtx256a3.o
 .data          0x0000000000802000        0x0 arch-blocks/system/neighbor_count.o
 .data          0x0000000000802000        0x0 arch-blocks/system/accelerometer.o
 .data          0x0000000000802000        0x0 arch-blocks/system/block.o
 .data          0x0000000000802000        0x0 arch-blocks/system/block_config.o
 .data          0x0000000000802000        0x0 arch-blocks/system/boot.o
 .data          0x0000000000802000        0x0 arch-blocks/system/circ_buffer.o
 .data          0x0000000000802000        0x0 arch-blocks/system/data_link.o
 .data          0x0000000000802000        0x0 arch-blocks/system/debug.o
 .data          0x0000000000802000        0x0 arch-blocks/system/ensemble.o
 .data          0x0000000000802000        0x0 arch-blocks/system/handler.o
 .data          0x0000000000802000       0x1c arch-blocks/system/led.o
                0x0000000000802000                currentIntensity
                0x0000000000802001                colors
 .data          0x000000000080201c        0x0 arch-blocks/system/memory.o
 .data          0x000000000080201c        0x0 arch-blocks/system/message.o
 .data          0x000000000080201c        0x0 arch-blocks/system/queues.o
 .data          0x000000000080201c        0x0 arch-blocks/system/serial.o
 .data          0x000000000080201c        0x0 arch-blocks/system/system.o
 .data          0x000000000080201c        0x0 arch-blocks/system/hardwaretime.o
 .data          0x000000000080201c        0x0 arch-blocks/system/microphone.o
 .data          0x000000000080201c        0x0 arch-blocks/hw-block/eeprom_driver.o
 .data          0x000000000080201c        0x0 arch-blocks/hw-block/ext_memory.o
 .data          0x000000000080201c        0x0 arch-blocks/hw-block/hwAccelerometer.o
 .data          0x000000000080201c        0x0 arch-blocks/hw-block/hwBlockTick.o
 .data          0x000000000080201c        0x0 arch-blocks/hw-block/hwBoot.o
 .data          0x000000000080201c        0x0 arch-blocks/hw-block/hwDataLink.o
 .data          0x000000000080201c        0x0 arch-blocks/hw-block/hwLED.o
 .data          0x000000000080201c        0x0 arch-blocks/hw-block/hwMemory.o
 .data          0x000000000080201c        0x0 arch-blocks/hw-block/hwSerial.o
 .data          0x000000000080201c        0x0 arch-blocks/hw-block/hwTime.o
 .data          0x000000000080201c        0x0 arch-blocks/hw-block/hwMicrophone.o
 .data          0x000000000080201c        0x0 arch-blocks/hw-block/soft_uart2.o
 .data          0x000000000080201c        0x0 arch-blocks/hw-block/system.o
 .data          0x000000000080201c        0x0 arch-blocks/hw-block/twi_master_driver.o
 .data          0x000000000080201c        0x0 arch-blocks/hw-block/hwDebug.o
 .data          0x000000000080201c        0x0 /usr/lib/gcc/avr/4.7.2/avrxmega6/libgcc.a(_muluhisi3.o)
 .data          0x000000000080201c        0x0 /usr/lib/gcc/avr/4.7.2/avrxmega6/libgcc.a(_udivmodsi4.o)
 .data          0x000000000080201c        0x0 /usr/lib/gcc/avr/4.7.2/avrxmega6/libgcc.a(_exit.o)
 .data          0x000000000080201c        0x0 /usr/lib/gcc/avr/4.7.2/avrxmega6/libgcc.a(_copy_data.o)
 .data          0x000000000080201c        0x0 /usr/lib/gcc/avr/4.7.2/avrxmega6/libgcc.a(_clear_bss.o)
 .data          0x000000000080201c        0x0 /usr/lib/gcc/avr/4.7.2/avrxmega6/libgcc.a(_cmpdi2_s8.o)
 .data          0x000000000080201c        0x0 /usr/lib/gcc/avr/4.7.2/avrxmega6/libgcc.a(_umulhisi3.o)
 .data          0x000000000080201c        0x0 /usr/lib/gcc/avr/4.7.2/../../../avr/lib/avrxmega6/libc.a(abort.o)
 .data          0x000000000080201c        0x0 /usr/lib/gcc/avr/4.7.2/../../../avr/lib/avrxmega6/libc.a(memcpy.o)
 .data          0x000000000080201c        0x0 /usr/lib/gcc/avr/4.7.2/../../../avr/lib/avrxmega6/libc.a(memset.o)
 .data          0x000000000080201c        0x0 /usr/lib/gcc/avr/4.7.2/../../../avr/lib/avrxmega6/libc.a(printf.o)
 .data          0x000000000080201c        0x0 /usr/lib/gcc/avr/4.7.2/../../../avr/lib/avrxmega6/libc.a(vfprintf_std.o)
 .data          0x000000000080201c        0x0 /usr/lib/gcc/avr/4.7.2/../../../avr/lib/avrxmega6/libc.a(strnlen_P.o)
 .data          0x000000000080201c        0x0 /usr/lib/gcc/avr/4.7.2/../../../avr/lib/avrxmega6/libc.a(strnlen.o)
 .data          0x000000000080201c        0x0 /usr/lib/gcc/avr/4.7.2/../../../avr/lib/avrxmega6/libc.a(fputc.o)
 .data          0x000000000080201c        0x0 /usr/lib/gcc/avr/4.7.2/../../../avr/lib/avrxmega6/libc.a(iob.o)
 .data          0x000000000080201c        0x0 /usr/lib/gcc/avr/4.7.2/../../../avr/lib/avrxmega6/libc.a(ultoa_invert.o)
 *(.data*)
 *(.rodata)
 *(.rodata*)
 .rodata.str1.1
                0x000000000080201c        0xc arch-blocks/hw-block/ext_memory.o
 *(.gnu.linkonce.d*)
                0x0000000000802028                . = ALIGN (0x2)
                0x0000000000802028                _edata = .
                0x0000000000802028                PROVIDE (__data_end, .)

.bss            0x0000000000802028      0x57f
                0x0000000000802028                PROVIDE (__bss_start, .)
 *(.bss)
 .bss           0x0000000000802028        0x0 /usr/lib/gcc/avr/4.7.2/../../../avr/lib/avrxmega6/crtx256a3.o
 .bss           0x0000000000802028        0x2 arch-blocks/system/neighbor_count.o
                0x0000000000802028                tapCount
 .bss           0x000000000080202a        0x0 arch-blocks/system/accelerometer.o
 .bss           0x000000000080202a        0x4 arch-blocks/system/block.o
                0x000000000080202a                accelReady
                0x000000000080202c                blockTickRunning
 .bss           0x000000000080202e        0x0 arch-blocks/system/block_config.o
 .bss           0x000000000080202e        0x0 arch-blocks/system/boot.o
 .bss           0x000000000080202e        0x0 arch-blocks/system/circ_buffer.o
 .bss           0x000000000080202e        0x0 arch-blocks/system/data_link.o
 .bss           0x000000000080202e        0x0 arch-blocks/system/debug.o
 .bss           0x000000000080202e        0x0 arch-blocks/system/ensemble.o
 .bss           0x000000000080202e        0x0 arch-blocks/system/handler.o
 .bss           0x000000000080202e        0x0 arch-blocks/system/led.o
 .bss           0x000000000080202e        0x0 arch-blocks/system/memory.o
 .bss           0x000000000080202e        0x0 arch-blocks/system/message.o
 .bss           0x000000000080202e        0x0 arch-blocks/system/queues.o
 .bss           0x000000000080202e        0x0 arch-blocks/system/serial.o
 .bss           0x000000000080202e        0x0 arch-blocks/system/system.o
 .bss           0x000000000080202e        0x0 arch-blocks/system/hardwaretime.o
 .bss           0x000000000080202e        0x0 arch-blocks/system/microphone.o
 .bss           0x000000000080202e        0x0 arch-blocks/hw-block/eeprom_driver.o
 .bss           0x000000000080202e        0x0 arch-blocks/hw-block/ext_memory.o
 .bss           0x000000000080202e        0x0 arch-blocks/hw-block/hwAccelerometer.o
 .bss           0x000000000080202e        0x0 arch-blocks/hw-block/hwBlockTick.o
 .bss           0x000000000080202e        0x0 arch-blocks/hw-block/hwBoot.o
 .bss           0x000000000080202e        0x0 arch-blocks/hw-block/hwDataLink.o
 .bss           0x000000000080202e        0x0 arch-blocks/hw-block/hwLED.o
 .bss           0x000000000080202e        0x0 arch-blocks/hw-block/hwMemory.o
 .bss           0x000000000080202e        0x0 arch-blocks/hw-block/hwSerial.o
 .bss           0x000000000080202e        0x0 arch-blocks/hw-block/hwTime.o
 .bss           0x000000000080202e        0x0 arch-blocks/hw-block/hwMicrophone.o
 .bss           0x000000000080202e        0x0 arch-blocks/hw-block/soft_uart2.o
 .bss           0x000000000080202e        0x0 arch-blocks/hw-block/system.o
 .bss           0x000000000080202e        0x0 arch-blocks/hw-block/twi_master_driver.o
 .bss           0x000000000080202e        0x0 arch-blocks/hw-block/hwDebug.o
 .bss           0x000000000080202e        0x0 /usr/lib/gcc/avr/4.7.2/avrxmega6/libgcc.a(_muluhisi3.o)
 .bss           0x000000000080202e        0x0 /usr/lib/gcc/avr/4.7.2/avrxmega6/libgcc.a(_udivmodsi4.o)
 .bss           0x000000000080202e        0x0 /usr/lib/gcc/avr/4.7.2/avrxmega6/libgcc.a(_exit.o)
 .bss           0x000000000080202e        0x0 /usr/lib/gcc/avr/4.7.2/avrxmega6/libgcc.a(_copy_data.o)
 .bss           0x000000000080202e        0x0 /usr/lib/gcc/avr/4.7.2/avrxmega6/libgcc.a(_clear_bss.o)
 .bss           0x000000000080202e        0x0 /usr/lib/gcc/avr/4.7.2/avrxmega6/libgcc.a(_cmpdi2_s8.o)
 .bss           0x000000000080202e        0x0 /usr/lib/gcc/avr/4.7.2/avrxmega6/libgcc.a(_umulhisi3.o)
 .bss           0x000000000080202e        0x0 /usr/lib/gcc/avr/4.7.2/../../../avr/lib/avrxmega6/libc.a(abort.o)
 .bss           0x000000000080202e        0x0 /usr/lib/gcc/avr/4.7.2/../../../avr/lib/avrxmega6/libc.a(memcpy.o)
 .bss           0x000000000080202e        0x0 /usr/lib/gcc/avr/4.7.2/../../../avr/lib/avrxmega6/libc.a(memset.o)
 .bss           0x000000000080202e        0x0 /usr/lib/gcc/avr/4.7.2/../../../avr/lib/avrxmega6/libc.a(printf.o)
 .bss           0x000000000080202e        0x0 /usr/lib/gcc/avr/4.7.2/../../../avr/lib/avrxmega6/libc.a(vfprintf_std.o)
 .bss           0x000000000080202e        0x0 /usr/lib/gcc/avr/4.7.2/../../../avr/lib/avrxmega6/libc.a(strnlen_P.o)
 .bss           0x000000000080202e        0x0 /usr/lib/gcc/avr/4.7.2/../../../avr/lib/avrxmega6/libc.a(strnlen.o)
 .bss           0x000000000080202e        0x0 /usr/lib/gcc/avr/4.7.2/../../../avr/lib/avrxmega6/libc.a(fputc.o)
 .bss           0x000000000080202e        0x0 /usr/lib/gcc/avr/4.7.2/../../../avr/lib/avrxmega6/libc.a(iob.o)
 .bss           0x000000000080202e        0x0 /usr/lib/gcc/avr/4.7.2/../../../avr/lib/avrxmega6/libc.a(ultoa_invert.o)
 *(.bss*)
 *(COMMON)
 COMMON         0x000000000080202e        0x4 arch-blocks/system/accelerometer.o
                0x000000000080202e                _acc
 COMMON         0x0000000000802032        0x7 arch-blocks/system/data_link.o
                0x0000000000802032                globalRq
                0x0000000000802037                thisChunk
 COMMON         0x0000000000802039       0x72 arch-blocks/system/ensemble.o
                0x0000000000802039                thisNeighborhood
                0x0000000000802045                ttNeighbor
 COMMON         0x00000000008020ab       0x48 arch-blocks/system/handler.o
                0x00000000008020ab                system
 COMMON         0x00000000008020f3        0x4 arch-blocks/system/led.o
                0x00000000008020f3                currentRGB
                0x00000000008020f6                currentColor
 COMMON         0x00000000008020f7      0x245 arch-blocks/system/memory.o
                0x00000000008020f7                conf
                0x00000000008020fb                txChunks
                0x000000000080221b                rxChunks
                0x000000000080233b                numFreeChunks
 COMMON         0x000000000080233c      0x210 arch-blocks/system/serial.o
                0x000000000080233c                port
 COMMON         0x000000000080254c        0x6 arch-blocks/system/hardwaretime.o
                0x000000000080254c                thisTimeout
                0x000000000080254e                timerList
                0x0000000000802550                timeoutList
 COMMON         0x0000000000802552        0x2 arch-blocks/system/microphone.o
                0x0000000000802552                _mic
 COMMON         0x0000000000802554       0x11 arch-blocks/hw-block/hwAccelerometer.o
                0x0000000000802554                twiMaster
 COMMON         0x0000000000802565        0x6 arch-blocks/hw-block/hwDataLink.o
                0x0000000000802565                wasEscapeStore
 COMMON         0x000000000080256b       0x12 arch-blocks/hw-block/hwSerial.o
                0x000000000080256b                hwPort
 COMMON         0x000000000080257d        0x2 arch-blocks/hw-block/hwTime.o
                0x000000000080257d                timeHi
 COMMON         0x000000000080257f       0x14 arch-blocks/hw-block/soft_uart2.o
                0x000000000080257f                soft_uart
 COMMON         0x0000000000802593        0xe arch-blocks/hw-block/hwDebug.o
                0x0000000000802593                debug
 COMMON         0x00000000008025a1        0x6 /usr/lib/gcc/avr/4.7.2/../../../avr/lib/avrxmega6/libc.a(iob.o)
                0x00000000008025a1                __iob
                0x00000000008025a7                PROVIDE (__bss_end, .)
                0x000000000000354c                __data_load_start = LOADADDR (.data)
                0x0000000000003574                __data_load_end = (__data_load_start + SIZEOF (.data))

.noinit         0x00000000008025a7        0x0
                0x00000000008025a7                PROVIDE (__noinit_start, .)
 *(.noinit*)
                0x00000000008025a7                PROVIDE (__noinit_end, .)
                0x00000000008025a7                _end = .
                0x00000000008025a7                PROVIDE (__heap_start, .)

.eeprom         0x0000000000810000        0x4
 *(.eeprom*)
 .eeprom        0x0000000000810000        0x4 arch-blocks/system/memory.o
                0x0000000000810000                nv_conf
                0x0000000000810004                __eeprom_end = .

.fuse
 *(.fuse)
 *(.lfuse)
 *(.hfuse)
 *(.efuse)

.lock
 *(.lock*)

.signature
 *(.signature*)

.stab           0x0000000000000000     0x1ea8
 *(.stab)
 .stab          0x0000000000000000      0x6e4 /usr/lib/gcc/avr/4.7.2/../../../avr/lib/avrxmega6/crtx256a3.o
 .stab          0x00000000000006e4       0x48 /usr/lib/gcc/avr/4.7.2/../../../avr/lib/avrxmega6/libc.a(abort.o)
                                         0x54 (size before relaxing)
 .stab          0x000000000000072c       0x84 /usr/lib/gcc/avr/4.7.2/../../../avr/lib/avrxmega6/libc.a(memcpy.o)
                                         0x90 (size before relaxing)
 .stab          0x00000000000007b0       0x6c /usr/lib/gcc/avr/4.7.2/../../../avr/lib/avrxmega6/libc.a(memset.o)
                                         0x78 (size before relaxing)
 .stab          0x000000000000081c      0x390 /usr/lib/gcc/avr/4.7.2/../../../avr/lib/avrxmega6/libc.a(printf.o)
                                        0x39c (size before relaxing)
 .stab          0x0000000000000bac      0xa44 /usr/lib/gcc/avr/4.7.2/../../../avr/lib/avrxmega6/libc.a(vfprintf_std.o)
                                        0xc24 (size before relaxing)
 .stab          0x00000000000015f0       0x9c /usr/lib/gcc/avr/4.7.2/../../../avr/lib/avrxmega6/libc.a(strnlen_P.o)
                                         0xa8 (size before relaxing)
 .stab          0x000000000000168c       0x9c /usr/lib/gcc/avr/4.7.2/../../../avr/lib/avrxmega6/libc.a(strnlen.o)
                                         0xa8 (size before relaxing)
 .stab          0x0000000000001728      0x1d4 /usr/lib/gcc/avr/4.7.2/../../../avr/lib/avrxmega6/libc.a(fputc.o)
                                        0x3b4 (size before relaxing)
 .stab          0x00000000000018fc      0x12c /usr/lib/gcc/avr/4.7.2/../../../avr/lib/avrxmega6/libc.a(iob.o)
                                        0x30c (size before relaxing)
 .stab          0x0000000000001a28      0x480 /usr/lib/gcc/avr/4.7.2/../../../avr/lib/avrxmega6/libc.a(ultoa_invert.o)
                                        0x48c (size before relaxing)

.stabstr        0x0000000000000000      0xbdd
 *(.stabstr)
 .stabstr       0x0000000000000000      0xbdd /usr/lib/gcc/avr/4.7.2/../../../avr/lib/avrxmega6/crtx256a3.o

.stab.excl
 *(.stab.excl)

.stab.exclstr
 *(.stab.exclstr)

.stab.index
 *(.stab.index)

.stab.indexstr
 *(.stab.indexstr)

.comment        0x0000000000000000       0x22
 *(.comment)
 .comment       0x0000000000000000       0x11 arch-blocks/system/neighbor_count.o
                                         0x12 (size before relaxing)
 .comment       0x0000000000000000       0x12 arch-blocks/system/accelerometer.o
 .comment       0x0000000000000000       0x12 arch-blocks/system/block.o
 .comment       0x0000000000000000       0x12 arch-blocks/system/block_config.o
 .comment       0x0000000000000000       0x12 arch-blocks/system/boot.o
 .comment       0x0000000000000000       0x12 arch-blocks/system/circ_buffer.o
 .comment       0x0000000000000000       0x12 arch-blocks/system/data_link.o
 .comment       0x0000000000000000       0x12 arch-blocks/system/debug.o
 .comment       0x0000000000000000       0x12 arch-blocks/system/ensemble.o
 .comment       0x0000000000000000       0x12 arch-blocks/system/handler.o
 .comment       0x0000000000000000       0x12 arch-blocks/system/led.o
 .comment       0x0000000000000000       0x12 arch-blocks/system/memory.o
 .comment       0x0000000000000000       0x12 arch-blocks/system/message.o
 .comment       0x0000000000000000       0x12 arch-blocks/system/queues.o
 .comment       0x0000000000000000       0x12 arch-blocks/system/serial.o
 .comment       0x0000000000000000       0x12 arch-blocks/system/system.o
 .comment       0x0000000000000000       0x12 arch-blocks/system/hardwaretime.o
 .comment       0x0000000000000000       0x12 arch-blocks/system/microphone.o
 .comment       0x0000000000000000       0x12 arch-blocks/hw-block/eeprom_driver.o
 .comment       0x0000000000000000       0x12 arch-blocks/hw-block/ext_memory.o
 .comment       0x0000000000000000       0x12 arch-blocks/hw-block/hwAccelerometer.o
 .comment       0x0000000000000000       0x12 arch-blocks/hw-block/hwBlockTick.o
 .comment       0x0000000000000000       0x12 arch-blocks/hw-block/hwBoot.o
 .comment       0x0000000000000000       0x12 arch-blocks/hw-block/hwDataLink.o
 .comment       0x0000000000000000       0x12 arch-blocks/hw-block/hwLED.o
 .comment       0x0000000000000000       0x12 arch-blocks/hw-block/hwMemory.o
 .comment       0x0000000000000000       0x12 arch-blocks/hw-block/hwSerial.o
 .comment       0x0000000000000000       0x12 arch-blocks/hw-block/hwTime.o
 .comment       0x0000000000000000       0x12 arch-blocks/hw-block/hwMicrophone.o
 .comment       0x0000000000000000       0x12 arch-blocks/hw-block/soft_uart2.o
 .comment       0x0000000000000000       0x12 arch-blocks/hw-block/system.o
 .comment       0x0000000000000000       0x12 arch-blocks/hw-block/twi_master_driver.o
 .comment       0x0000000000000000       0x12 arch-blocks/hw-block/hwDebug.o
 .comment       0x0000000000000011       0x11 /usr/lib/gcc/avr/4.7.2/../../../avr/lib/avrxmega6/libc.a(printf.o)
                                         0x12 (size before relaxing)
 .comment       0x0000000000000000       0x12 /usr/lib/gcc/avr/4.7.2/../../../avr/lib/avrxmega6/libc.a(vfprintf_std.o)
 .comment       0x0000000000000000       0x12 /usr/lib/gcc/avr/4.7.2/../../../avr/lib/avrxmega6/libc.a(fputc.o)
 .comment       0x0000000000000000       0x12 /usr/lib/gcc/avr/4.7.2/../../../avr/lib/avrxmega6/libc.a(iob.o)

.debug
 *(.debug)

.line
 *(.line)

.debug_srcinfo
 *(.debug_srcinfo)

.debug_sfnames
 *(.debug_sfnames)

.debug_aranges  0x0000000000000000      0x420
 *(.debug_aranges)
 .debug_aranges
                0x0000000000000000       0x20 arch-blocks/system/neighbor_count.o
 .debug_aranges
                0x0000000000000020       0x20 arch-blocks/system/accelerometer.o
 .debug_aranges
                0x0000000000000040       0x20 arch-blocks/system/block.o
 .debug_aranges
                0x0000000000000060       0x20 arch-blocks/system/block_config.o
 .debug_aranges
                0x0000000000000080       0x20 arch-blocks/system/boot.o
 .debug_aranges
                0x00000000000000a0       0x20 arch-blocks/system/circ_buffer.o
 .debug_aranges
                0x00000000000000c0       0x20 arch-blocks/system/data_link.o
 .debug_aranges
                0x00000000000000e0       0x20 arch-blocks/system/debug.o
 .debug_aranges
                0x0000000000000100       0x20 arch-blocks/system/ensemble.o
 .debug_aranges
                0x0000000000000120       0x20 arch-blocks/system/handler.o
 .debug_aranges
                0x0000000000000140       0x20 arch-blocks/system/led.o
 .debug_aranges
                0x0000000000000160       0x20 arch-blocks/system/memory.o
 .debug_aranges
                0x0000000000000180       0x20 arch-blocks/system/message.o
 .debug_aranges
                0x00000000000001a0       0x20 arch-blocks/system/queues.o
 .debug_aranges
                0x00000000000001c0       0x20 arch-blocks/system/serial.o
 .debug_aranges
                0x00000000000001e0       0x20 arch-blocks/system/system.o
 .debug_aranges
                0x0000000000000200       0x20 arch-blocks/system/hardwaretime.o
 .debug_aranges
                0x0000000000000220       0x20 arch-blocks/system/microphone.o
 .debug_aranges
                0x0000000000000240       0x20 arch-blocks/hw-block/eeprom_driver.o
 .debug_aranges
                0x0000000000000260       0x20 arch-blocks/hw-block/ext_memory.o
 .debug_aranges
                0x0000000000000280       0x20 arch-blocks/hw-block/hwAccelerometer.o
 .debug_aranges
                0x00000000000002a0       0x20 arch-blocks/hw-block/hwBlockTick.o
 .debug_aranges
                0x00000000000002c0       0x20 arch-blocks/hw-block/hwBoot.o
 .debug_aranges
                0x00000000000002e0       0x20 arch-blocks/hw-block/hwDataLink.o
 .debug_aranges
                0x0000000000000300       0x20 arch-blocks/hw-block/hwLED.o
 .debug_aranges
                0x0000000000000320       0x20 arch-blocks/hw-block/hwMemory.o
 .debug_aranges
                0x0000000000000340       0x20 arch-blocks/hw-block/hwSerial.o
 .debug_aranges
                0x0000000000000360       0x20 arch-blocks/hw-block/hwTime.o
 .debug_aranges
                0x0000000000000380       0x20 arch-blocks/hw-block/hwMicrophone.o
 .debug_aranges
                0x00000000000003a0       0x20 arch-blocks/hw-block/soft_uart2.o
 .debug_aranges
                0x00000000000003c0       0x20 arch-blocks/hw-block/system.o
 .debug_aranges
                0x00000000000003e0       0x20 arch-blocks/hw-block/twi_master_driver.o
 .debug_aranges
                0x0000000000000400       0x20 arch-blocks/hw-block/hwDebug.o

.debug_pubnames
 *(.debug_pubnames)

.debug_info     0x0000000000000000     0xae9e
 *(.debug_info)
 .debug_info    0x0000000000000000      0x2e0 arch-blocks/system/neighbor_count.o
 .debug_info    0x00000000000002e0      0x16d arch-blocks/system/accelerometer.o
 .debug_info    0x000000000000044d      0x2c6 arch-blocks/system/block.o
 .debug_info    0x0000000000000713      0x166 arch-blocks/system/block_config.o
 .debug_info    0x0000000000000879       0x55 arch-blocks/system/boot.o
 .debug_info    0x00000000000008ce      0x274 arch-blocks/system/circ_buffer.o
 .debug_info    0x0000000000000b42      0x7cb arch-blocks/system/data_link.o
 .debug_info    0x000000000000130d       0x94 arch-blocks/system/debug.o
 .debug_info    0x00000000000013a1      0xb8b arch-blocks/system/ensemble.o
 .debug_info    0x0000000000001f2c      0x230 arch-blocks/system/handler.o
 .debug_info    0x000000000000215c      0x39f arch-blocks/system/led.o
 .debug_info    0x00000000000024fb      0x2e8 arch-blocks/system/memory.o
 .debug_info    0x00000000000027e3      0x51e arch-blocks/system/message.o
 .debug_info    0x0000000000002d01      0x27d arch-blocks/system/queues.o
 .debug_info    0x0000000000002f7e      0x425 arch-blocks/system/serial.o
 .debug_info    0x00000000000033a3      0x1b4 arch-blocks/system/system.o
 .debug_info    0x0000000000003557      0x54c arch-blocks/system/hardwaretime.o
 .debug_info    0x0000000000003aa3       0xa7 arch-blocks/system/microphone.o
 .debug_info    0x0000000000003b4a      0x530 arch-blocks/hw-block/eeprom_driver.o
 .debug_info    0x000000000000407a      0x936 arch-blocks/hw-block/ext_memory.o
 .debug_info    0x00000000000049b0      0xa7c arch-blocks/hw-block/hwAccelerometer.o
 .debug_info    0x000000000000542c      0x7b7 arch-blocks/hw-block/hwBlockTick.o
 .debug_info    0x0000000000005be3       0xf3 arch-blocks/hw-block/hwBoot.o
 .debug_info    0x0000000000005cd6      0xa0e arch-blocks/hw-block/hwDataLink.o
 .debug_info    0x00000000000066e4      0xe23 arch-blocks/hw-block/hwLED.o
 .debug_info    0x0000000000007507      0x22f arch-blocks/hw-block/hwMemory.o
 .debug_info    0x0000000000007736      0xc48 arch-blocks/hw-block/hwSerial.o
 .debug_info    0x000000000000837e      0x4db arch-blocks/hw-block/hwTime.o
 .debug_info    0x0000000000008859      0x88c arch-blocks/hw-block/hwMicrophone.o
 .debug_info    0x00000000000090e5     0x1167 arch-blocks/hw-block/soft_uart2.o
 .debug_info    0x000000000000a24c       0xa3 arch-blocks/hw-block/system.o
 .debug_info    0x000000000000a2ef      0x8eb arch-blocks/hw-block/twi_master_driver.o
 .debug_info    0x000000000000abda      0x2c4 arch-blocks/hw-block/hwDebug.o
 *(.gnu.linkonce.wi.*)

.debug_abbrev   0x0000000000000000     0x32f2
 *(.debug_abbrev)
 .debug_abbrev  0x0000000000000000      0x133 arch-blocks/system/neighbor_count.o
 .debug_abbrev  0x0000000000000133       0xf7 arch-blocks/system/accelerometer.o
 .debug_abbrev  0x000000000000022a      0x11c arch-blocks/system/block.o
 .debug_abbrev  0x0000000000000346       0xe6 arch-blocks/system/block_config.o
 .debug_abbrev  0x000000000000042c       0x4d arch-blocks/system/boot.o
 .debug_abbrev  0x0000000000000479      0x1c8 arch-blocks/system/circ_buffer.o
 .debug_abbrev  0x0000000000000641      0x2f0 arch-blocks/system/data_link.o
 .debug_abbrev  0x0000000000000931       0x63 arch-blocks/system/debug.o
 .debug_abbrev  0x0000000000000994      0x37c arch-blocks/system/ensemble.o
 .debug_abbrev  0x0000000000000d10      0x14e arch-blocks/system/handler.o
 .debug_abbrev  0x0000000000000e5e      0x19e arch-blocks/system/led.o
 .debug_abbrev  0x0000000000000ffc      0x123 arch-blocks/system/memory.o
 .debug_abbrev  0x000000000000111f      0x1a9 arch-blocks/system/message.o
 .debug_abbrev  0x00000000000012c8       0xc7 arch-blocks/system/queues.o
 .debug_abbrev  0x000000000000138f      0x149 arch-blocks/system/serial.o
 .debug_abbrev  0x00000000000014d8       0x9d arch-blocks/system/system.o
 .debug_abbrev  0x0000000000001575      0x230 arch-blocks/system/hardwaretime.o
 .debug_abbrev  0x00000000000017a5       0x62 arch-blocks/system/microphone.o
 .debug_abbrev  0x0000000000001807      0x199 arch-blocks/hw-block/eeprom_driver.o
 .debug_abbrev  0x00000000000019a0      0x226 arch-blocks/hw-block/ext_memory.o
 .debug_abbrev  0x0000000000001bc6      0x1f7 arch-blocks/hw-block/hwAccelerometer.o
 .debug_abbrev  0x0000000000001dbd      0x13c arch-blocks/hw-block/hwBlockTick.o
 .debug_abbrev  0x0000000000001ef9       0xa6 arch-blocks/hw-block/hwBoot.o
 .debug_abbrev  0x0000000000001f9f      0x293 arch-blocks/hw-block/hwDataLink.o
 .debug_abbrev  0x0000000000002232      0x154 arch-blocks/hw-block/hwLED.o
 .debug_abbrev  0x0000000000002386      0x10b arch-blocks/hw-block/hwMemory.o
 .debug_abbrev  0x0000000000002491      0x2ce arch-blocks/hw-block/hwSerial.o
 .debug_abbrev  0x000000000000275f      0x21a arch-blocks/hw-block/hwTime.o
 .debug_abbrev  0x0000000000002979      0x1c5 arch-blocks/hw-block/hwMicrophone.o
 .debug_abbrev  0x0000000000002b3e      0x2e5 arch-blocks/hw-block/soft_uart2.o
 .debug_abbrev  0x0000000000002e23       0x67 arch-blocks/hw-block/system.o
 .debug_abbrev  0x0000000000002e8a      0x2ff arch-blocks/hw-block/twi_master_driver.o
 .debug_abbrev  0x0000000000003189      0x169 arch-blocks/hw-block/hwDebug.o

.debug_line     0x0000000000000000     0x3175
 *(.debug_line)
 .debug_line    0x0000000000000000      0x131 arch-blocks/system/neighbor_count.o
 .debug_line    0x0000000000000131      0x141 arch-blocks/system/accelerometer.o
 .debug_line    0x0000000000000272      0x211 arch-blocks/system/block.o
 .debug_line    0x0000000000000483      0x124 arch-blocks/system/block_config.o
 .debug_line    0x00000000000005a7       0xcf arch-blocks/system/boot.o
 .debug_line    0x0000000000000676      0x160 arch-blocks/system/circ_buffer.o
 .debug_line    0x00000000000007d6      0x2ad arch-blocks/system/data_link.o
 .debug_line    0x0000000000000a83       0xd1 arch-blocks/system/debug.o
 .debug_line    0x0000000000000b54      0x2b9 arch-blocks/system/ensemble.o
 .debug_line    0x0000000000000e0d      0x111 arch-blocks/system/handler.o
 .debug_line    0x0000000000000f1e      0x13c arch-blocks/system/led.o
 .debug_line    0x000000000000105a      0x11f arch-blocks/system/memory.o
 .debug_line    0x0000000000001179      0x139 arch-blocks/system/message.o
 .debug_line    0x00000000000012b2       0xfe arch-blocks/system/queues.o
 .debug_line    0x00000000000013b0      0x195 arch-blocks/system/serial.o
 .debug_line    0x0000000000001545       0xeb arch-blocks/system/system.o
 .debug_line    0x0000000000001630      0x229 arch-blocks/system/hardwaretime.o
 .debug_line    0x0000000000001859       0xc8 arch-blocks/system/microphone.o
 .debug_line    0x0000000000001921      0x194 arch-blocks/hw-block/eeprom_driver.o
 .debug_line    0x0000000000001ab5      0x1ca arch-blocks/hw-block/ext_memory.o
 .debug_line    0x0000000000001c7f      0x217 arch-blocks/hw-block/hwAccelerometer.o
 .debug_line    0x0000000000001e96      0x154 arch-blocks/hw-block/hwBlockTick.o
 .debug_line    0x0000000000001fea       0xf1 arch-blocks/hw-block/hwBoot.o
 .debug_line    0x00000000000020db      0x2e7 arch-blocks/hw-block/hwDataLink.o
 .debug_line    0x00000000000023c2      0x16b arch-blocks/hw-block/hwLED.o
 .debug_line    0x000000000000252d      0x140 arch-blocks/hw-block/hwMemory.o
 .debug_line    0x000000000000266d      0x269 arch-blocks/hw-block/hwSerial.o
 .debug_line    0x00000000000028d6      0x1af arch-blocks/hw-block/hwTime.o
 .debug_line    0x0000000000002a85      0x1b7 arch-blocks/hw-block/hwMicrophone.o
 .debug_line    0x0000000000002c3c      0x1cb arch-blocks/hw-block/soft_uart2.o
 .debug_line    0x0000000000002e07       0xca arch-blocks/hw-block/system.o
 .debug_line    0x0000000000002ed1      0x19c arch-blocks/hw-block/twi_master_driver.o
 .debug_line    0x000000000000306d      0x108 arch-blocks/hw-block/hwDebug.o

.debug_frame    0x0000000000000000     0x1784
 *(.debug_frame)
 .debug_frame   0x0000000000000000       0x44 arch-blocks/system/neighbor_count.o
 .debug_frame   0x0000000000000044       0x44 arch-blocks/system/accelerometer.o
 .debug_frame   0x0000000000000088       0x3c arch-blocks/system/block.o
 .debug_frame   0x00000000000000c4       0x34 arch-blocks/system/block_config.o
 .debug_frame   0x00000000000000f8       0x24 arch-blocks/system/boot.o
 .debug_frame   0x000000000000011c       0x44 arch-blocks/system/circ_buffer.o
 .debug_frame   0x0000000000000160       0xbc arch-blocks/system/data_link.o
 .debug_frame   0x000000000000021c       0x24 arch-blocks/system/debug.o
 .debug_frame   0x0000000000000240      0x1d4 arch-blocks/system/ensemble.o
 .debug_frame   0x0000000000000414       0xbc arch-blocks/system/handler.o
 .debug_frame   0x00000000000004d0       0x94 arch-blocks/system/led.o
 .debug_frame   0x0000000000000564       0x64 arch-blocks/system/memory.o
 .debug_frame   0x00000000000005c8       0xdc arch-blocks/system/message.o
 .debug_frame   0x00000000000006a4       0x24 arch-blocks/system/queues.o
 .debug_frame   0x00000000000006c8       0x50 arch-blocks/system/serial.o
 .debug_frame   0x0000000000000718       0x24 arch-blocks/system/system.o
 .debug_frame   0x000000000000073c      0x13c arch-blocks/system/hardwaretime.o
 .debug_frame   0x0000000000000878       0x24 arch-blocks/system/microphone.o
 .debug_frame   0x000000000000089c      0x14c arch-blocks/hw-block/eeprom_driver.o
 .debug_frame   0x00000000000009e8       0xe4 arch-blocks/hw-block/ext_memory.o
 .debug_frame   0x0000000000000acc      0x150 arch-blocks/hw-block/hwAccelerometer.o
 .debug_frame   0x0000000000000c1c       0x8c arch-blocks/hw-block/hwBlockTick.o
 .debug_frame   0x0000000000000ca8       0x24 arch-blocks/hw-block/hwBoot.o
 .debug_frame   0x0000000000000ccc      0x170 arch-blocks/hw-block/hwDataLink.o
 .debug_frame   0x0000000000000e3c       0x34 arch-blocks/hw-block/hwLED.o
 .debug_frame   0x0000000000000e70       0x94 arch-blocks/hw-block/hwMemory.o
 .debug_frame   0x0000000000000f04      0x4c0 arch-blocks/hw-block/hwSerial.o
 .debug_frame   0x00000000000013c4       0x84 arch-blocks/hw-block/hwTime.o
 .debug_frame   0x0000000000001448       0xa4 arch-blocks/hw-block/hwMicrophone.o
 .debug_frame   0x00000000000014ec      0x130 arch-blocks/hw-block/soft_uart2.o
 .debug_frame   0x000000000000161c       0x24 arch-blocks/hw-block/system.o
 .debug_frame   0x0000000000001640       0xf0 arch-blocks/hw-block/twi_master_driver.o
 .debug_frame   0x0000000000001730       0x54 arch-blocks/hw-block/hwDebug.o

.debug_str      0x0000000000000000     0x2f2d
 *(.debug_str)
 .debug_str     0x0000000000000000      0x3c1 arch-blocks/system/neighbor_count.o
                                        0x410 (size before relaxing)
 .debug_str     0x00000000000003c1       0x83 arch-blocks/system/accelerometer.o
                                        0x164 (size before relaxing)
 .debug_str     0x0000000000000444      0x12f arch-blocks/system/block.o
                                        0x24a (size before relaxing)
 .debug_str     0x0000000000000573       0x67 arch-blocks/system/block_config.o
                                        0x145 (size before relaxing)
 .debug_str     0x00000000000005da       0x2e arch-blocks/system/boot.o
                                         0x8c (size before relaxing)
 .debug_str     0x0000000000000608       0x71 arch-blocks/system/circ_buffer.o
                                        0x13f (size before relaxing)
 .debug_str     0x0000000000000679      0x1d9 arch-blocks/system/data_link.o
                                        0x3b4 (size before relaxing)
 .debug_str     0x0000000000000852       0x31 arch-blocks/system/debug.o
                                         0xe9 (size before relaxing)
 .debug_str     0x0000000000000883      0x147 arch-blocks/system/ensemble.o
                                        0x56a (size before relaxing)
 .debug_str     0x00000000000009ca       0x7e arch-blocks/system/handler.o
                                        0x1b8 (size before relaxing)
 .debug_str     0x0000000000000a48       0x9e arch-blocks/system/led.o
                                        0x1c5 (size before relaxing)
 .debug_str     0x0000000000000ae6       0x7b arch-blocks/system/memory.o
                                        0x1e1 (size before relaxing)
 .debug_str     0x0000000000000b61       0x45 arch-blocks/system/message.o
                                        0x224 (size before relaxing)
 .debug_str     0x0000000000000ba6       0x2d arch-blocks/system/queues.o
                                        0x1d0 (size before relaxing)
 .debug_str     0x0000000000000bd3       0x37 arch-blocks/system/serial.o
                                        0x27d (size before relaxing)
 .debug_str     0x0000000000000c0a       0x29 arch-blocks/system/system.o
                                        0x345 (size before relaxing)
 .debug_str     0x0000000000000c33       0xa4 arch-blocks/system/hardwaretime.o
                                        0x22e (size before relaxing)
 .debug_str     0x0000000000000cd7       0x30 arch-blocks/system/microphone.o
                                         0xfc (size before relaxing)
 .debug_str     0x0000000000000d07      0x4b5 arch-blocks/hw-block/eeprom_driver.o
                                        0x55c (size before relaxing)
 .debug_str     0x00000000000011bc      0x17a arch-blocks/hw-block/ext_memory.o
                                        0x244 (size before relaxing)
 .debug_str     0x0000000000001336      0x481 arch-blocks/hw-block/hwAccelerometer.o
                                        0x8a1 (size before relaxing)
 .debug_str     0x00000000000017b7      0x457 arch-blocks/hw-block/hwBlockTick.o
                                        0x5c1 (size before relaxing)
 .debug_str     0x0000000000001c0e       0x85 arch-blocks/hw-block/hwBoot.o
                                        0x135 (size before relaxing)
 .debug_str     0x0000000000001c93       0xf6 arch-blocks/hw-block/hwDataLink.o
                                        0x3c7 (size before relaxing)
 .debug_str     0x0000000000001d89      0x111 arch-blocks/hw-block/hwLED.o
                                        0x685 (size before relaxing)
 .debug_str     0x0000000000001e9a       0x85 arch-blocks/hw-block/hwMemory.o
                                        0x17a (size before relaxing)
 .debug_str     0x0000000000001f1f      0x2aa arch-blocks/hw-block/hwSerial.o
                                        0x5ef (size before relaxing)
 .debug_str     0x00000000000021c9      0x313 arch-blocks/hw-block/hwTime.o
                                        0x44c (size before relaxing)
 .debug_str     0x00000000000024dc      0x596 arch-blocks/hw-block/hwMicrophone.o
                                        0x7fd (size before relaxing)
 .debug_str     0x0000000000002a72      0x144 arch-blocks/hw-block/soft_uart2.o
                                        0x835 (size before relaxing)
 .debug_str     0x0000000000002bb6       0x53 arch-blocks/hw-block/system.o
                                         0xe1 (size before relaxing)
 .debug_str     0x0000000000002c09      0x28f arch-blocks/hw-block/twi_master_driver.o
                                        0x5ae (size before relaxing)
 .debug_str     0x0000000000002e98       0x95 arch-blocks/hw-block/hwDebug.o
                                        0x211 (size before relaxing)

.debug_loc      0x0000000000000000     0x4b04
 *(.debug_loc)
 .debug_loc     0x0000000000000000       0x68 arch-blocks/system/neighbor_count.o
 .debug_loc     0x0000000000000068       0x41 arch-blocks/system/block.o
 .debug_loc     0x00000000000000a9       0x32 arch-blocks/system/block_config.o
 .debug_loc     0x00000000000000db       0xff arch-blocks/system/circ_buffer.o
 .debug_loc     0x00000000000001da      0x37e arch-blocks/system/data_link.o
 .debug_loc     0x0000000000000558      0x5bb arch-blocks/system/ensemble.o
 .debug_loc     0x0000000000000b13      0x1c5 arch-blocks/system/handler.o
 .debug_loc     0x0000000000000cd8      0x1cf arch-blocks/system/led.o
 .debug_loc     0x0000000000000ea7       0xda arch-blocks/system/memory.o
 .debug_loc     0x0000000000000f81      0x5f5 arch-blocks/system/message.o
 .debug_loc     0x0000000000001576       0xac arch-blocks/system/serial.o
 .debug_loc     0x0000000000001622      0x4ae arch-blocks/system/hardwaretime.o
 .debug_loc     0x0000000000001ad0      0x555 arch-blocks/hw-block/eeprom_driver.o
 .debug_loc     0x0000000000002025      0x5c1 arch-blocks/hw-block/ext_memory.o
 .debug_loc     0x00000000000025e6      0x313 arch-blocks/hw-block/hwAccelerometer.o
 .debug_loc     0x00000000000028f9       0xcb arch-blocks/hw-block/hwBlockTick.o
 .debug_loc     0x00000000000029c4      0x724 arch-blocks/hw-block/hwDataLink.o
 .debug_loc     0x00000000000030e8       0x39 arch-blocks/hw-block/hwLED.o
 .debug_loc     0x0000000000003121      0x280 arch-blocks/hw-block/hwMemory.o
 .debug_loc     0x00000000000033a1      0xc39 arch-blocks/hw-block/hwSerial.o
 .debug_loc     0x0000000000003fda       0xb6 arch-blocks/hw-block/hwTime.o
 .debug_loc     0x0000000000004090      0x105 arch-blocks/hw-block/hwMicrophone.o
 .debug_loc     0x0000000000004195      0x358 arch-blocks/hw-block/soft_uart2.o
 .debug_loc     0x00000000000044ed      0x5a8 arch-blocks/hw-block/twi_master_driver.o
 .debug_loc     0x0000000000004a95       0x6f arch-blocks/hw-block/hwDebug.o

.debug_macinfo
 *(.debug_macinfo)
OUTPUT(arch-blocks/neighbor_count.elf elf32-avr)
LOAD linker stubs

.debug_ranges   0x0000000000000000      0x118
 .debug_ranges  0x0000000000000000       0x30 arch-blocks/system/circ_buffer.o
 .debug_ranges  0x0000000000000030       0x18 arch-blocks/system/data_link.o
 .debug_ranges  0x0000000000000048       0x60 arch-blocks/system/ensemble.o
 .debug_ranges  0x00000000000000a8       0x18 arch-blocks/hw-block/hwAccelerometer.o
 .debug_ranges  0x00000000000000c0       0x30 arch-blocks/hw-block/hwDataLink.o
 .debug_ranges  0x00000000000000f0       0x18 arch-blocks/hw-block/hwSerial.o
 .debug_ranges  0x0000000000000108       0x10 arch-blocks/hw-block/system.o

Cross Reference Table

Symbol                                            File
EEPROM_AtomicWritePage                            arch-blocks/hw-block/eeprom_driver.o
                                                  arch-blocks/hw-block/hwMemory.o
[...]
                                                  arch-blocks/system/block_config.o
configure_soft_uart                               arch-blocks/hw-block/soft_uart2.o
crcCalc                                           arch-blocks/hw-block/hwDataLink.o
currentColor                                      arch-blocks/system/led.o
currentIntensity                                  arch-blocks/system/led.o
currentRGB                                        arch-blocks/hw-block/hwLED.o
                                                  arch-blocks/system/led.o
debug                                             arch-blocks/hw-block/hwDebug.o
debugGetChar                                      arch-blocks/hw-block/hwDebug.o
debugPutChar                                      arch-blocks/hw-block/hwDebug.o
defaultMsgHandler                                 arch-blocks/system/data_link.o
delayMS                                           arch-blocks/system/hardwaretime.o
deregisterTimeout                                 arch-blocks/system/hardwaretime.o
                                                  arch-blocks/hw-block/hwDataLink.o
                                                  arch-blocks/system/ensemble.o
deregisterTimeoutByHandler                        arch-blocks/system/hardwaretime.o
deregisterTimer                                   arch-blocks/system/hardwaretime.o
down                                              arch-blocks/system/ensemble.o
east                                              arch-blocks/system/ensemble.o
executeHandlers                                   arch-blocks/system/handler.o
                                                  arch-blocks/system/block.o
exit                                              /usr/lib/gcc/avr/4.7.2/avrxmega6/libgcc.a(_exit.o)
                                                  /usr/lib/gcc/avr/4.7.2/../../../avr/lib/avrxmega6/crtx256a3.o
flushSendQueue                                    arch-blocks/system/data_link.o
                                                  arch-blocks/hw-block/hwDataLink.o
fputc                                             /usr/lib/gcc/avr/4.7.2/../../../avr/lib/avrxmega6/libc.a(fputc.o)
                                                  /usr/lib/gcc/avr/4.7.2/../../../avr/lib/avrxmega6/libc.a(vfprintf_std.o)
freeChunk                                         arch-blocks/system/memory.o
                                                  arch-blocks/hw-block/hwDataLink.o
                                                  arch-blocks/system/message.o
                                                  arch-blocks/system/ensemble.o
                                                  arch-blocks/system/data_link.o
getAccelData                                      arch-blocks/system/accelerometer.o
getColor                                          arch-blocks/system/led.o
getGUID                                           arch-blocks/hw-block/hwMemory.o
                                                  arch-blocks/system/ensemble.o
getHWTime                                         arch-blocks/hw-block/hwTime.o
                                                  arch-blocks/system/hardwaretime.o
getIntensity                                      arch-blocks/system/led.o
getMicData                                        arch-blocks/system/microphone.o
getNeighborCount                                  arch-blocks/system/ensemble.o
                                                  arch-blocks/system/neighbor_count.o
getNextColor                                      arch-blocks/system/led.o
getSystemChunk                                    arch-blocks/system/memory.o
getSystemRXChunk                                  arch-blocks/system/memory.o
                                                  arch-blocks/hw-block/hwDataLink.o
getSystemTXChunk                                  arch-blocks/system/memory.o
                                                  arch-blocks/system/message.o
getTime                                           arch-blocks/system/hardwaretime.o
                                                  arch-blocks/hw-block/hwDataLink.o
globalRq                                          arch-blocks/hw-block/hwDataLink.o
                                                  arch-blocks/system/data_link.o
handleNeighborMessage                             arch-blocks/system/ensemble.o
                                                  arch-blocks/system/data_link.o
handleOneMessage                                  arch-blocks/system/data_link.o
                                                  arch-blocks/system/block.o
hwPort                                            arch-blocks/hw-block/hwSerial.o
initBlock                                         arch-blocks/system/block.o
                                                  arch-blocks/system/system.o
initBlockTick                                     arch-blocks/hw-block/hwBlockTick.o
                                                  arch-blocks/system/block.o
initClock                                         arch-blocks/hw-block/hwTime.o
initDataLink                                      arch-blocks/system/data_link.o
                                                  arch-blocks/system/block.o
initDebug                                         arch-blocks/system/debug.o
initDebugUart                                     arch-blocks/hw-block/hwDebug.o
initEnsemble                                      arch-blocks/system/ensemble.o
                                                  arch-blocks/system/block.o
initExtMem                                        arch-blocks/hw-block/ext_memory.o
initFlash                                         arch-blocks/hw-block/ext_memory.o
initHWAccel                                       arch-blocks/hw-block/hwAccelerometer.o
                                                  arch-blocks/system/block.o
initHWDataLink                                    arch-blocks/hw-block/hwDataLink.o
                                                  arch-blocks/system/data_link.o
initHWDebug                                       arch-blocks/hw-block/hwDebug.o
                                                  arch-blocks/system/debug.o
initHWLED                                         arch-blocks/hw-block/hwLED.o
                                                  arch-blocks/system/led.o
                                                  arch-blocks/system/block.o
initHWMic                                         arch-blocks/hw-block/hwMicrophone.o
                                                  arch-blocks/system/block.o
initHWPorts                                       arch-blocks/hw-block/hwSerial.o
                                                  arch-blocks/system/serial.o
initHWTime                                        arch-blocks/hw-block/hwTime.o
                                                  arch-blocks/system/hardwaretime.o
initHWUart                                        arch-blocks/hw-block/hwSerial.o
initHandlers                                      arch-blocks/system/handler.o
                                                  arch-blocks/system/block.o
initLED                                           arch-blocks/system/led.o
initPortQueues                                    arch-blocks/system/serial.o
initPorts                                         arch-blocks/system/serial.o
                                                  arch-blocks/system/block.o
initRTC                                           arch-blocks/hw-block/hwTime.o
initSRAM                                          arch-blocks/hw-block/ext_memory.o
initSystemMessage                                 arch-blocks/system/message.o
                                                  arch-blocks/system/block.o
initTime                                          arch-blocks/system/hardwaretime.o
                                                  arch-blocks/system/block.o
init_soft_uart                                    arch-blocks/hw-block/soft_uart2.o
initializeHWPort                                  arch-blocks/hw-block/hwSerial.o
initializeMemory                                  arch-blocks/system/memory.o
                                                  arch-blocks/system/block.o
isEmpty                                           arch-blocks/system/circ_buffer.o
                                                  arch-blocks/hw-block/soft_uart2.o
                                                  arch-blocks/hw-block/hwDataLink.o
isSpecial                                         arch-blocks/hw-block/hwDataLink.o
jumpToBootSection                                 arch-blocks/system/boot.o
                                                  arch-blocks/system/data_link.o
                                                  arch-blocks/system/neighbor_count.o
jumpToHWBootSection                               arch-blocks/hw-block/hwBoot.o
                                                  arch-blocks/system/boot.o
kbhit                                             arch-blocks/hw-block/soft_uart2.o
main                                              arch-blocks/hw-block/system.o
                                                  /usr/lib/gcc/avr/4.7.2/../../../avr/lib/avrxmega6/crtx256a3.o
memcpy                                            /usr/lib/gcc/avr/4.7.2/../../../avr/lib/avrxmega6/libc.a(memcpy.o)
                                                  arch-blocks/system/data_link.o
memset                                            /usr/lib/gcc/avr/4.7.2/../../../avr/lib/avrxmega6/libc.a(memset.o)
                                                  arch-blocks/system/data_link.o
myMain                                            arch-blocks/system/neighbor_count.o
neighborHandshakeCB                               arch-blocks/system/ensemble.o
neighborKeepalive                                 arch-blocks/system/ensemble.o
neighborKeepaliveCB                               arch-blocks/system/ensemble.o
neighborScan                                      arch-blocks/system/ensemble.o
neighborScanCB                                    arch-blocks/system/ensemble.o
newAccelData                                      arch-blocks/system/accelerometer.o
                                                  arch-blocks/system/block.o
newHWAccelData                                    arch-blocks/hw-block/hwAccelerometer.o
                                                  arch-blocks/system/accelerometer.o
nextPacket                                        arch-blocks/hw-block/hwDataLink.o
                                                  arch-blocks/system/data_link.o
north                                             arch-blocks/system/ensemble.o
numFreeChunks                                     arch-blocks/system/memory.o
nv_conf                                           arch-blocks/system/memory.o
                                                  arch-blocks/system/block_config.o
pGetChar                                          arch-blocks/hw-block/hwSerial.o
pPutChar                                          arch-blocks/hw-block/hwSerial.o
                                                  arch-blocks/hw-block/hwDataLink.o
pop                                               arch-blocks/system/circ_buffer.o
                                                  arch-blocks/hw-block/soft_uart2.o
                                                  arch-blocks/hw-block/hwSerial.o
                                                  arch-blocks/hw-block/hwDataLink.o
port                                              arch-blocks/hw-block/hwSerial.o
                                                  arch-blocks/hw-block/hwDataLink.o
                                                  arch-blocks/system/serial.o
                                                  arch-blocks/system/data_link.o
printf                                            /usr/lib/gcc/avr/4.7.2/../../../avr/lib/avrxmega6/libc.a(printf.o)
                                                  arch-blocks/hw-block/ext_memory.o
processBuffer                                     arch-blocks/hw-block/hwDataLink.o
                                                  arch-blocks/system/block.o
push                                              arch-blocks/system/circ_buffer.o
                                                  arch-blocks/hw-block/soft_uart2.o
                                                  arch-blocks/hw-block/hwSerial.o
                                                  arch-blocks/hw-block/hwDataLink.o
queueChunk                                        arch-blocks/system/data_link.o
                                                  arch-blocks/system/message.o
readExtMem                                        arch-blocks/hw-block/ext_memory.o
registerHandler                                   arch-blocks/system/handler.o
                                                  arch-blocks/system/neighbor_count.o
registerTimeout                                   arch-blocks/system/hardwaretime.o
                                                  arch-blocks/hw-block/hwDataLink.o
registerTimer                                     arch-blocks/system/hardwaretime.o
                                                  arch-blocks/system/ensemble.o
rejuvenateHWMic                                   arch-blocks/hw-block/hwMicrophone.o
removeFromSq                                      arch-blocks/system/data_link.o
                                                  arch-blocks/hw-block/hwDataLink.o
reservedSystemHandler                             arch-blocks/system/data_link.o
restartScan                                       arch-blocks/system/ensemble.o
restore                                           arch-blocks/hw-block/hwMemory.o
retrySend                                         arch-blocks/system/queues.o
                                                  arch-blocks/system/serial.o
rxChunks                                          arch-blocks/system/memory.o
scaryBlockTickHack                                arch-blocks/hw-block/hwBlockTick.o
sendMessageToPort                                 arch-blocks/system/message.o
sendMessageToUid                                  arch-blocks/system/message.o
sendOnSerial                                      arch-blocks/hw-block/hwDataLink.o
                                                  arch-blocks/system/block.o
sendSystemMessage                                 arch-blocks/system/message.o
                                                  arch-blocks/system/ensemble.o
sendToBuffer                                      arch-blocks/hw-block/hwDataLink.o
setAccelRegister                                  arch-blocks/hw-block/hwAccelerometer.o
setAndStoreUID                                    arch-blocks/system/block_config.o
setColor                                          arch-blocks/system/led.o
                                                  arch-blocks/system/neighbor_count.o
setHWLED                                          arch-blocks/hw-block/hwLED.o
                                                  arch-blocks/system/led.o
setIntensity                                      arch-blocks/system/led.o
setLED                                            arch-blocks/system/led.o
setNextColor                                      arch-blocks/system/led.o
setSS                                             arch-blocks/hw-block/ext_memory.o
setUID                                            arch-blocks/system/block_config.o
set_tx_char                                       arch-blocks/hw-block/soft_uart2.o
setupChunk                                        arch-blocks/system/data_link.o
                                                  arch-blocks/system/message.o
soft_uart                                         arch-blocks/hw-block/soft_uart2.o
south                                             arch-blocks/system/ensemble.o
spiTxRx                                           arch-blocks/hw-block/ext_memory.o
store                                             arch-blocks/hw-block/hwMemory.o
                                                  arch-blocks/system/block_config.o
strnlen                                           /usr/lib/gcc/avr/4.7.2/../../../avr/lib/avrxmega6/libc.a(strnlen.o)
                                                  /usr/lib/gcc/avr/4.7.2/../../../avr/lib/avrxmega6/libc.a(vfprintf_std.o)
strnlen_P                                         /usr/lib/gcc/avr/4.7.2/../../../avr/lib/avrxmega6/libc.a(strnlen_P.o)
                                                  /usr/lib/gcc/avr/4.7.2/../../../avr/lib/avrxmega6/libc.a(vfprintf_std.o)
su_getchar                                        arch-blocks/hw-block/soft_uart2.o
su_putchar                                        arch-blocks/hw-block/soft_uart2.o
system                                            arch-blocks/system/handler.o
tapCount                                          arch-blocks/system/neighbor_count.o
thisChunk                                         arch-blocks/system/ensemble.o
                                                  arch-blocks/system/data_link.o
thisNeighborhood                                  arch-blocks/system/message.o
                                                  arch-blocks/system/ensemble.o
thisTimeout                                       arch-blocks/system/hardwaretime.o
                                                  arch-blocks/system/queues.o
                                                  arch-blocks/system/ensemble.o
timeHi                                            arch-blocks/hw-block/hwTime.o
timeoutList                                       arch-blocks/system/hardwaretime.o
timerList                                         arch-blocks/system/hardwaretime.o
timer_set                                         arch-blocks/hw-block/soft_uart2.o
triggerHandler                                    arch-blocks/system/handler.o
                                                  arch-blocks/hw-block/hwAccelerometer.o
                                                  arch-blocks/system/ensemble.o
ttNeighbor                                        arch-blocks/system/ensemble.o
twiMaster                                         arch-blocks/hw-block/hwAccelerometer.o
txChunks                                          arch-blocks/system/memory.o
u_getchar                                         arch-blocks/hw-block/hwSerial.o
u_putchar                                         arch-blocks/hw-block/hwSerial.o
unregisterHandler                                 arch-blocks/system/handler.o
up                                                arch-blocks/system/ensemble.o
updateAccel                                       arch-blocks/system/accelerometer.o
                                                  arch-blocks/system/block.o
updateHWAccel                                     arch-blocks/hw-block/hwAccelerometer.o
                                                  arch-blocks/system/accelerometer.o
updateHWMic                                       arch-blocks/hw-block/hwMicrophone.o
updateNeighbor                                    arch-blocks/system/ensemble.o
userRegistration                                  arch-blocks/system/neighbor_count.o
                                                  arch-blocks/system/system.o
vfprintf                                          /usr/lib/gcc/avr/4.7.2/../../../avr/lib/avrxmega6/libc.a(vfprintf_std.o)
                                                  /usr/lib/gcc/avr/4.7.2/../../../avr/lib/avrxmega6/libc.a(printf.o)
wasEscapeStore                                    arch-blocks/hw-block/hwDataLink.o
west                                              arch-blocks/system/ensemble.o
writeExtMem                                       arch-blocks/hw-block/ext_memory.o
