Archive member included because of file (symbol)

/usr/lib/gcc/avr/4.7.2/../../../avr/lib/avrxmega6/libprintf_flt.a(vfprintf_flt.o)
                              (vfprintf)
/usr/lib/gcc/avr/4.7.2/../../../avr/lib/avrxmega6/libm.a(addsf3.o)
                              arch-blocks/system/clock.o (__subsf3)
/usr/lib/gcc/avr/4.7.2/../../../avr/lib/avrxmega6/libm.a(addsf3x.o)
                              /usr/lib/gcc/avr/4.7.2/../../../avr/lib/avrxmega6/libm.a(addsf3.o) (__addsf3x)
/usr/lib/gcc/avr/4.7.2/../../../avr/lib/avrxmega6/libm.a(divsf3.o)
                              arch-blocks/system/clock.o (__divsf3)
/usr/lib/gcc/avr/4.7.2/../../../avr/lib/avrxmega6/libm.a(divsf3x.o)
                              /usr/lib/gcc/avr/4.7.2/../../../avr/lib/avrxmega6/libm.a(divsf3.o) (__divsf3x)
/usr/lib/gcc/avr/4.7.2/../../../avr/lib/avrxmega6/libm.a(fixsfsi.o)
                              arch-blocks/system/clock.o (__fixsfsi)
/usr/lib/gcc/avr/4.7.2/../../../avr/lib/avrxmega6/libm.a(fixunssfsi.o)
                              arch-blocks/system/clock.o (__fixunssfsi)
/usr/lib/gcc/avr/4.7.2/../../../avr/lib/avrxmega6/libm.a(floatsisf.o)
                              arch-blocks/system/clock.o (__floatunsisf)
/usr/lib/gcc/avr/4.7.2/../../../avr/lib/avrxmega6/libm.a(fmax.o)
                              arch-blocks/system/clock.o (fmax)
/usr/lib/gcc/avr/4.7.2/../../../avr/lib/avrxmega6/libm.a(fp_inf.o)
                              /usr/lib/gcc/avr/4.7.2/../../../avr/lib/avrxmega6/libm.a(addsf3x.o) (__fp_inf)
/usr/lib/gcc/avr/4.7.2/../../../avr/lib/avrxmega6/libm.a(fp_nan.o)
                              /usr/lib/gcc/avr/4.7.2/../../../avr/lib/avrxmega6/libm.a(addsf3x.o) (__fp_nan)
/usr/lib/gcc/avr/4.7.2/../../../avr/lib/avrxmega6/libm.a(fp_pscA.o)
                              /usr/lib/gcc/avr/4.7.2/../../../avr/lib/avrxmega6/libm.a(addsf3x.o) (__fp_pscA)
/usr/lib/gcc/avr/4.7.2/../../../avr/lib/avrxmega6/libm.a(fp_pscB.o)
                              /usr/lib/gcc/avr/4.7.2/../../../avr/lib/avrxmega6/libm.a(addsf3x.o) (__fp_pscB)
/usr/lib/gcc/avr/4.7.2/../../../avr/lib/avrxmega6/libm.a(fp_round.o)
                              /usr/lib/gcc/avr/4.7.2/../../../avr/lib/avrxmega6/libm.a(addsf3.o) (__fp_round)
/usr/lib/gcc/avr/4.7.2/../../../avr/lib/avrxmega6/libm.a(fp_split3.o)
                              /usr/lib/gcc/avr/4.7.2/../../../avr/lib/avrxmega6/libm.a(addsf3x.o) (__fp_split3)
/usr/lib/gcc/avr/4.7.2/../../../avr/lib/avrxmega6/libm.a(fp_zero.o)
                              /usr/lib/gcc/avr/4.7.2/../../../avr/lib/avrxmega6/libm.a(addsf3x.o) (__fp_zero)
/usr/lib/gcc/avr/4.7.2/../../../avr/lib/avrxmega6/libm.a(mulsf3.o)
                              arch-blocks/system/clock.o (__mulsf3)
/usr/lib/gcc/avr/4.7.2/../../../avr/lib/avrxmega6/libm.a(mulsf3x.o)
                              /usr/lib/gcc/avr/4.7.2/../../../avr/lib/avrxmega6/libm.a(mulsf3.o) (__mulsf3x)
/usr/lib/gcc/avr/4.7.2/../../../avr/lib/avrxmega6/libm.a(round.o)
                              arch-blocks/system/clock.o (round)
/usr/lib/gcc/avr/4.7.2/../../../avr/lib/avrxmega6/libm.a(fp_mintl.o)
                              /usr/lib/gcc/avr/4.7.2/../../../avr/lib/avrxmega6/libm.a(round.o) (__fp_mintl)
/usr/lib/gcc/avr/4.7.2/../../../avr/lib/avrxmega6/libm.a(fp_mpack.o)
                              /usr/lib/gcc/avr/4.7.2/../../../avr/lib/avrxmega6/libm.a(round.o) (__fp_mpack)
/usr/lib/gcc/avr/4.7.2/avrxmega6/libgcc.a(_muluhisi3.o)
                              arch-blocks/hw-block/soft_uart2.o (__muluhisi3)
/usr/lib/gcc/avr/4.7.2/avrxmega6/libgcc.a(_udivmodqi4.o)
                              arch-blocks/system/log.o (__udivmodqi4)
/usr/lib/gcc/avr/4.7.2/avrxmega6/libgcc.a(_udivmodhi4.o)
                              arch-blocks/system/clock.o (__udivmodhi4)
/usr/lib/gcc/avr/4.7.2/avrxmega6/libgcc.a(_divmodhi4.o)
                              arch-blocks/system/log.o (__divmodhi4)
/usr/lib/gcc/avr/4.7.2/avrxmega6/libgcc.a(_udivmodsi4.o)
                              arch-blocks/hw-block/soft_uart2.o (__udivmodsi4)
/usr/lib/gcc/avr/4.7.2/avrxmega6/libgcc.a(_exit.o)
                              /usr/lib/gcc/avr/4.7.2/../../../avr/lib/avrxmega6/crtx256a3.o (exit)
/usr/lib/gcc/avr/4.7.2/avrxmega6/libgcc.a(_copy_data.o)
                              arch-blocks/system/test.o (__do_copy_data)
/usr/lib/gcc/avr/4.7.2/avrxmega6/libgcc.a(_clear_bss.o)
                              arch-blocks/system/accelerometer.o (__do_clear_bss)
/usr/lib/gcc/avr/4.7.2/avrxmega6/libgcc.a(_cmpdi2_s8.o)
                              arch-blocks/system/handler.o (__cmpdi2_s8)
/usr/lib/gcc/avr/4.7.2/avrxmega6/libgcc.a(_umulhisi3.o)
                              /usr/lib/gcc/avr/4.7.2/avrxmega6/libgcc.a(_muluhisi3.o) (__umulhisi3)
/usr/lib/gcc/avr/4.7.2/../../../avr/lib/avrxmega6/libc.a(calloc.o)
                              arch-blocks/system/log.o (calloc)
/usr/lib/gcc/avr/4.7.2/../../../avr/lib/avrxmega6/libc.a(malloc.o)
[...]
Memory Configuration

Name             Origin             Length             Attributes
text             0x0000000000000000 0x0000000000100000 xr
data             0x0000000000802000 0x000000000000ffa0 rw !x
eeprom           0x0000000000810000 0x0000000000010000 rw !x
fuse             0x0000000000820000 0x0000000000000400 rw !x
lock             0x0000000000830000 0x0000000000000400 rw !x
signature        0x0000000000840000 0x0000000000000400 rw !x
*default*        0x0000000000000000 0xffffffffffffffff

Linker script and memory map

LOAD /usr/lib/gcc/avr/4.7.2/../../../avr/lib/avrxmega6/crtx256a3.o
LOAD /usr/lib/gcc/avr/4.7.2/../../../avr/lib/avrxmega6/libprintf_flt.a
LOAD /usr/lib/gcc/avr/4.7.2/../../../avr/lib/avrxmega6/libm.a
LOAD arch-blocks/system/test.o
LOAD arch-blocks/system/accelerometer.o
LOAD arch-blocks/system/block.o
LOAD arch-blocks/system/block_config.o
LOAD arch-blocks/system/boot.o
LOAD arch-blocks/system/circ_buffer.o
LOAD arch-blocks/system/data_link.o
LOAD arch-blocks/system/debug.o
LOAD arch-blocks/system/ensemble.o
LOAD arch-blocks/system/handler.o
LOAD arch-blocks/system/led.o
LOAD arch-blocks/system/memory.o
LOAD arch-blocks/system/message.o
LOAD arch-blocks/system/queues.o
LOAD arch-blocks/system/serial.o
LOAD arch-blocks/system/system.o
LOAD arch-blocks/system/hardwaretime.o
LOAD arch-blocks/system/microphone.o
LOAD arch-blocks/system/log.o
LOAD arch-blocks/system/clock.o
LOAD arch-blocks/hw-block/eeprom_driver.o
LOAD arch-blocks/hw-block/ext_memory.o
LOAD arch-blocks/hw-block/hwAccelerometer.o
LOAD arch-blocks/hw-block/hwBlockTick.o
LOAD arch-blocks/hw-block/hwBoot.o
LOAD arch-blocks/hw-block/hwDataLink.o
LOAD arch-blocks/hw-block/hwLED.o
LOAD arch-blocks/hw-block/hwMemory.o
LOAD arch-blocks/hw-block/hwSerial.o
LOAD arch-blocks/hw-block/hwTime.o
LOAD arch-blocks/hw-block/hwMicrophone.o
LOAD arch-blocks/hw-block/soft_uart2.o
LOAD arch-blocks/hw-block/system.o
LOAD arch-blocks/hw-block/twi_master_driver.o
LOAD arch-blocks/hw-block/hwDebug.o
LOAD /usr/lib/gcc/avr/4.7.2/../../../avr/lib/avrxmega6/libm.a
LOAD /usr/lib/gcc/avr/4.7.2/avrxmega6/libgcc.a
LOAD /usr/lib/gcc/avr/4.7.2/../../../avr/lib/avrxmega6/libc.a
LOAD /usr/lib/gcc/avr/4.7.2/avrxmega6/libgcc.a

.hash
 *(.hash)

.dynsym
 *(.dynsym)

.dynstr
 *(.dynstr)

.gnu.version
 *(.gnu.version)

.gnu.version_d
 *(.gnu.version_d)

.gnu.version_r
 *(.gnu.version_r)

.rel.init
 *(.rel.init)

.rela.init
 *(.rela.init)

.rel.text
 *(.rel.text)
 *(.rel.text.*)
 *(.rel.gnu.linkonce.t*)

.rela.text
 *(.rela.text)
 *(.rela.text.*)
 *(.rela.gnu.linkonce.t*)

.rel.fini
 *(.rel.fini)

.rela.fini
 *(.rela.fini)

.rel.rodata
 *(.rel.rodata)
 *(.rel.rodata.*)
 *(.rel.gnu.linkonce.r*)

.rela.rodata
 *(.rela.rodata)
 *(.rela.rodata.*)
 *(.rela.gnu.linkonce.r*)

.rel.data
 *(.rel.data)
 *(.rel.data.*)
 *(.rel.gnu.linkonce.d*)

.rela.data
 *(.rela.data)
 *(.rela.data.*)
 *(.rela.gnu.linkonce.d*)

.rel.ctors
 *(.rel.ctors)

.rela.ctors
 *(.rela.ctors)

.rel.dtors
 *(.rel.dtors)

.rela.dtors
 *(.rela.dtors)

.rel.got
 *(.rel.got)

.rela.got
 *(.rela.got)

.rel.bss
 *(.rel.bss)

.rela.bss
 *(.rela.bss)

.rel.plt
 *(.rel.plt)

.rela.plt
 *(.rela.plt)

.text           0x0000000000000000     0x5414
 *(.vectors)
 .vectors       0x0000000000000000      0x1e8 /usr/lib/gcc/avr/4.7.2/../../../avr/lib/avrxmega6/crtx256a3.o
                0x0000000000000000                __vectors
                0x0000000000000000                __vector_default
 *(.vectors)
 *(.progmem.gcc*)
 *(.progmem*)
 .progmem.data  0x00000000000001e8        0x8 /usr/lib/gcc/avr/4.7.2/../../../avr/lib/avrxmega6/libprintf_flt.a(vfprintf_flt.o)
 .progmem.data  0x00000000000001f0       0xfa /usr/lib/gcc/avr/4.7.2/../../../avr/lib/avrxmega6/libc.a(ftoa_engine.o)
                0x00000000000002ea                . = ALIGN (0x2)
                0x00000000000002ea                __trampolines_start = .
 *(.trampolines)
 .trampolines   0x00000000000002ea        0x0 linker stubs
 *(.trampolines*)
                0x00000000000002ea                __trampolines_end = .
 *(.jumptables)
 *(.jumptables*)
 *(.lowtext)
 *(.lowtext*)
                0x00000000000002ea                __ctors_start = .
 *(.ctors)
                0x00000000000002ea                __ctors_end = .
                0x00000000000002ea                __dtors_start = .
 *(.dtors)
                0x00000000000002ea                __dtors_end = .
 SORT(*)(.ctors)
 SORT(*)(.dtors)
 *(.init0)
 .init0         0x00000000000002ea        0x0 /usr/lib/gcc/avr/4.7.2/../../../avr/lib/avrxmega6/crtx256a3.o
                0x00000000000002ea                __init
 *(.init0)
 *(.init1)
 *(.init1)
 *(.init2)
 .init2         0x00000000000002ea       0x10 /usr/lib/gcc/avr/4.7.2/../../../avr/lib/avrxmega6/crtx256a3.o
 *(.init2)
 *(.init3)
 *(.init3)
 *(.init4)
 .init4         0x00000000000002fa       0x1a /usr/lib/gcc/avr/4.7.2/avrxmega6/libgcc.a(_copy_data.o)
                0x00000000000002fa                __do_copy_data
 .init4         0x0000000000000314       0x10 /usr/lib/gcc/avr/4.7.2/avrxmega6/libgcc.a(_clear_bss.o)
                0x0000000000000314                __do_clear_bss
 *(.init4)
 *(.init5)
 *(.init5)
 *(.init6)
 *(.init6)
 *(.init7)
 *(.init7)
 *(.init8)
 *(.init8)
 *(.init9)
 .init9         0x0000000000000324        0x8 /usr/lib/gcc/avr/4.7.2/../../../avr/lib/avrxmega6/crtx256a3.o
 *(.init9)
 *(.text)
 .text          0x000000000000032c        0x4 /usr/lib/gcc/avr/4.7.2/../../../avr/lib/avrxmega6/crtx256a3.o
                0x000000000000032c                __vector_38
                0x000000000000032c                __vector_104
                0x000000000000032c                __vector_22
                0x000000000000032c                __vector_63
                0x000000000000032c                __vector_67
                0x000000000000032c                __vector_1
                0x000000000000032c                __vector_32
                0x000000000000032c                __vector_75
                0x000000000000032c                __vector_62
                0x000000000000032c                __vector_77
                0x000000000000032c                __vector_102
                0x000000000000032c                __vector_24
                0x000000000000032c                __vector_12
                0x000000000000032c                __vector_55
                0x000000000000032c                __vector_69
                0x000000000000032c                __vector_81
                0x000000000000032c                __bad_interrupt
                0x000000000000032c                __vector_72
                0x000000000000032c                __vector_114
                0x000000000000032c                __vector_6
                0x000000000000032c                __vector_110
                0x000000000000032c                __vector_31
                0x000000000000032c                __vector_92
                0x000000000000032c                __vector_35
                0x000000000000032c                __vector_78
                0x000000000000032c                __vector_74
                0x000000000000032c                __vector_117
                0x000000000000032c                __vector_39
                0x000000000000032c                __vector_107
                0x000000000000032c                __vector_3
                0x000000000000032c                __vector_105
                0x000000000000032c                __vector_98
                0x000000000000032c                __vector_23
                0x000000000000032c                __vector_68
                0x000000000000032c                __vector_73
                0x000000000000032c                __vector_45
                0x000000000000032c                __vector_61
                0x000000000000032c                __vector_11
                0x000000000000032c                __vector_54
                0x000000000000032c                __vector_99
                0x000000000000032c                __vector_13
                0x000000000000032c                __vector_17
                0x000000000000032c                __vector_19
                0x000000000000032c                __vector_56
                0x000000000000032c                __vector_7
                0x000000000000032c                __vector_49
                0x000000000000032c                __vector_41
                0x000000000000032c                __vector_86
                0x000000000000032c                __vector_100
                0x000000000000032c                __vector_101
                0x000000000000032c                __vector_64
                0x000000000000032c                __vector_109
                0x000000000000032c                __vector_43
                0x000000000000032c                __vector_5
                0x000000000000032c                __vector_113
                0x000000000000032c                __vector_33
                0x000000000000032c                __vector_76
                0x000000000000032c                __vector_115
                0x000000000000032c                __vector_47
                0x000000000000032c                __vector_52
                0x000000000000032c                __vector_37
                0x000000000000032c                __vector_95
                0x000000000000032c                __vector_103
                0x000000000000032c                __vector_96
                0x000000000000032c                __vector_89
                0x000000000000032c                __vector_4
                0x000000000000032c                __vector_44
                0x000000000000032c                __vector_82
                0x000000000000032c                __vector_106
                0x000000000000032c                __vector_118
                0x000000000000032c                __vector_51
                0x000000000000032c                __vector_9
                0x000000000000032c                __vector_2
                0x000000000000032c                __vector_21
                0x000000000000032c                __vector_15
                0x000000000000032c                __vector_66
                0x000000000000032c                __vector_36
                0x000000000000032c                __vector_79
                0x000000000000032c                __vector_70
                0x000000000000032c                __vector_29
                0x000000000000032c                __vector_40
                0x000000000000032c                __vector_85
                0x000000000000032c                __vector_94
                0x000000000000032c                __vector_8
                0x000000000000032c                __vector_26
                0x000000000000032c                __vector_48
                0x000000000000032c                __vector_116
                0x000000000000032c                __vector_112
                0x000000000000032c                __vector_111
                0x000000000000032c                __vector_80
                0x000000000000032c                __vector_14
                0x000000000000032c                __vector_84
                0x000000000000032c                __vector_57
                0x000000000000032c                __vector_53
                0x000000000000032c                __vector_50
                0x000000000000032c                __vector_16
                0x000000000000032c                __vector_59
                0x000000000000032c                __vector_18
                0x000000000000032c                __vector_97
                0x000000000000032c                __vector_20
                0x000000000000032c                __vector_42
                0x000000000000032c                __vector_87
                0x000000000000032c                __vector_65
                0x000000000000032c                __vector_120
 .text          0x0000000000000330        0x0 /usr/lib/gcc/avr/4.7.2/../../../avr/lib/avrxmega6/libprintf_flt.a(vfprintf_flt.o)
 .text          0x0000000000000330       0xfc arch-blocks/system/test.o
                0x0000000000000330                myMain
                0x0000000000000338                getCmdData
                0x0000000000000418                userRegistration
 .text          0x000000000000042c       0x1a arch-blocks/system/accelerometer.o
                0x000000000000042c                getAccelData
                0x000000000000043e                newAccelData
                0x0000000000000442                updateAccel
 .text          0x0000000000000446       0x92 arch-blocks/system/block.o
                0x0000000000000446                blockTick
                0x000000000000049c                initBlock
 .text          0x00000000000004d8       0x22 arch-blocks/system/block_config.o
                0x00000000000004d8                setUID
                0x00000000000004e2                setAndStoreUID
 .text          0x00000000000004fa        0x4 arch-blocks/system/boot.o
                0x00000000000004fa                jumpToBootSection
 .text          0x00000000000004fe       0x7a arch-blocks/system/circ_buffer.o
                0x00000000000004fe                push
                0x0000000000000534                pop
                0x000000000000056a                isEmpty
 .text          0x0000000000000578      0x248 arch-blocks/system/data_link.o
                0x0000000000000578                defaultMsgHandler
                0x000000000000057c                reservedSystemHandler
                0x00000000000005aa                removeFromSq
                0x0000000000000632                flushSendQueue
                0x000000000000065c                setupChunk
                0x00000000000006d4                queueChunk
                0x0000000000000738                handleOneMessage
                0x00000000000007a6                initDataLink
 .text          0x00000000000007c0        0x4 arch-blocks/system/debug.o
                0x00000000000007c0                initDebug
 .text          0x00000000000007c4      0x5e6 arch-blocks/system/ensemble.o
                0x00000000000007c4                neighborKeepalive
                0x0000000000000840                neighborScan
                0x00000000000008bc                neighborScanCB
                0x0000000000000936                GUIDIntoChar
                0x000000000000093e                charToGUID
                0x000000000000094c                getNeighborCount
                0x0000000000000966                down
                0x0000000000000970                up
                0x000000000000097a                north
                0x0000000000000984                south
                0x000000000000098e                east
                0x0000000000000998                west
                0x00000000000009a2                updateNeighbor
                0x00000000000009e6                restartScan
                0x0000000000000a50                handleNeighborMessage
                0x0000000000000c90                neighborHandshakeCB
                0x0000000000000d2a                neighborKeepaliveCB
                0x0000000000000d60                initEnsemble
 .text          0x0000000000000daa      0x200 arch-blocks/system/handler.o
                0x0000000000000daa                initHandlers
                0x0000000000000ddc                executeHandlers
                0x0000000000000eca                triggerHandler
                0x0000000000000f38                registerHandler
                0x0000000000000f62                unregisterHandler
                0x0000000000000f8c                callHandler
 .text          0x0000000000000faa       0x68 arch-blocks/system/led.o
                0x0000000000000faa                getColor
                0x0000000000000fb0                getNextColor
                0x0000000000000fbe                setColor
                0x0000000000000fe0                setNextColor
                0x0000000000000fee                setLED
                0x0000000000000ff2                setIntensity
                0x0000000000001008                getIntensity
                0x000000000000100e                initLED
 .text          0x0000000000001012       0x86 arch-blocks/system/memory.o
                0x0000000000001012                initializeMemory
                0x0000000000001034                freeChunk
                0x0000000000001050                getSystemChunk
                0x000000000000108c                getSystemRXChunk
                0x0000000000001092                getSystemTXChunk
 .text          0x0000000000001098      0x142 arch-blocks/system/message.o
                0x0000000000001098                sendMessageToUid
                0x00000000000010e6                sendMessageToPort
                0x000000000000111e                sendSystemMessage
                0x00000000000011d8                initSystemMessage
 .text          0x00000000000011da       0x16 arch-blocks/system/queues.o
                0x00000000000011da                retrySend
 .text          0x00000000000011f0       0x72 arch-blocks/system/serial.o
                0x00000000000011f0                initPortQueues
                0x000000000000121c                initPorts
 .text          0x0000000000001262       0x12 arch-blocks/system/system.o
                0x0000000000001262                blockProgram
 .text          0x0000000000001274      0x354 arch-blocks/system/hardwaretime.o
                0x0000000000001274                delayMS
                0x00000000000012b8                getTime
                0x00000000000012bc                checkTimeout
                0x000000000000134e                registerTimeout
                0x00000000000013de                deregisterTimeout
                0x0000000000001434                deregisterTimeoutByHandler
                0x000000000000148a                checkTimer
                0x00000000000014e0                registerTimer
                0x0000000000001528                deregisterTimer
                0x000000000000157e                clearTimer
                0x00000000000015ac                initTime
 .text          0x00000000000015c8        0xa arch-blocks/system/microphone.o
                0x00000000000015c8                getMicData
 .text          0x00000000000015d2      0x49a arch-blocks/system/log.o
                0x00000000000015d2                freeLogChunk
                0x00000000000015de                freeMyChunk
                0x00000000000015ea                sendMyChunk
                0x0000000000001660                processCmd
                0x00000000000016ac                myMsgHandler
                0x00000000000016b0                isHostPort
                0x00000000000016ca                sendLogChunk
                0x0000000000001740                sendPathToHost
                0x000000000000176a                spreadPathToHost
                0x000000000000179e                forwardToHost
                0x00000000000017b0                initLogDebug
                0x000000000000182e                handleLogMessage
                0x00000000000018ae                getSize
                0x00000000000018e2                printDebug
                0x0000000000001a4a                blockingPrintDebug
 .text          0x0000000000001a6c      0x9de arch-blocks/system/clock.o
                0x0000000000001a6c                freeClockChunk
                0x0000000000001a78                printSlope
                0x0000000000001a7a                getClockForTime
                0x0000000000001acc                getEstimatedGlobalClock
                0x0000000000001b22                getClock
                0x0000000000001b72                isTimeLeader
                0x0000000000001b78                isElecting
                0x0000000000001b7e                isAClockSyncMessage
                0x0000000000001b9a                insertReceiveTime
                0x0000000000001bb2                insertSendTime
                0x0000000000001bca                isSynchronized
                0x0000000000001bfa                initSTChildren
                0x0000000000001c14                setSlave
                0x0000000000001c2c                scheduleLeaderElection
                0x0000000000001c6e                handleNeighborChange
                0x0000000000001c7a                initClock
                0x0000000000001cfc                sendClockChunk
                0x0000000000001d72                sendGoMsg
                0x0000000000001db4                sendBackMsg
                0x0000000000001e04                synchronizeNeighbor
                0x0000000000001e30                synchronizeNeighbors
                0x0000000000001e7c                setLeader
                0x0000000000001ebc                requestSync
                0x0000000000001ee6                broadcastClockChunk
                0x0000000000001f3c                broadcastGoMsg
                0x0000000000001f7e                startLeaderElection
                0x0000000000001ff0                handleClockSyncMessage
 .text          0x000000000000244a      0x2bc arch-blocks/hw-block/eeprom_driver.o
                0x000000000000244a                EEPROM_WaitForNVM
                0x0000000000002454                EEPROM_ReadByte
                0x00000000000024ae                EEPROM_FlushBuffer
                0x00000000000024de                EEPROM_WriteByte
                0x0000000000002540                EEPROM_LoadByte
                0x0000000000002572                EEPROM_LoadPage
                0x00000000000025a2                EEPROM_LoadPartialPage
                0x00000000000025f8                EEPROM_AtomicWritePage
                0x0000000000002644                EEPROM_ErasePage
                0x0000000000002690                EEPROM_SplitWritePage
                0x00000000000026dc                EEPROM_EraseAll
 .text          0x0000000000002706      0x208 arch-blocks/hw-block/ext_memory.o
                0x0000000000002706                spiTxRx
                0x0000000000002718                setSS
                0x0000000000002740                readExtMem
                0x00000000000027f0                writeExtMem
                0x0000000000002896                initFlash
                0x0000000000002898                initSRAM
                0x00000000000028e4                initExtMem
 .text          0x000000000000290e      0x306 arch-blocks/hw-block/hwAccelerometer.o
                0x000000000000290e                newHWAccelData
                0x000000000000292a                updateHWAccel
                0x00000000000029d0                initHWAccel
                0x0000000000002b08                __vector_34
                0x0000000000002b86                __vector_46
                0x0000000000002bda                setAccelRegister
 .text          0x0000000000002c14       0x8e arch-blocks/hw-block/hwBlockTick.o
                0x0000000000002c14                scaryBlockTickHack
                0x0000000000002c2a                initBlockTick
                0x0000000000002c44                __vector_108
 .text          0x0000000000002ca2       0x10 arch-blocks/hw-block/hwBoot.o
                0x0000000000002ca2                jumpToHWBootSection
 .text          0x0000000000002cb2      0x5ae arch-blocks/hw-block/hwDataLink.o
                0x0000000000002cb2                crcCalc
                0x0000000000002cda                ackHandler
                0x0000000000002d3e                addToGlobalRq
                0x0000000000002d7a                isSpecial
                0x0000000000002d9a                sendToBuffer
                0x0000000000002eda                processBuffer
                0x00000000000030f6                nextPacket
                0x0000000000003140                sendOnSerial
                0x000000000000325e                initHWDataLink
 .text          0x0000000000003260       0xb0 arch-blocks/hw-block/hwLED.o
                0x0000000000003260                setHWLED
                0x00000000000032b0                initHWLED
 .text          0x0000000000003310       0xd8 arch-blocks/hw-block/hwMemory.o
                0x0000000000003310                store
                0x000000000000337e                restore
                0x00000000000033c8                getGUID
 .text          0x00000000000033e8      0x5aa arch-blocks/hw-block/hwSerial.o
                0x00000000000033e8                u_putchar
                0x00000000000033f4                u_getchar
                0x000000000000340a                pPutChar
                0x000000000000342e                pGetChar
                0x0000000000003462                initHWUart
                0x0000000000003478                initializeHWPort
                0x000000000000348e                initHWPorts
                0x0000000000003542                __vector_91
                0x000000000000359a                __vector_93
                0x00000000000035fa                __vector_28
                0x0000000000003652                __vector_30
                0x00000000000036b2                __vector_119
                0x000000000000370a                __vector_121
                0x000000000000376a                __vector_58
                0x00000000000037c2                __vector_60
                0x0000000000003822                __vector_25
                0x000000000000387a                __vector_27
                0x00000000000038da                __vector_88
                0x0000000000003932                __vector_90
 .text          0x0000000000003992       0xba arch-blocks/hw-block/hwTime.o
                0x0000000000003992                getHWTime
                0x00000000000039ca                initHWClock
                0x00000000000039e8                initHWRTC
                0x0000000000003a16                initHWTime
                0x0000000000003a1e                __vector_10
 .text          0x0000000000003a4c       0xc8 arch-blocks/hw-block/hwMicrophone.o
                0x0000000000003a4c                updateHWMic
                0x0000000000003a6e                initHWMic
                0x0000000000003a96                rejuvenateHWMic
                0x0000000000003aac                __vector_71
 .text          0x0000000000003b14      0x2a4 arch-blocks/hw-block/soft_uart2.o
                0x0000000000003b14                timer_set
                0x0000000000003ba2                configure_soft_uart
                0x0000000000003bb4                init_soft_uart
                0x0000000000003bf8                su_getchar
                0x0000000000003c24                set_tx_char
                0x0000000000003c3a                su_putchar
                0x0000000000003c4a                kbhit
                0x0000000000003c64                __vector_83
 .text          0x0000000000003db8        0x0 arch-blocks/hw-block/system.o
 .text          0x0000000000003db8      0x1c6 arch-blocks/hw-block/twi_master_driver.o
                0x0000000000003db8                TWI_MasterInit
                0x0000000000003dda                TWI_MasterState
                0x0000000000003de6                TWI_MasterReady
                0x0000000000003dee                TWI_MasterWriteRead
                0x0000000000003e5c                TWI_MasterRead
                0x0000000000003e6e                TWI_MasterWrite
                0x0000000000003e7a                TWI_MasterArbitrationLostBusErrorHandler
                0x0000000000003e9c                TWI_MasterWriteHandler
                0x0000000000003efc                TWI_MasterReadHandler
                0x0000000000003f4e                TWI_MasterInterruptHandler
                0x0000000000003f76                TWI_MasterTransactionFinished
 .text          0x0000000000003f7e       0x22 arch-blocks/hw-block/hwDebug.o
                0x0000000000003f7e                initDebugUart
                0x0000000000003f92                debugPutChar
                0x0000000000003f98                debugGetChar
                0x0000000000003f9e                initHWDebug
 .text          0x0000000000003fa0        0x0 /usr/lib/gcc/avr/4.7.2/../../../avr/lib/avrxmega6/libm.a(addsf3.o)
 .text          0x0000000000003fa0        0x0 /usr/lib/gcc/avr/4.7.2/../../../avr/lib/avrxmega6/libm.a(addsf3x.o)
 .text          0x0000000000003fa0        0x0 /usr/lib/gcc/avr/4.7.2/../../../avr/lib/avrxmega6/libm.a(divsf3.o)
 .text          0x0000000000003fa0        0x0 /usr/lib/gcc/avr/4.7.2/../../../avr/lib/avrxmega6/libm.a(divsf3x.o)
 .text          0x0000000000003fa0        0x0 /usr/lib/gcc/avr/4.7.2/../../../avr/lib/avrxmega6/libm.a(fixsfsi.o)
 .text          0x0000000000003fa0        0x0 /usr/lib/gcc/avr/4.7.2/../../../avr/lib/avrxmega6/libm.a(fixunssfsi.o)
 .text          0x0000000000003fa0        0x0 /usr/lib/gcc/avr/4.7.2/../../../avr/lib/avrxmega6/libm.a(floatsisf.o)
 .text          0x0000000000003fa0        0x0 /usr/lib/gcc/avr/4.7.2/../../../avr/lib/avrxmega6/libm.a(fmax.o)
 .text          0x0000000000003fa0        0x0 /usr/lib/gcc/avr/4.7.2/../../../avr/lib/avrxmega6/libm.a(fp_inf.o)
 .text          0x0000000000003fa0        0x0 /usr/lib/gcc/avr/4.7.2/../../../avr/lib/avrxmega6/libm.a(fp_nan.o)
 .text          0x0000000000003fa0        0x0 /usr/lib/gcc/avr/4.7.2/../../../avr/lib/avrxmega6/libm.a(fp_pscA.o)
 .text          0x0000000000003fa0        0x0 /usr/lib/gcc/avr/4.7.2/../../../avr/lib/avrxmega6/libm.a(fp_pscB.o)
 .text          0x0000000000003fa0        0x0 /usr/lib/gcc/avr/4.7.2/../../../avr/lib/avrxmega6/libm.a(fp_round.o)
 .text          0x0000000000003fa0        0x0 /usr/lib/gcc/avr/4.7.2/../../../avr/lib/avrxmega6/libm.a(fp_split3.o)
 .text          0x0000000000003fa0        0x0 /usr/lib/gcc/avr/4.7.2/../../../avr/lib/avrxmega6/libm.a(fp_zero.o)
 .text          0x0000000000003fa0        0x0 /usr/lib/gcc/avr/4.7.2/../../../avr/lib/avrxmega6/libm.a(mulsf3.o)
 .text          0x0000000000003fa0        0x0 /usr/lib/gcc/avr/4.7.2/../../../avr/lib/avrxmega6/libm.a(mulsf3x.o)
 .text          0x0000000000003fa0        0x0 /usr/lib/gcc/avr/4.7.2/../../../avr/lib/avrxmega6/libm.a(round.o)
 .text          0x0000000000003fa0        0x0 /usr/lib/gcc/avr/4.7.2/../../../avr/lib/avrxmega6/libm.a(fp_mintl.o)
 .text          0x0000000000003fa0        0x0 /usr/lib/gcc/avr/4.7.2/../../../avr/lib/avrxmega6/libm.a(fp_mpack.o)
 .text          0x0000000000003fa0        0x0 /usr/lib/gcc/avr/4.7.2/avrxmega6/libgcc.a(_muluhisi3.o)
 .text          0x0000000000003fa0        0x0 /usr/lib/gcc/avr/4.7.2/avrxmega6/libgcc.a(_udivmodqi4.o)
 .text          0x0000000000003fa0        0x0 /usr/lib/gcc/avr/4.7.2/avrxmega6/libgcc.a(_udivmodhi4.o)
 .text          0x0000000000003fa0        0x0 /usr/lib/gcc/avr/4.7.2/avrxmega6/libgcc.a(_divmodhi4.o)
 .text          0x0000000000003fa0        0x0 /usr/lib/gcc/avr/4.7.2/avrxmega6/libgcc.a(_udivmodsi4.o)
 .text          0x0000000000003fa0        0x0 /usr/lib/gcc/avr/4.7.2/avrxmega6/libgcc.a(_exit.o)
 .text          0x0000000000003fa0        0x0 /usr/lib/gcc/avr/4.7.2/avrxmega6/libgcc.a(_copy_data.o)
 .text          0x0000000000003fa0        0x0 /usr/lib/gcc/avr/4.7.2/avrxmega6/libgcc.a(_clear_bss.o)
 .text          0x0000000000003fa0        0x0 /usr/lib/gcc/avr/4.7.2/avrxmega6/libgcc.a(_cmpdi2_s8.o)
 .text          0x0000000000003fa0        0x0 /usr/lib/gcc/avr/4.7.2/avrxmega6/libgcc.a(_umulhisi3.o)
 .text          0x0000000000003fa0        0x0 /usr/lib/gcc/avr/4.7.2/../../../avr/lib/avrxmega6/libc.a(calloc.o)
 .text          0x0000000000003fa0        0x0 /usr/lib/gcc/avr/4.7.2/../../../avr/lib/avrxmega6/libc.a(malloc.o)
 .text          0x0000000000003fa0        0x0 /usr/lib/gcc/avr/4.7.2/../../../avr/lib/avrxmega6/libc.a(rand.o)
 .text          0x0000000000003fa0        0x0 /usr/lib/gcc/avr/4.7.2/../../../avr/lib/avrxmega6/libc.a(abort.o)
 .text          0x0000000000003fa0        0x0 /usr/lib/gcc/avr/4.7.2/../../../avr/lib/avrxmega6/libc.a(ftoa_engine.o)
 .text          0x0000000000003fa0        0x0 /usr/lib/gcc/avr/4.7.2/../../../avr/lib/avrxmega6/libc.a(strnlen_P.o)
 .text          0x0000000000003fa0        0x0 /usr/lib/gcc/avr/4.7.2/../../../avr/lib/avrxmega6/libc.a(memcpy.o)
 .text          0x0000000000003fa0        0x0 /usr/lib/gcc/avr/4.7.2/../../../avr/lib/avrxmega6/libc.a(memset.o)
 .text          0x0000000000003fa0        0x0 /usr/lib/gcc/avr/4.7.2/../../../avr/lib/avrxmega6/libc.a(strcpy.o)
 .text          0x0000000000003fa0        0x0 /usr/lib/gcc/avr/4.7.2/../../../avr/lib/avrxmega6/libc.a(strnlen.o)
 .text          0x0000000000003fa0        0x0 /usr/lib/gcc/avr/4.7.2/../../../avr/lib/avrxmega6/libc.a(fputc.o)
 .text          0x0000000000003fa0        0x0 /usr/lib/gcc/avr/4.7.2/../../../avr/lib/avrxmega6/libc.a(printf.o)
 .text          0x0000000000003fa0        0x0 /usr/lib/gcc/avr/4.7.2/../../../avr/lib/avrxmega6/libc.a(snprintf.o)
 .text          0x0000000000003fa0        0x0 /usr/lib/gcc/avr/4.7.2/../../../avr/lib/avrxmega6/libc.a(ultoa_invert.o)
 .text          0x0000000000003fa0        0x0 /usr/lib/gcc/avr/4.7.2/../../../avr/lib/avrxmega6/libc.a(iob.o)
 .text          0x0000000000003fa0        0x0 /usr/lib/gcc/avr/4.7.2/avrxmega6/libgcc.a(_mulshisi3.o)
 .text          0x0000000000003fa0        0x0 /usr/lib/gcc/avr/4.7.2/avrxmega6/libgcc.a(_divmodsi4.o)
                0x0000000000003fa0                . = ALIGN (0x2)
 *(.text.*)
 .text.avr-libc
                0x0000000000003fa0      0x74e /usr/lib/gcc/avr/4.7.2/../../../avr/lib/avrxmega6/libprintf_flt.a(vfprintf_flt.o)
                0x0000000000003fa0                vfprintf
 .text.startup  0x00000000000046ee        0x4 arch-blocks/hw-block/system.o
                0x00000000000046ee                main
 .text.avr-libc.fplib
                0x00000000000046f2        0xa /usr/lib/gcc/avr/4.7.2/../../../avr/lib/avrxmega6/libm.a(addsf3.o)
                0x00000000000046f2                __subsf3
                0x00000000000046f4                __addsf3
 .text.avr-libc.fplib
                0x00000000000046fc       0xc0 /usr/lib/gcc/avr/4.7.2/../../../avr/lib/avrxmega6/libm.a(addsf3x.o)
                0x0000000000004716                __addsf3x
 .text.avr-libc.fplib
                0x00000000000047bc        0x4 /usr/lib/gcc/avr/4.7.2/../../../avr/lib/avrxmega6/libm.a(divsf3.o)
                0x00000000000047bc                __divsf3
 .text.avr-libc.fplib
                0x00000000000047c0       0xcc /usr/lib/gcc/avr/4.7.2/../../../avr/lib/avrxmega6/libm.a(divsf3x.o)
                0x00000000000047d6                __divsf3x
                0x00000000000047da                __divsf3_pse
 .text.avr-libc.fplib
                0x000000000000488c        0xa /usr/lib/gcc/avr/4.7.2/../../../avr/lib/avrxmega6/libm.a(fixsfsi.o)
                0x000000000000488c                __fixsfsi
 .text.avr-libc.fplib
                0x0000000000004896       0x58 /usr/lib/gcc/avr/4.7.2/../../../avr/lib/avrxmega6/libm.a(fixunssfsi.o)
                0x0000000000004896                __fixunssfsi
 .text.avr-libc.fplib
                0x00000000000048ee       0x7a /usr/lib/gcc/avr/4.7.2/../../../avr/lib/avrxmega6/libm.a(floatsisf.o)
                0x00000000000048ee                __floatunsisf
                0x00000000000048f2                __floatsisf
 .text.avr-libc.fplib
                0x0000000000004968       0x3e /usr/lib/gcc/avr/4.7.2/../../../avr/lib/avrxmega6/libm.a(fmax.o)
                0x0000000000004968                fmax
 .text.avr-libc.fplib
                0x00000000000049a6        0xc /usr/lib/gcc/avr/4.7.2/../../../avr/lib/avrxmega6/libm.a(fp_inf.o)
                0x00000000000049a6                __fp_inf
 .text.avr-libc.fplib
                0x00000000000049b2        0x6 /usr/lib/gcc/avr/4.7.2/../../../avr/lib/avrxmega6/libm.a(fp_nan.o)
                0x00000000000049b2                __fp_nan
 .text.avr-libc.fplib
                0x00000000000049b8        0xe /usr/lib/gcc/avr/4.7.2/../../../avr/lib/avrxmega6/libm.a(fp_pscA.o)
                0x00000000000049b8                __fp_pscA
 .text.avr-libc.fplib
                0x00000000000049c6        0xe /usr/lib/gcc/avr/4.7.2/../../../avr/lib/avrxmega6/libm.a(fp_pscB.o)
                0x00000000000049c6                __fp_pscB
 .text.avr-libc.fplib
                0x00000000000049d4       0x22 /usr/lib/gcc/avr/4.7.2/../../../avr/lib/avrxmega6/libm.a(fp_round.o)
                0x00000000000049d4                __fp_round
 .text.avr-libc.fplib
                0x00000000000049f6       0x44 /usr/lib/gcc/avr/4.7.2/../../../avr/lib/avrxmega6/libm.a(fp_split3.o)
                0x00000000000049f6                __fp_split3
                0x0000000000004a06                __fp_splitA
 .text.avr-libc.fplib
                0x0000000000004a3a        0xe /usr/lib/gcc/avr/4.7.2/../../../avr/lib/avrxmega6/libm.a(fp_zero.o)
                0x0000000000004a3a                __fp_zero
                0x0000000000004a3c                __fp_szero
 .text.avr-libc.fplib
                0x0000000000004a48        0x4 /usr/lib/gcc/avr/4.7.2/../../../avr/lib/avrxmega6/libm.a(mulsf3.o)
                0x0000000000004a48                __mulsf3
 .text.avr-libc.fplib
                0x0000000000004a4c       0xc2 /usr/lib/gcc/avr/4.7.2/../../../avr/lib/avrxmega6/libm.a(mulsf3x.o)
                0x0000000000004a60                __mulsf3x
                0x0000000000004a64                __mulsf3_pse
 .text.avr-libc.fplib
                0x0000000000004b0e       0x40 /usr/lib/gcc/avr/4.7.2/../../../avr/lib/avrxmega6/libm.a(round.o)
                0x0000000000004b0e                round
 .text.avr-libc.fplib
                0x0000000000004b4e       0x36 /usr/lib/gcc/avr/4.7.2/../../../avr/lib/avrxmega6/libm.a(fp_mintl.o)
                0x0000000000004b4e                __fp_mintl
 .text.avr-libc.fplib
                0x0000000000004b84       0x1c /usr/lib/gcc/avr/4.7.2/../../../avr/lib/avrxmega6/libm.a(fp_mpack.o)
                0x0000000000004b84                __fp_mpack
                0x0000000000004b88                __fp_mpack_finite
 .text.libgcc.mul
                0x0000000000004ba0       0x16 /usr/lib/gcc/avr/4.7.2/avrxmega6/libgcc.a(_muluhisi3.o)
                0x0000000000004ba0                __muluhisi3
 .text.libgcc.div
                0x0000000000004bb6        0x0 /usr/lib/gcc/avr/4.7.2/avrxmega6/libgcc.a(_muluhisi3.o)
 .text.libgcc   0x0000000000004bb6        0x0 /usr/lib/gcc/avr/4.7.2/avrxmega6/libgcc.a(_muluhisi3.o)
 .text.libgcc.prologue
                0x0000000000004bb6        0x0 /usr/lib/gcc/avr/4.7.2/avrxmega6/libgcc.a(_muluhisi3.o)
 .text.libgcc.builtins
                0x0000000000004bb6        0x0 /usr/lib/gcc/avr/4.7.2/avrxmega6/libgcc.a(_muluhisi3.o)
 .text.libgcc.fmul
                0x0000000000004bb6        0x0 /usr/lib/gcc/avr/4.7.2/avrxmega6/libgcc.a(_muluhisi3.o)
 .text.libgcc.mul
                0x0000000000004bb6        0x0 /usr/lib/gcc/avr/4.7.2/avrxmega6/libgcc.a(_udivmodqi4.o)
 .text.libgcc.div
                0x0000000000004bb6       0x18 /usr/lib/gcc/avr/4.7.2/avrxmega6/libgcc.a(_udivmodqi4.o)
                0x0000000000004bb6                __udivmodqi4
 .text.libgcc   0x0000000000004bce        0x0 /usr/lib/gcc/avr/4.7.2/avrxmega6/libgcc.a(_udivmodqi4.o)
 .text.libgcc.prologue
                0x0000000000004bce        0x0 /usr/lib/gcc/avr/4.7.2/avrxmega6/libgcc.a(_udivmodqi4.o)
 .text.libgcc.builtins
                0x0000000000004bce        0x0 /usr/lib/gcc/avr/4.7.2/avrxmega6/libgcc.a(_udivmodqi4.o)
 .text.libgcc.fmul
                0x0000000000004bce        0x0 /usr/lib/gcc/avr/4.7.2/avrxmega6/libgcc.a(_udivmodqi4.o)
 .text.libgcc.mul
                0x0000000000004bce        0x0 /usr/lib/gcc/avr/4.7.2/avrxmega6/libgcc.a(_udivmodhi4.o)
 .text.libgcc.div
                0x0000000000004bce       0x28 /usr/lib/gcc/avr/4.7.2/avrxmega6/libgcc.a(_udivmodhi4.o)
                0x0000000000004bce                __udivmodhi4
 .text.libgcc   0x0000000000004bf6        0x0 /usr/lib/gcc/avr/4.7.2/avrxmega6/libgcc.a(_udivmodhi4.o)
 .text.libgcc.prologue
                0x0000000000004bf6        0x0 /usr/lib/gcc/avr/4.7.2/avrxmega6/libgcc.a(_udivmodhi4.o)
 .text.libgcc.builtins
                0x0000000000004bf6        0x0 /usr/lib/gcc/avr/4.7.2/avrxmega6/libgcc.a(_udivmodhi4.o)
 .text.libgcc.fmul
                0x0000000000004bf6        0x0 /usr/lib/gcc/avr/4.7.2/avrxmega6/libgcc.a(_udivmodhi4.o)
 .text.libgcc.mul
                0x0000000000004bf6        0x0 /usr/lib/gcc/avr/4.7.2/avrxmega6/libgcc.a(_divmodhi4.o)
 .text.libgcc.div
                0x0000000000004bf6       0x28 /usr/lib/gcc/avr/4.7.2/avrxmega6/libgcc.a(_divmodhi4.o)
                0x0000000000004bf6                __divmodhi4
                0x0000000000004bf6                _div
 .text.libgcc   0x0000000000004c1e        0x0 /usr/lib/gcc/avr/4.7.2/avrxmega6/libgcc.a(_divmodhi4.o)
 .text.libgcc.prologue
                0x0000000000004c1e        0x0 /usr/lib/gcc/avr/4.7.2/avrxmega6/libgcc.a(_divmodhi4.o)
 .text.libgcc.builtins
                0x0000000000004c1e        0x0 /usr/lib/gcc/avr/4.7.2/avrxmega6/libgcc.a(_divmodhi4.o)
 .text.libgcc.fmul
                0x0000000000004c1e        0x0 /usr/lib/gcc/avr/4.7.2/avrxmega6/libgcc.a(_divmodhi4.o)
 .text.libgcc.mul
                0x0000000000004c1e        0x0 /usr/lib/gcc/avr/4.7.2/avrxmega6/libgcc.a(_udivmodsi4.o)
 .text.libgcc.div
                0x0000000000004c1e       0x44 /usr/lib/gcc/avr/4.7.2/avrxmega6/libgcc.a(_udivmodsi4.o)
                0x0000000000004c1e                __udivmodsi4
 .text.libgcc   0x0000000000004c62        0x0 /usr/lib/gcc/avr/4.7.2/avrxmega6/libgcc.a(_udivmodsi4.o)
 .text.libgcc.prologue
                0x0000000000004c62        0x0 /usr/lib/gcc/avr/4.7.2/avrxmega6/libgcc.a(_udivmodsi4.o)
 .text.libgcc.builtins
                0x0000000000004c62        0x0 /usr/lib/gcc/avr/4.7.2/avrxmega6/libgcc.a(_udivmodsi4.o)
 .text.libgcc.fmul
                0x0000000000004c62        0x0 /usr/lib/gcc/avr/4.7.2/avrxmega6/libgcc.a(_udivmodsi4.o)
 .text.libgcc.mul
                0x0000000000004c62        0x0 /usr/lib/gcc/avr/4.7.2/avrxmega6/libgcc.a(_exit.o)
 .text.libgcc.div
                0x0000000000004c62        0x0 /usr/lib/gcc/avr/4.7.2/avrxmega6/libgcc.a(_exit.o)
 .text.libgcc   0x0000000000004c62        0x0 /usr/lib/gcc/avr/4.7.2/avrxmega6/libgcc.a(_exit.o)
 .text.libgcc.prologue
                0x0000000000004c62        0x0 /usr/lib/gcc/avr/4.7.2/avrxmega6/libgcc.a(_exit.o)
 .text.libgcc.builtins
                0x0000000000004c62        0x0 /usr/lib/gcc/avr/4.7.2/avrxmega6/libgcc.a(_exit.o)
 .text.libgcc.fmul
                0x0000000000004c62        0x0 /usr/lib/gcc/avr/4.7.2/avrxmega6/libgcc.a(_exit.o)
 .text.libgcc.mul
                0x0000000000004c62        0x0 /usr/lib/gcc/avr/4.7.2/avrxmega6/libgcc.a(_copy_data.o)
 .text.libgcc.div
                0x0000000000004c62        0x0 /usr/lib/gcc/avr/4.7.2/avrxmega6/libgcc.a(_copy_data.o)
 .text.libgcc   0x0000000000004c62        0x0 /usr/lib/gcc/avr/4.7.2/avrxmega6/libgcc.a(_copy_data.o)
 .text.libgcc.prologue
                0x0000000000004c62        0x0 /usr/lib/gcc/avr/4.7.2/avrxmega6/libgcc.a(_copy_data.o)
 .text.libgcc.builtins
                0x0000000000004c62        0x0 /usr/lib/gcc/avr/4.7.2/avrxmega6/libgcc.a(_copy_data.o)
 .text.libgcc.fmul
                0x0000000000004c62        0x0 /usr/lib/gcc/avr/4.7.2/avrxmega6/libgcc.a(_copy_data.o)
 .text.libgcc.mul
                0x0000000000004c62        0x0 /usr/lib/gcc/avr/4.7.2/avrxmega6/libgcc.a(_clear_bss.o)
 .text.libgcc.div
                0x0000000000004c62        0x0 /usr/lib/gcc/avr/4.7.2/avrxmega6/libgcc.a(_clear_bss.o)
 .text.libgcc   0x0000000000004c62        0x0 /usr/lib/gcc/avr/4.7.2/avrxmega6/libgcc.a(_clear_bss.o)
 .text.libgcc.prologue
                0x0000000000004c62        0x0 /usr/lib/gcc/avr/4.7.2/avrxmega6/libgcc.a(_clear_bss.o)
 .text.libgcc.builtins
                0x0000000000004c62        0x0 /usr/lib/gcc/avr/4.7.2/avrxmega6/libgcc.a(_clear_bss.o)
 .text.libgcc.fmul
                0x0000000000004c62        0x0 /usr/lib/gcc/avr/4.7.2/avrxmega6/libgcc.a(_clear_bss.o)
 .text.libgcc.mul
                0x0000000000004c62        0x0 /usr/lib/gcc/avr/4.7.2/avrxmega6/libgcc.a(_cmpdi2_s8.o)
 .text.libgcc.div
                0x0000000000004c62        0x0 /usr/lib/gcc/avr/4.7.2/avrxmega6/libgcc.a(_cmpdi2_s8.o)
 .text.libgcc   0x0000000000004c62       0x18 /usr/lib/gcc/avr/4.7.2/avrxmega6/libgcc.a(_cmpdi2_s8.o)
                0x0000000000004c62                __cmpdi2_s8
 .text.libgcc.prologue
                0x0000000000004c7a        0x0 /usr/lib/gcc/avr/4.7.2/avrxmega6/libgcc.a(_cmpdi2_s8.o)
 .text.libgcc.builtins
                0x0000000000004c7a        0x0 /usr/lib/gcc/avr/4.7.2/avrxmega6/libgcc.a(_cmpdi2_s8.o)
 .text.libgcc.fmul
                0x0000000000004c7a        0x0 /usr/lib/gcc/avr/4.7.2/avrxmega6/libgcc.a(_cmpdi2_s8.o)
 .text.libgcc.mul
                0x0000000000004c7a       0x18 /usr/lib/gcc/avr/4.7.2/avrxmega6/libgcc.a(_umulhisi3.o)
                0x0000000000004c7a                __umulhisi3
 .text.libgcc.div
                0x0000000000004c92        0x0 /usr/lib/gcc/avr/4.7.2/avrxmega6/libgcc.a(_umulhisi3.o)
 .text.libgcc   0x0000000000004c92        0x0 /usr/lib/gcc/avr/4.7.2/avrxmega6/libgcc.a(_umulhisi3.o)
 .text.libgcc.prologue
                0x0000000000004c92        0x0 /usr/lib/gcc/avr/4.7.2/avrxmega6/libgcc.a(_umulhisi3.o)
 .text.libgcc.builtins
                0x0000000000004c92        0x0 /usr/lib/gcc/avr/4.7.2/avrxmega6/libgcc.a(_umulhisi3.o)
 .text.libgcc.fmul
                0x0000000000004c92        0x0 /usr/lib/gcc/avr/4.7.2/avrxmega6/libgcc.a(_umulhisi3.o)
 .text.avr-libc
                0x0000000000004c92       0x3c /usr/lib/gcc/avr/4.7.2/../../../avr/lib/avrxmega6/libc.a(calloc.o)
                0x0000000000004c92                calloc
 .text.avr-libc
                0x0000000000004cce      0x272 /usr/lib/gcc/avr/4.7.2/../../../avr/lib/avrxmega6/libc.a(malloc.o)
                0x0000000000004cce                malloc
                0x0000000000004e04                free
 .text.avr-libc
                0x0000000000004f40       0xbe /usr/lib/gcc/avr/4.7.2/../../../avr/lib/avrxmega6/libc.a(rand.o)
                0x0000000000004fdc                rand_r
                0x0000000000004fe0                rand
                0x0000000000004fe8                srand
 .text.avr-libc
                0x0000000000004ffe        0xa /usr/lib/gcc/avr/4.7.2/../../../avr/lib/avrxmega6/libc.a(abort.o)
                0x0000000000004ffe                abort
 .text.avr-libc
                0x0000000000005008      0x1b0 /usr/lib/gcc/avr/4.7.2/../../../avr/lib/avrxmega6/libc.a(ftoa_engine.o)
                0x0000000000005008                __ftoa_engine
 .text.avr-libc
                0x00000000000051b8       0x16 /usr/lib/gcc/avr/4.7.2/../../../avr/lib/avrxmega6/libc.a(strnlen_P.o)
                0x00000000000051b8                strnlen_P
 .text.avr-libc
                0x00000000000051ce       0x12 /usr/lib/gcc/avr/4.7.2/../../../avr/lib/avrxmega6/libc.a(memcpy.o)
                0x00000000000051ce                memcpy
 .text.avr-libc
                0x00000000000051e0        0xe /usr/lib/gcc/avr/4.7.2/../../../avr/lib/avrxmega6/libc.a(memset.o)
                0x00000000000051e0                memset
 .text.avr-libc
                0x00000000000051ee        0xe /usr/lib/gcc/avr/4.7.2/../../../avr/lib/avrxmega6/libc.a(strcpy.o)
                0x00000000000051ee                strcpy
 .text.avr-libc
                0x00000000000051fc       0x16 /usr/lib/gcc/avr/4.7.2/../../../avr/lib/avrxmega6/libc.a(strnlen.o)
                0x00000000000051fc                strnlen
 .text.avr-libc
                0x0000000000005212       0x58 /usr/lib/gcc/avr/4.7.2/../../../avr/lib/avrxmega6/libc.a(fputc.o)
                0x0000000000005212                fputc
 .text.avr-libc
                0x000000000000526a       0x30 /usr/lib/gcc/avr/4.7.2/../../../avr/lib/avrxmega6/libc.a(printf.o)
                0x000000000000526a                printf
 .text.avr-libc
                0x000000000000529a       0x72 /usr/lib/gcc/avr/4.7.2/../../../avr/lib/avrxmega6/libc.a(snprintf.o)
                0x000000000000529a                snprintf
 .text.avr-libc
                0x000000000000530c       0xbc /usr/lib/gcc/avr/4.7.2/../../../avr/lib/avrxmega6/libc.a(ultoa_invert.o)
                0x000000000000530c                __ultoa_invert
 .text.libgcc.mul
                0x00000000000053c8       0x10 /usr/lib/gcc/avr/4.7.2/avrxmega6/libgcc.a(_mulshisi3.o)
                0x00000000000053c8                __mulshisi3
                0x00000000000053ce                __mulohisi3
 .text.libgcc.div
                0x00000000000053d8        0x0 /usr/lib/gcc/avr/4.7.2/avrxmega6/libgcc.a(_mulshisi3.o)
 .text.libgcc   0x00000000000053d8        0x0 /usr/lib/gcc/avr/4.7.2/avrxmega6/libgcc.a(_mulshisi3.o)
 .text.libgcc.prologue
                0x00000000000053d8        0x0 /usr/lib/gcc/avr/4.7.2/avrxmega6/libgcc.a(_mulshisi3.o)
 .text.libgcc.builtins
                0x00000000000053d8        0x0 /usr/lib/gcc/avr/4.7.2/avrxmega6/libgcc.a(_mulshisi3.o)
 .text.libgcc.fmul
                0x00000000000053d8        0x0 /usr/lib/gcc/avr/4.7.2/avrxmega6/libgcc.a(_mulshisi3.o)
 .text.libgcc.mul
                0x00000000000053d8        0x0 /usr/lib/gcc/avr/4.7.2/avrxmega6/libgcc.a(_divmodsi4.o)
 .text.libgcc.div
                0x00000000000053d8       0x38 /usr/lib/gcc/avr/4.7.2/avrxmega6/libgcc.a(_divmodsi4.o)
                0x00000000000053d8                __divmodsi4
 .text.libgcc   0x0000000000005410        0x0 /usr/lib/gcc/avr/4.7.2/avrxmega6/libgcc.a(_divmodsi4.o)
 .text.libgcc.prologue
                0x0000000000005410        0x0 /usr/lib/gcc/avr/4.7.2/avrxmega6/libgcc.a(_divmodsi4.o)
 .text.libgcc.builtins
                0x0000000000005410        0x0 /usr/lib/gcc/avr/4.7.2/avrxmega6/libgcc.a(_divmodsi4.o)
 .text.libgcc.fmul
                0x0000000000005410        0x0 /usr/lib/gcc/avr/4.7.2/avrxmega6/libgcc.a(_divmodsi4.o)
                0x0000000000005410                . = ALIGN (0x2)
 *(.fini9)
 .fini9         0x0000000000005410        0x0 /usr/lib/gcc/avr/4.7.2/avrxmega6/libgcc.a(_exit.o)
                0x0000000000005410                exit
                0x0000000000005410                _exit
 *(.fini9)
 *(.fini8)
 *(.fini8)
 *(.fini7)
 *(.fini7)
 *(.fini6)
 *(.fini6)
 *(.fini5)
 *(.fini5)
 *(.fini4)
 *(.fini4)
 *(.fini3)
 *(.fini3)
 *(.fini2)
 *(.fini2)
 *(.fini1)
 *(.fini1)
 *(.fini0)
 .fini0         0x0000000000005410        0x4 /usr/lib/gcc/avr/4.7.2/avrxmega6/libgcc.a(_exit.o)
 *(.fini0)
                0x0000000000005414                _etext = .

.data           0x0000000000802000      0x126 load address 0x0000000000005414
                0x0000000000802000                PROVIDE (__data_start, .)
 *(.data)
 .data          0x0000000000802000        0x0 /usr/lib/gcc/avr/4.7.2/../../../avr/lib/avrxmega6/crtx256a3.o
 .data          0x0000000000802000        0x0 /usr/lib/gcc/avr/4.7.2/../../../avr/lib/avrxmega6/libprintf_flt.a(vfprintf_flt.o)
 .data          0x0000000000802000        0x0 arch-blocks/system/test.o
 .data          0x0000000000802000        0x0 arch-blocks/system/accelerometer.o
 .data          0x0000000000802000        0x0 arch-blocks/system/block.o
 .data          0x0000000000802000        0x0 arch-blocks/system/block_config.o
 .data          0x0000000000802000        0x0 arch-blocks/system/boot.o
 .data          0x0000000000802000        0x0 arch-blocks/system/circ_buffer.o
 .data          0x0000000000802000        0x0 arch-blocks/system/data_link.o
 .data          0x0000000000802000        0x0 arch-blocks/system/debug.o
 .data          0x0000000000802000        0x0 arch-blocks/system/ensemble.o
 .data          0x0000000000802000        0x0 arch-blocks/system/handler.o
 .data          0x0000000000802000       0x1c arch-blocks/system/led.o
                0x0000000000802000                currentIntensity
                0x0000000000802001                colors
 .data          0x000000000080201c        0x0 arch-blocks/system/memory.o
 .data          0x000000000080201c        0x0 arch-blocks/system/message.o
 .data          0x000000000080201c        0x0 arch-blocks/system/queues.o
 .data          0x000000000080201c        0x0 arch-blocks/system/serial.o
 .data          0x000000000080201c        0x0 arch-blocks/system/system.o
 .data          0x000000000080201c        0x0 arch-blocks/system/hardwaretime.o
 .data          0x000000000080201c        0x0 arch-blocks/system/microphone.o
 .data          0x000000000080201c        0x1 arch-blocks/system/log.o
                0x000000000080201c                toHost
 .data          0x000000000080201d        0x0 arch-blocks/system/clock.o
 .data          0x000000000080201d        0x0 arch-blocks/hw-block/eeprom_driver.o
 .data          0x000000000080201d        0x0 arch-blocks/hw-block/ext_memory.o
 .data          0x000000000080201d        0x0 arch-blocks/hw-block/hwAccelerometer.o
 .data          0x000000000080201d        0x0 arch-blocks/hw-block/hwBlockTick.o
 .data          0x000000000080201d        0x0 arch-blocks/hw-block/hwBoot.o
 .data          0x000000000080201d        0x0 arch-blocks/hw-block/hwDataLink.o
 .data          0x000000000080201d        0x0 arch-blocks/hw-block/hwLED.o
 .data          0x000000000080201d        0x0 arch-blocks/hw-block/hwMemory.o
 .data          0x000000000080201d        0x0 arch-blocks/hw-block/hwSerial.o
 .data          0x000000000080201d        0x0 arch-blocks/hw-block/hwTime.o
 .data          0x000000000080201d        0x0 arch-blocks/hw-block/hwMicrophone.o
 .data          0x000000000080201d        0x0 arch-blocks/hw-block/soft_uart2.o
 .data          0x000000000080201d        0x0 arch-blocks/hw-block/system.o
 .data          0x000000000080201d        0x0 arch-blocks/hw-block/twi_master_driver.o
 .data          0x000000000080201d        0x0 arch-blocks/hw-block/hwDebug.o
 .data          0x000000000080201d        0x0 /usr/lib/gcc/avr/4.7.2/../../../avr/lib/avrxmega6/libm.a(addsf3.o)
 .data          0x000000000080201d        0x0 /usr/lib/gcc/avr/4.7.2/../../../avr/lib/avrxmega6/libm.a(addsf3x.o)
 .data          0x000000000080201d        0x0 /usr/lib/gcc/avr/4.7.2/../../../avr/lib/avrxmega6/libm.a(divsf3.o)
 .data          0x000000000080201d        0x0 /usr/lib/gcc/avr/4.7.2/../../../avr/lib/avrxmega6/libm.a(divsf3x.o)
 .data          0x000000000080201d        0x0 /usr/lib/gcc/avr/4.7.2/../../../avr/lib/avrxmega6/libm.a(fixsfsi.o)
 .data          0x000000000080201d        0x0 /usr/lib/gcc/avr/4.7.2/../../../avr/lib/avrxmega6/libm.a(fixunssfsi.o)
 .data          0x000000000080201d        0x0 /usr/lib/gcc/avr/4.7.2/../../../avr/lib/avrxmega6/libm.a(floatsisf.o)
 .data          0x000000000080201d        0x0 /usr/lib/gcc/avr/4.7.2/../../../avr/lib/avrxmega6/libm.a(fmax.o)
 .data          0x000000000080201d        0x0 /usr/lib/gcc/avr/4.7.2/../../../avr/lib/avrxmega6/libm.a(fp_inf.o)
 .data          0x000000000080201d        0x0 /usr/lib/gcc/avr/4.7.2/../../../avr/lib/avrxmega6/libm.a(fp_nan.o)
 .data          0x000000000080201d        0x0 /usr/lib/gcc/avr/4.7.2/../../../avr/lib/avrxmega6/libm.a(fp_pscA.o)
 .data          0x000000000080201d        0x0 /usr/lib/gcc/avr/4.7.2/../../../avr/lib/avrxmega6/libm.a(fp_pscB.o)
 .data          0x000000000080201d        0x0 /usr/lib/gcc/avr/4.7.2/../../../avr/lib/avrxmega6/libm.a(fp_round.o)
 .data          0x000000000080201d        0x0 /usr/lib/gcc/avr/4.7.2/../../../avr/lib/avrxmega6/libm.a(fp_split3.o)
 .data          0x000000000080201d        0x0 /usr/lib/gcc/avr/4.7.2/../../../avr/lib/avrxmega6/libm.a(fp_zero.o)
 .data          0x000000000080201d        0x0 /usr/lib/gcc/avr/4.7.2/../../../avr/lib/avrxmega6/libm.a(mulsf3.o)
 .data          0x000000000080201d        0x0 /usr/lib/gcc/avr/4.7.2/../../../avr/lib/avrxmega6/libm.a(mulsf3x.o)
 .data          0x000000000080201d        0x0 /usr/lib/gcc/avr/4.7.2/../../../avr/lib/avrxmega6/libm.a(round.o)
 .data          0x000000000080201d        0x0 /usr/lib/gcc/avr/4.7.2/../../../avr/lib/avrxmega6/libm.a(fp_mintl.o)
 .data          0x000000000080201d        0x0 /usr/lib/gcc/avr/4.7.2/../../../avr/lib/avrxmega6/libm.a(fp_mpack.o)
 .data          0x000000000080201d        0x0 /usr/lib/gcc/avr/4.7.2/avrxmega6/libgcc.a(_muluhisi3.o)
 .data          0x000000000080201d        0x0 /usr/lib/gcc/avr/4.7.2/avrxmega6/libgcc.a(_udivmodqi4.o)
 .data          0x000000000080201d        0x0 /usr/lib/gcc/avr/4.7.2/avrxmega6/libgcc.a(_udivmodhi4.o)
 .data          0x000000000080201d        0x0 /usr/lib/gcc/avr/4.7.2/avrxmega6/libgcc.a(_divmodhi4.o)
 .data          0x000000000080201d        0x0 /usr/lib/gcc/avr/4.7.2/avrxmega6/libgcc.a(_udivmodsi4.o)
 .data          0x000000000080201d        0x0 /usr/lib/gcc/avr/4.7.2/avrxmega6/libgcc.a(_exit.o)
 .data          0x000000000080201d        0x0 /usr/lib/gcc/avr/4.7.2/avrxmega6/libgcc.a(_copy_data.o)
 .data          0x000000000080201d        0x0 /usr/lib/gcc/avr/4.7.2/avrxmega6/libgcc.a(_clear_bss.o)
 .data          0x000000000080201d        0x0 /usr/lib/gcc/avr/4.7.2/avrxmega6/libgcc.a(_cmpdi2_s8.o)
 .data          0x000000000080201d        0x0 /usr/lib/gcc/avr/4.7.2/avrxmega6/libgcc.a(_umulhisi3.o)
 .data          0x000000000080201d        0x0 /usr/lib/gcc/avr/4.7.2/../../../avr/lib/avrxmega6/libc.a(calloc.o)
 .data          0x000000000080201d        0x6 /usr/lib/gcc/avr/4.7.2/../../../avr/lib/avrxmega6/libc.a(malloc.o)
                0x000000000080201d                __malloc_heap_end
                0x000000000080201f                __malloc_heap_start
                0x0000000000802021                __malloc_margin
 .data          0x0000000000802023        0x4 /usr/lib/gcc/avr/4.7.2/../../../avr/lib/avrxmega6/libc.a(rand.o)
 .data          0x0000000000802027        0x0 /usr/lib/gcc/avr/4.7.2/../../../avr/lib/avrxmega6/libc.a(abort.o)
 .data          0x0000000000802027        0x0 /usr/lib/gcc/avr/4.7.2/../../../avr/lib/avrxmega6/libc.a(ftoa_engine.o)
 .data          0x0000000000802027        0x0 /usr/lib/gcc/avr/4.7.2/../../../avr/lib/avrxmega6/libc.a(strnlen_P.o)
 .data          0x0000000000802027        0x0 /usr/lib/gcc/avr/4.7.2/../../../avr/lib/avrxmega6/libc.a(memcpy.o)
 .data          0x0000000000802027        0x0 /usr/lib/gcc/avr/4.7.2/../../../avr/lib/avrxmega6/libc.a(memset.o)
 .data          0x0000000000802027        0x0 /usr/lib/gcc/avr/4.7.2/../../../avr/lib/avrxmega6/libc.a(strcpy.o)
 .data          0x0000000000802027        0x0 /usr/lib/gcc/avr/4.7.2/../../../avr/lib/avrxmega6/libc.a(strnlen.o)
 .data          0x0000000000802027        0x0 /usr/lib/gcc/avr/4.7.2/../../../avr/lib/avrxmega6/libc.a(fputc.o)
 .data          0x0000000000802027        0x0 /usr/lib/gcc/avr/4.7.2/../../../avr/lib/avrxmega6/libc.a(printf.o)
 .data          0x0000000000802027        0x0 /usr/lib/gcc/avr/4.7.2/../../../avr/lib/avrxmega6/libc.a(snprintf.o)
 .data          0x0000000000802027        0x0 /usr/lib/gcc/avr/4.7.2/../../../avr/lib/avrxmega6/libc.a(ultoa_invert.o)
 .data          0x0000000000802027        0x0 /usr/lib/gcc/avr/4.7.2/../../../avr/lib/avrxmega6/libc.a(iob.o)
 .data          0x0000000000802027        0x0 /usr/lib/gcc/avr/4.7.2/avrxmega6/libgcc.a(_mulshisi3.o)
 .data          0x0000000000802027        0x0 /usr/lib/gcc/avr/4.7.2/avrxmega6/libgcc.a(_divmodsi4.o)
 *(.data*)
 *(.rodata)
 *(.rodata*)
 .rodata.str1.1
                0x0000000000802027       0xd4 arch-blocks/system/test.o
 .rodata.str1.1
                0x00000000008020fb       0x1f arch-blocks/system/clock.o
 .rodata.str1.1
                0x000000000080211a        0xc arch-blocks/hw-block/ext_memory.o
 *(.gnu.linkonce.d*)
                0x0000000000802126                . = ALIGN (0x2)
                0x0000000000802126                _edata = .
                0x0000000000802126                PROVIDE (__data_end, .)

.bss            0x0000000000802126      0x5c2
                0x0000000000802126                PROVIDE (__bss_start, .)
 *(.bss)
 .bss           0x0000000000802126        0x0 /usr/lib/gcc/avr/4.7.2/../../../avr/lib/avrxmega6/crtx256a3.o
 .bss           0x0000000000802126        0x0 /usr/lib/gcc/avr/4.7.2/../../../avr/lib/avrxmega6/libprintf_flt.a(vfprintf_flt.o)
 .bss           0x0000000000802126        0x0 arch-blocks/system/test.o
 .bss           0x0000000000802126        0x0 arch-blocks/system/accelerometer.o
 .bss           0x0000000000802126        0x4 arch-blocks/system/block.o
                0x0000000000802126                accelReady
                0x0000000000802128                blockTickRunning
 .bss           0x000000000080212a        0x0 arch-blocks/system/block_config.o
 .bss           0x000000000080212a        0x0 arch-blocks/system/boot.o
 .bss           0x000000000080212a        0x0 arch-blocks/system/circ_buffer.o
 .bss           0x000000000080212a        0x0 arch-blocks/system/data_link.o
 .bss           0x000000000080212a        0x0 arch-blocks/system/debug.o
 .bss           0x000000000080212a        0x0 arch-blocks/system/ensemble.o
 .bss           0x000000000080212a        0x0 arch-blocks/system/handler.o
 .bss           0x000000000080212a        0x0 arch-blocks/system/led.o
 .bss           0x000000000080212a        0x0 arch-blocks/system/memory.o
 .bss           0x000000000080212a        0x0 arch-blocks/system/message.o
 .bss           0x000000000080212a        0x0 arch-blocks/system/queues.o
 .bss           0x000000000080212a        0x0 arch-blocks/system/serial.o
 .bss           0x000000000080212a        0x0 arch-blocks/system/system.o
 .bss           0x000000000080212a        0x0 arch-blocks/system/hardwaretime.o
 .bss           0x000000000080212a        0x0 arch-blocks/system/microphone.o
 .bss           0x000000000080212a        0x4 arch-blocks/system/log.o
                0x000000000080212a                seq
                0x000000000080212c                PCConnection
 .bss           0x000000000080212e       0x18 arch-blocks/system/clock.o
                0x000000000080212e                localClockMaxReach
                0x0000000000802132                firstCalibRec
                0x0000000000802136                offset
                0x000000000080213a                nbSync
                0x000000000080213c                firstCalibSend
                0x0000000000802140                speedAvg
                0x0000000000802144                electing
                0x0000000000802145                isLeader
 .bss           0x0000000000802146        0x0 arch-blocks/hw-block/eeprom_driver.o
 .bss           0x0000000000802146        0x0 arch-blocks/hw-block/ext_memory.o
 .bss           0x0000000000802146        0x0 arch-blocks/hw-block/hwAccelerometer.o
 .bss           0x0000000000802146        0x0 arch-blocks/hw-block/hwBlockTick.o
 .bss           0x0000000000802146        0x0 arch-blocks/hw-block/hwBoot.o
 .bss           0x0000000000802146        0x0 arch-blocks/hw-block/hwDataLink.o
 .bss           0x0000000000802146        0x0 arch-blocks/hw-block/hwLED.o
 .bss           0x0000000000802146        0x0 arch-blocks/hw-block/hwMemory.o
 .bss           0x0000000000802146        0x0 arch-blocks/hw-block/hwSerial.o
 .bss           0x0000000000802146        0x0 arch-blocks/hw-block/hwTime.o
 .bss           0x0000000000802146        0x0 arch-blocks/hw-block/hwMicrophone.o
 .bss           0x0000000000802146        0x0 arch-blocks/hw-block/soft_uart2.o
 .bss           0x0000000000802146        0x0 arch-blocks/hw-block/system.o
 .bss           0x0000000000802146        0x0 arch-blocks/hw-block/twi_master_driver.o
 .bss           0x0000000000802146        0x0 arch-blocks/hw-block/hwDebug.o
 .bss           0x0000000000802146        0x0 /usr/lib/gcc/avr/4.7.2/../../../avr/lib/avrxmega6/libm.a(addsf3.o)
 .bss           0x0000000000802146        0x0 /usr/lib/gcc/avr/4.7.2/../../../avr/lib/avrxmega6/libm.a(addsf3x.o)
 .bss           0x0000000000802146        0x0 /usr/lib/gcc/avr/4.7.2/../../../avr/lib/avrxmega6/libm.a(divsf3.o)
 .bss           0x0000000000802146        0x0 /usr/lib/gcc/avr/4.7.2/../../../avr/lib/avrxmega6/libm.a(divsf3x.o)
 .bss           0x0000000000802146        0x0 /usr/lib/gcc/avr/4.7.2/../../../avr/lib/avrxmega6/libm.a(fixsfsi.o)
 .bss           0x0000000000802146        0x0 /usr/lib/gcc/avr/4.7.2/../../../avr/lib/avrxmega6/libm.a(fixunssfsi.o)
 .bss           0x0000000000802146        0x0 /usr/lib/gcc/avr/4.7.2/../../../avr/lib/avrxmega6/libm.a(floatsisf.o)
 .bss           0x0000000000802146        0x0 /usr/lib/gcc/avr/4.7.2/../../../avr/lib/avrxmega6/libm.a(fmax.o)
 .bss           0x0000000000802146        0x0 /usr/lib/gcc/avr/4.7.2/../../../avr/lib/avrxmega6/libm.a(fp_inf.o)
 .bss           0x0000000000802146        0x0 /usr/lib/gcc/avr/4.7.2/../../../avr/lib/avrxmega6/libm.a(fp_nan.o)
 .bss           0x0000000000802146        0x0 /usr/lib/gcc/avr/4.7.2/../../../avr/lib/avrxmega6/libm.a(fp_pscA.o)
 .bss           0x0000000000802146        0x0 /usr/lib/gcc/avr/4.7.2/../../../avr/lib/avrxmega6/libm.a(fp_pscB.o)
 .bss           0x0000000000802146        0x0 /usr/lib/gcc/avr/4.7.2/../../../avr/lib/avrxmega6/libm.a(fp_round.o)
 .bss           0x0000000000802146        0x0 /usr/lib/gcc/avr/4.7.2/../../../avr/lib/avrxmega6/libm.a(fp_split3.o)
 .bss           0x0000000000802146        0x0 /usr/lib/gcc/avr/4.7.2/../../../avr/lib/avrxmega6/libm.a(fp_zero.o)
 .bss           0x0000000000802146        0x0 /usr/lib/gcc/avr/4.7.2/../../../avr/lib/avrxmega6/libm.a(mulsf3.o)
 .bss           0x0000000000802146        0x0 /usr/lib/gcc/avr/4.7.2/../../../avr/lib/avrxmega6/libm.a(mulsf3x.o)
 .bss           0x0000000000802146        0x0 /usr/lib/gcc/avr/4.7.2/../../../avr/lib/avrxmega6/libm.a(round.o)
 .bss           0x0000000000802146        0x0 /usr/lib/gcc/avr/4.7.2/../../../avr/lib/avrxmega6/libm.a(fp_mintl.o)
 .bss           0x0000000000802146        0x0 /usr/lib/gcc/avr/4.7.2/../../../avr/lib/avrxmega6/libm.a(fp_mpack.o)
 .bss           0x0000000000802146        0x0 /usr/lib/gcc/avr/4.7.2/avrxmega6/libgcc.a(_muluhisi3.o)
 .bss           0x0000000000802146        0x0 /usr/lib/gcc/avr/4.7.2/avrxmega6/libgcc.a(_udivmodqi4.o)
 .bss           0x0000000000802146        0x0 /usr/lib/gcc/avr/4.7.2/avrxmega6/libgcc.a(_udivmodhi4.o)
 .bss           0x0000000000802146        0x0 /usr/lib/gcc/avr/4.7.2/avrxmega6/libgcc.a(_divmodhi4.o)
 .bss           0x0000000000802146        0x0 /usr/lib/gcc/avr/4.7.2/avrxmega6/libgcc.a(_udivmodsi4.o)
 .bss           0x0000000000802146        0x0 /usr/lib/gcc/avr/4.7.2/avrxmega6/libgcc.a(_exit.o)
 .bss           0x0000000000802146        0x0 /usr/lib/gcc/avr/4.7.2/avrxmega6/libgcc.a(_copy_data.o)
 .bss           0x0000000000802146        0x0 /usr/lib/gcc/avr/4.7.2/avrxmega6/libgcc.a(_clear_bss.o)
 .bss           0x0000000000802146        0x0 /usr/lib/gcc/avr/4.7.2/avrxmega6/libgcc.a(_cmpdi2_s8.o)
 .bss           0x0000000000802146        0x0 /usr/lib/gcc/avr/4.7.2/avrxmega6/libgcc.a(_umulhisi3.o)
 .bss           0x0000000000802146        0x0 /usr/lib/gcc/avr/4.7.2/../../../avr/lib/avrxmega6/libc.a(calloc.o)
 .bss           0x0000000000802146        0x0 /usr/lib/gcc/avr/4.7.2/../../../avr/lib/avrxmega6/libc.a(malloc.o)
 .bss           0x0000000000802146        0x0 /usr/lib/gcc/avr/4.7.2/../../../avr/lib/avrxmega6/libc.a(rand.o)
 .bss           0x0000000000802146        0x0 /usr/lib/gcc/avr/4.7.2/../../../avr/lib/avrxmega6/libc.a(abort.o)
 .bss           0x0000000000802146        0x0 /usr/lib/gcc/avr/4.7.2/../../../avr/lib/avrxmega6/libc.a(ftoa_engine.o)
 .bss           0x0000000000802146        0x0 /usr/lib/gcc/avr/4.7.2/../../../avr/lib/avrxmega6/libc.a(strnlen_P.o)
 .bss           0x0000000000802146        0x0 /usr/lib/gcc/avr/4.7.2/../../../avr/lib/avrxmega6/libc.a(memcpy.o)
 .bss           0x0000000000802146        0x0 /usr/lib/gcc/avr/4.7.2/../../../avr/lib/avrxmega6/libc.a(memset.o)
 .bss           0x0000000000802146        0x0 /usr/lib/gcc/avr/4.7.2/../../../avr/lib/avrxmega6/libc.a(strcpy.o)
 .bss           0x0000000000802146        0x0 /usr/lib/gcc/avr/4.7.2/../../../avr/lib/avrxmega6/libc.a(strnlen.o)
 .bss           0x0000000000802146        0x0 /usr/lib/gcc/avr/4.7.2/../../../avr/lib/avrxmega6/libc.a(fputc.o)
 .bss           0x0000000000802146        0x0 /usr/lib/gcc/avr/4.7.2/../../../avr/lib/avrxmega6/libc.a(printf.o)
 .bss           0x0000000000802146        0x0 /usr/lib/gcc/avr/4.7.2/../../../avr/lib/avrxmega6/libc.a(snprintf.o)
 .bss           0x0000000000802146        0x0 /usr/lib/gcc/avr/4.7.2/../../../avr/lib/avrxmega6/libc.a(ultoa_invert.o)
 .bss           0x0000000000802146        0x0 /usr/lib/gcc/avr/4.7.2/../../../avr/lib/avrxmega6/libc.a(iob.o)
 .bss           0x0000000000802146        0x0 /usr/lib/gcc/avr/4.7.2/avrxmega6/libgcc.a(_mulshisi3.o)
 .bss           0x0000000000802146        0x0 /usr/lib/gcc/avr/4.7.2/avrxmega6/libgcc.a(_divmodsi4.o)
 *(.bss*)
 *(COMMON)
 COMMON         0x0000000000802146        0x4 arch-blocks/system/accelerometer.o
                0x0000000000802146                _acc
 COMMON         0x000000000080214a        0x7 arch-blocks/system/data_link.o
                0x000000000080214a                globalRq
                0x000000000080214f                thisChunk
 COMMON         0x0000000000802151       0x72 arch-blocks/system/ensemble.o
                0x0000000000802151                thisNeighborhood
                0x000000000080215d                ttNeighbor
 COMMON         0x00000000008021c3       0x48 arch-blocks/system/handler.o
                0x00000000008021c3                system
 COMMON         0x000000000080220b        0x4 arch-blocks/system/led.o
                0x000000000080220b                currentRGB
                0x000000000080220e                currentColor
 COMMON         0x000000000080220f      0x245 arch-blocks/system/memory.o
                0x000000000080220f                conf
                0x0000000000802213                txChunks
                0x0000000000802333                rxChunks
                0x0000000000802453                numFreeChunks
 COMMON         0x0000000000802454      0x210 arch-blocks/system/serial.o
                0x0000000000802454                port
 COMMON         0x0000000000802664        0x6 arch-blocks/system/hardwaretime.o
                0x0000000000802664                thisTimeout
                0x0000000000802666                timerList
                0x0000000000802668                timeoutList
 COMMON         0x000000000080266a        0x2 arch-blocks/system/microphone.o
                0x000000000080266a                _mic
 COMMON         0x000000000080266c       0x25 arch-blocks/system/clock.o
                0x000000000080266c                nbNeededAnswers
                0x000000000080266d                syncTimer
                0x000000000080267e                minId
                0x0000000000802680                leaderElectionTimeOut
                0x000000000080268a                minIdSender
                0x000000000080268b                syncChildren
 COMMON         0x0000000000802691       0x11 arch-blocks/hw-block/hwAccelerometer.o
                0x0000000000802691                twiMaster
 COMMON         0x00000000008026a2        0x6 arch-blocks/hw-block/hwDataLink.o
                0x00000000008026a2                wasEscapeStore
 COMMON         0x00000000008026a8       0x12 arch-blocks/hw-block/hwSerial.o
                0x00000000008026a8                hwPort
 COMMON         0x00000000008026ba        0x2 arch-blocks/hw-block/hwTime.o
                0x00000000008026ba                timeHi
 COMMON         0x00000000008026bc       0x14 arch-blocks/hw-block/soft_uart2.o
                0x00000000008026bc                soft_uart
 COMMON         0x00000000008026d0        0xe arch-blocks/hw-block/hwDebug.o
                0x00000000008026d0                debug
 COMMON         0x00000000008026de        0x4 /usr/lib/gcc/avr/4.7.2/../../../avr/lib/avrxmega6/libc.a(malloc.o)
                0x00000000008026de                __brkval
                0x00000000008026e0                __flp
 COMMON         0x00000000008026e2        0x6 /usr/lib/gcc/avr/4.7.2/../../../avr/lib/avrxmega6/libc.a(iob.o)
                0x00000000008026e2                __iob
                0x00000000008026e8                PROVIDE (__bss_end, .)
                0x0000000000005414                __data_load_start = LOADADDR (.data)
                0x000000000000553a                __data_load_end = (__data_load_start + SIZEOF (.data))

.noinit         0x00000000008026e8        0x0
                0x00000000008026e8                PROVIDE (__noinit_start, .)
 *(.noinit*)
                0x00000000008026e8                PROVIDE (__noinit_end, .)
                0x00000000008026e8                _end = .
                0x00000000008026e8                PROVIDE (__heap_start, .)

.eeprom         0x0000000000810000        0x4
 *(.eeprom*)
 .eeprom        0x0000000000810000        0x4 arch-blocks/system/memory.o
                0x0000000000810000                nv_conf
                0x0000000000810004                __eeprom_end = .

.fuse
 *(.fuse)
 *(.lfuse)
 *(.hfuse)
 *(.efuse)

.lock
 *(.lock*)

.signature
 *(.signature*)

.stab           0x0000000000000000     0x5cdc
 *(.stab)
 .stab          0x0000000000000000      0x6e4 /usr/lib/gcc/avr/4.7.2/../../../avr/lib/avrxmega6/crtx256a3.o
 .stab          0x00000000000006e4     0x12fc /usr/lib/gcc/avr/4.7.2/../../../avr/lib/avrxmega6/libprintf_flt.a(vfprintf_flt.o)
                                       0x1308 (size before relaxing)
 .stab          0x00000000000019e0       0x78 /usr/lib/gcc/avr/4.7.2/../../../avr/lib/avrxmega6/libm.a(addsf3.o)
                                         0x84 (size before relaxing)
 .stab          0x0000000000001a58      0x4bc /usr/lib/gcc/avr/4.7.2/../../../avr/lib/avrxmega6/libm.a(addsf3x.o)
                                        0x4c8 (size before relaxing)
 .stab          0x0000000000001f14       0x48 /usr/lib/gcc/avr/4.7.2/../../../avr/lib/avrxmega6/libm.a(divsf3.o)
                                         0x54 (size before relaxing)
 .stab          0x0000000000001f5c      0x510 /usr/lib/gcc/avr/4.7.2/../../../avr/lib/avrxmega6/libm.a(divsf3x.o)
                                        0x51c (size before relaxing)
 .stab          0x000000000000246c       0x6c /usr/lib/gcc/avr/4.7.2/../../../avr/lib/avrxmega6/libm.a(fixsfsi.o)
                                         0x78 (size before relaxing)
 .stab          0x00000000000024d8      0x240 /usr/lib/gcc/avr/4.7.2/../../../avr/lib/avrxmega6/libm.a(fixunssfsi.o)
                                        0x24c (size before relaxing)
 .stab          0x0000000000002718      0x318 /usr/lib/gcc/avr/4.7.2/../../../avr/lib/avrxmega6/libm.a(floatsisf.o)
                                        0x324 (size before relaxing)
 .stab          0x0000000000002a30      0x1a4 /usr/lib/gcc/avr/4.7.2/../../../avr/lib/avrxmega6/libm.a(fmax.o)
                                        0x1b0 (size before relaxing)
 .stab          0x0000000000002bd4       0x78 /usr/lib/gcc/avr/4.7.2/../../../avr/lib/avrxmega6/libm.a(fp_inf.o)
                                         0x84 (size before relaxing)
 .stab          0x0000000000002c4c       0x54 /usr/lib/gcc/avr/4.7.2/../../../avr/lib/avrxmega6/libm.a(fp_nan.o)
                                         0x60 (size before relaxing)
 .stab          0x0000000000002ca0       0x84 /usr/lib/gcc/avr/4.7.2/../../../avr/lib/avrxmega6/libm.a(fp_pscA.o)
                                         0x90 (size before relaxing)
 .stab          0x0000000000002d24       0x84 /usr/lib/gcc/avr/4.7.2/../../../avr/lib/avrxmega6/libm.a(fp_pscB.o)
                                         0x90 (size before relaxing)
 .stab          0x0000000000002da8       0xfc /usr/lib/gcc/avr/4.7.2/../../../avr/lib/avrxmega6/libm.a(fp_round.o)
                                        0x108 (size before relaxing)
 .stab          0x0000000000002ea4      0x1d4 /usr/lib/gcc/avr/4.7.2/../../../avr/lib/avrxmega6/libm.a(fp_split3.o)
                                        0x1e0 (size before relaxing)
 .stab          0x0000000000003078       0x90 /usr/lib/gcc/avr/4.7.2/../../../avr/lib/avrxmega6/libm.a(fp_zero.o)
                                         0x9c (size before relaxing)
 .stab          0x0000000000003108       0x48 /usr/lib/gcc/avr/4.7.2/../../../avr/lib/avrxmega6/libm.a(mulsf3.o)
                                         0x54 (size before relaxing)
 .stab          0x0000000000003150      0x4d4 /usr/lib/gcc/avr/4.7.2/../../../avr/lib/avrxmega6/libm.a(mulsf3x.o)
                                        0x4e0 (size before relaxing)
 .stab          0x0000000000003624      0x1b0 /usr/lib/gcc/avr/4.7.2/../../../avr/lib/avrxmega6/libm.a(round.o)
                                        0x1bc (size before relaxing)
 .stab          0x00000000000037d4      0x174 /usr/lib/gcc/avr/4.7.2/../../../avr/lib/avrxmega6/libm.a(fp_mintl.o)
                                        0x180 (size before relaxing)
 .stab          0x0000000000003948       0xe4 /usr/lib/gcc/avr/4.7.2/../../../avr/lib/avrxmega6/libm.a(fp_mpack.o)
                                         0xf0 (size before relaxing)
 .stab          0x0000000000003a2c      0x1bc /usr/lib/gcc/avr/4.7.2/../../../avr/lib/avrxmega6/libc.a(calloc.o)
                                        0x1f8 (size before relaxing)
 .stab          0x0000000000003be8      0x5b8 /usr/lib/gcc/avr/4.7.2/../../../avr/lib/avrxmega6/libc.a(malloc.o)
                                        0x798 (size before relaxing)
 .stab          0x00000000000041a0      0x2ac /usr/lib/gcc/avr/4.7.2/../../../avr/lib/avrxmega6/libc.a(rand.o)
                                        0x30c (size before relaxing)
 .stab          0x000000000000444c       0x48 /usr/lib/gcc/avr/4.7.2/../../../avr/lib/avrxmega6/libc.a(abort.o)
                                         0x54 (size before relaxing)
 .stab          0x0000000000004494      0xa38 /usr/lib/gcc/avr/4.7.2/../../../avr/lib/avrxmega6/libc.a(ftoa_engine.o)
                                        0xa44 (size before relaxing)
 .stab          0x0000000000004ecc       0x9c /usr/lib/gcc/avr/4.7.2/../../../avr/lib/avrxmega6/libc.a(strnlen_P.o)
                                         0xa8 (size before relaxing)
 .stab          0x0000000000004f68       0x84 /usr/lib/gcc/avr/4.7.2/../../../avr/lib/avrxmega6/libc.a(memcpy.o)
                                         0x90 (size before relaxing)
 .stab          0x0000000000004fec       0x6c /usr/lib/gcc/avr/4.7.2/../../../avr/lib/avrxmega6/libc.a(memset.o)
                                         0x78 (size before relaxing)
 .stab          0x0000000000005058       0x6c /usr/lib/gcc/avr/4.7.2/../../../avr/lib/avrxmega6/libc.a(strcpy.o)
                                         0x78 (size before relaxing)
 .stab          0x00000000000050c4       0x9c /usr/lib/gcc/avr/4.7.2/../../../avr/lib/avrxmega6/libc.a(strnlen.o)
                                         0xa8 (size before relaxing)
 .stab          0x0000000000005160      0x1d4 /usr/lib/gcc/avr/4.7.2/../../../avr/lib/avrxmega6/libc.a(fputc.o)
                                        0x3b4 (size before relaxing)
 .stab          0x0000000000005334      0x1bc /usr/lib/gcc/avr/4.7.2/../../../avr/lib/avrxmega6/libc.a(printf.o)
                                        0x39c (size before relaxing)
 .stab          0x00000000000054f0      0x240 /usr/lib/gcc/avr/4.7.2/../../../avr/lib/avrxmega6/libc.a(snprintf.o)
                                        0x420 (size before relaxing)
 .stab          0x0000000000005730      0x480 /usr/lib/gcc/avr/4.7.2/../../../avr/lib/avrxmega6/libc.a(ultoa_invert.o)
                                        0x48c (size before relaxing)
 .stab          0x0000000000005bb0      0x12c /usr/lib/gcc/avr/4.7.2/../../../avr/lib/avrxmega6/libc.a(iob.o)
                                        0x30c (size before relaxing)

.stabstr        0x0000000000000000     0x12b7
 *(.stabstr)
 .stabstr       0x0000000000000000     0x12b7 /usr/lib/gcc/avr/4.7.2/../../../avr/lib/avrxmega6/crtx256a3.o

.stab.excl
 *(.stab.excl)

.stab.exclstr
 *(.stab.exclstr)

.stab.index
 *(.stab.index)

.stab.indexstr
 *(.stab.indexstr)

.comment        0x0000000000000000       0x22
 *(.comment)
 .comment       0x0000000000000000       0x11 /usr/lib/gcc/avr/4.7.2/../../../avr/lib/avrxmega6/libprintf_flt.a(vfprintf_flt.o)
                                         0x12 (size before relaxing)
 .comment       0x0000000000000011       0x11 arch-blocks/system/test.o
                                         0x12 (size before relaxing)
 .comment       0x0000000000000000       0x12 arch-blocks/system/accelerometer.o
 .comment       0x0000000000000000       0x12 arch-blocks/system/block.o
 .comment       0x0000000000000000       0x12 arch-blocks/system/block_config.o
 .comment       0x0000000000000000       0x12 arch-blocks/system/boot.o
 .comment       0x0000000000000000       0x12 arch-blocks/system/circ_buffer.o
 .comment       0x0000000000000000       0x12 arch-blocks/system/data_link.o
 .comment       0x0000000000000000       0x12 arch-blocks/system/debug.o
 .comment       0x0000000000000000       0x12 arch-blocks/system/ensemble.o
 .comment       0x0000000000000000       0x12 arch-blocks/system/handler.o
 .comment       0x0000000000000000       0x12 arch-blocks/system/led.o
 .comment       0x0000000000000000       0x12 arch-blocks/system/memory.o
 .comment       0x0000000000000000       0x12 arch-blocks/system/message.o
 .comment       0x0000000000000000       0x12 arch-blocks/system/queues.o
 .comment       0x0000000000000000       0x12 arch-blocks/system/serial.o
 .comment       0x0000000000000000       0x12 arch-blocks/system/system.o
 .comment       0x0000000000000000       0x12 arch-blocks/system/hardwaretime.o
 .comment       0x0000000000000000       0x12 arch-blocks/system/microphone.o
 .comment       0x0000000000000000       0x12 arch-blocks/system/log.o
 .comment       0x0000000000000000       0x12 arch-blocks/system/clock.o
 .comment       0x0000000000000000       0x12 arch-blocks/hw-block/eeprom_driver.o
 .comment       0x0000000000000000       0x12 arch-blocks/hw-block/ext_memory.o
 .comment       0x0000000000000000       0x12 arch-blocks/hw-block/hwAccelerometer.o
 .comment       0x0000000000000000       0x12 arch-blocks/hw-block/hwBlockTick.o
 .comment       0x0000000000000000       0x12 arch-blocks/hw-block/hwBoot.o
 .comment       0x0000000000000000       0x12 arch-blocks/hw-block/hwDataLink.o
 .comment       0x0000000000000000       0x12 arch-blocks/hw-block/hwLED.o
 .comment       0x0000000000000000       0x12 arch-blocks/hw-block/hwMemory.o
 .comment       0x0000000000000000       0x12 arch-blocks/hw-block/hwSerial.o
 .comment       0x0000000000000000       0x12 arch-blocks/hw-block/hwTime.o
 .comment       0x0000000000000000       0x12 arch-blocks/hw-block/hwMicrophone.o
 .comment       0x0000000000000000       0x12 arch-blocks/hw-block/soft_uart2.o
 .comment       0x0000000000000000       0x12 arch-blocks/hw-block/system.o
 .comment       0x0000000000000000       0x12 arch-blocks/hw-block/twi_master_driver.o
 .comment       0x0000000000000000       0x12 arch-blocks/hw-block/hwDebug.o
 .comment       0x0000000000000000       0x12 /usr/lib/gcc/avr/4.7.2/../../../avr/lib/avrxmega6/libc.a(calloc.o)
 .comment       0x0000000000000000       0x12 /usr/lib/gcc/avr/4.7.2/../../../avr/lib/avrxmega6/libc.a(malloc.o)
 .comment       0x0000000000000000       0x12 /usr/lib/gcc/avr/4.7.2/../../../avr/lib/avrxmega6/libc.a(rand.o)
 .comment       0x0000000000000000       0x12 /usr/lib/gcc/avr/4.7.2/../../../avr/lib/avrxmega6/libc.a(fputc.o)
 .comment       0x0000000000000000       0x12 /usr/lib/gcc/avr/4.7.2/../../../avr/lib/avrxmega6/libc.a(printf.o)
 .comment       0x0000000000000000       0x12 /usr/lib/gcc/avr/4.7.2/../../../avr/lib/avrxmega6/libc.a(snprintf.o)
 .comment       0x0000000000000000       0x12 /usr/lib/gcc/avr/4.7.2/../../../avr/lib/avrxmega6/libc.a(iob.o)

.debug
 *(.debug)

.line
 *(.line)

.debug_srcinfo
 *(.debug_srcinfo)

.debug_sfnames
 *(.debug_sfnames)

.debug_aranges  0x0000000000000000      0x460
 *(.debug_aranges)
 .debug_aranges
                0x0000000000000000       0x20 arch-blocks/system/test.o
 .debug_aranges
                0x0000000000000020       0x20 arch-blocks/system/accelerometer.o
 .debug_aranges
                0x0000000000000040       0x20 arch-blocks/system/block.o
 .debug_aranges
                0x0000000000000060       0x20 arch-blocks/system/block_config.o
 .debug_aranges
                0x0000000000000080       0x20 arch-blocks/system/boot.o
 .debug_aranges
                0x00000000000000a0       0x20 arch-blocks/system/circ_buffer.o
 .debug_aranges
                0x00000000000000c0       0x20 arch-blocks/system/data_link.o
 .debug_aranges
                0x00000000000000e0       0x20 arch-blocks/system/debug.o
 .debug_aranges
                0x0000000000000100       0x20 arch-blocks/system/ensemble.o
 .debug_aranges
                0x0000000000000120       0x20 arch-blocks/system/handler.o
 .debug_aranges
                0x0000000000000140       0x20 arch-blocks/system/led.o
 .debug_aranges
                0x0000000000000160       0x20 arch-blocks/system/memory.o
 .debug_aranges
                0x0000000000000180       0x20 arch-blocks/system/message.o
 .debug_aranges
                0x00000000000001a0       0x20 arch-blocks/system/queues.o
 .debug_aranges
                0x00000000000001c0       0x20 arch-blocks/system/serial.o
 .debug_aranges
                0x00000000000001e0       0x20 arch-blocks/system/system.o
 .debug_aranges
                0x0000000000000200       0x20 arch-blocks/system/hardwaretime.o
 .debug_aranges
                0x0000000000000220       0x20 arch-blocks/system/microphone.o
 .debug_aranges
                0x0000000000000240       0x20 arch-blocks/system/log.o
 .debug_aranges
                0x0000000000000260       0x20 arch-blocks/system/clock.o
 .debug_aranges
                0x0000000000000280       0x20 arch-blocks/hw-block/eeprom_driver.o
 .debug_aranges
                0x00000000000002a0       0x20 arch-blocks/hw-block/ext_memory.o
 .debug_aranges
                0x00000000000002c0       0x20 arch-blocks/hw-block/hwAccelerometer.o
 .debug_aranges
                0x00000000000002e0       0x20 arch-blocks/hw-block/hwBlockTick.o
 .debug_aranges
                0x0000000000000300       0x20 arch-blocks/hw-block/hwBoot.o
 .debug_aranges
                0x0000000000000320       0x20 arch-blocks/hw-block/hwDataLink.o
 .debug_aranges
                0x0000000000000340       0x20 arch-blocks/hw-block/hwLED.o
 .debug_aranges
                0x0000000000000360       0x20 arch-blocks/hw-block/hwMemory.o
 .debug_aranges
                0x0000000000000380       0x20 arch-blocks/hw-block/hwSerial.o
 .debug_aranges
                0x00000000000003a0       0x20 arch-blocks/hw-block/hwTime.o
 .debug_aranges
                0x00000000000003c0       0x20 arch-blocks/hw-block/hwMicrophone.o
 .debug_aranges
                0x00000000000003e0       0x20 arch-blocks/hw-block/soft_uart2.o
 .debug_aranges
                0x0000000000000400       0x20 arch-blocks/hw-block/system.o
 .debug_aranges
                0x0000000000000420       0x20 arch-blocks/hw-block/twi_master_driver.o
 .debug_aranges
                0x0000000000000440       0x20 arch-blocks/hw-block/hwDebug.o

.debug_pubnames
 *(.debug_pubnames)

.debug_info     0x0000000000000000     0xcc07
 *(.debug_info)
 .debug_info    0x0000000000000000      0x48f arch-blocks/system/test.o
 .debug_info    0x000000000000048f      0x16d arch-blocks/system/accelerometer.o
 .debug_info    0x00000000000005fc      0x2d9 arch-blocks/system/block.o
 .debug_info    0x00000000000008d5      0x166 arch-blocks/system/block_config.o
 .debug_info    0x0000000000000a3b       0x55 arch-blocks/system/boot.o
 .debug_info    0x0000000000000a90      0x274 arch-blocks/system/circ_buffer.o
 .debug_info    0x0000000000000d04      0x86c arch-blocks/system/data_link.o
 .debug_info    0x0000000000001570       0x94 arch-blocks/system/debug.o
 .debug_info    0x0000000000001604      0xbdd arch-blocks/system/ensemble.o
 .debug_info    0x00000000000021e1      0x230 arch-blocks/system/handler.o
 .debug_info    0x0000000000002411      0x39f arch-blocks/system/led.o
 .debug_info    0x00000000000027b0      0x2e8 arch-blocks/system/memory.o
 .debug_info    0x0000000000002a98      0x51e arch-blocks/system/message.o
 .debug_info    0x0000000000002fb6      0x27d arch-blocks/system/queues.o
 .debug_info    0x0000000000003233      0x425 arch-blocks/system/serial.o
 .debug_info    0x0000000000003658      0x1b4 arch-blocks/system/system.o
 .debug_info    0x000000000000380c      0x54c arch-blocks/system/hardwaretime.o
 .debug_info    0x0000000000003d58       0xa7 arch-blocks/system/microphone.o
 .debug_info    0x0000000000003dff      0xb17 arch-blocks/system/log.o
 .debug_info    0x0000000000004916      0xf9d arch-blocks/system/clock.o
 .debug_info    0x00000000000058b3      0x530 arch-blocks/hw-block/eeprom_driver.o
 .debug_info    0x0000000000005de3      0x936 arch-blocks/hw-block/ext_memory.o
 .debug_info    0x0000000000006719      0xa7c arch-blocks/hw-block/hwAccelerometer.o
 .debug_info    0x0000000000007195      0x7b7 arch-blocks/hw-block/hwBlockTick.o
 .debug_info    0x000000000000794c       0xf3 arch-blocks/hw-block/hwBoot.o
 .debug_info    0x0000000000007a3f      0xa0e arch-blocks/hw-block/hwDataLink.o
 .debug_info    0x000000000000844d      0xe23 arch-blocks/hw-block/hwLED.o
 .debug_info    0x0000000000009270      0x22f arch-blocks/hw-block/hwMemory.o
 .debug_info    0x000000000000949f      0xc48 arch-blocks/hw-block/hwSerial.o
 .debug_info    0x000000000000a0e7      0x4db arch-blocks/hw-block/hwTime.o
 .debug_info    0x000000000000a5c2      0x88c arch-blocks/hw-block/hwMicrophone.o
 .debug_info    0x000000000000ae4e     0x1167 arch-blocks/hw-block/soft_uart2.o
 .debug_info    0x000000000000bfb5       0xa3 arch-blocks/hw-block/system.o
 .debug_info    0x000000000000c058      0x8eb arch-blocks/hw-block/twi_master_driver.o
 .debug_info    0x000000000000c943      0x2c4 arch-blocks/hw-block/hwDebug.o
 *(.gnu.linkonce.wi.*)

.debug_abbrev   0x0000000000000000     0x3a7d
 *(.debug_abbrev)
 .debug_abbrev  0x0000000000000000      0x17d arch-blocks/system/test.o
 .debug_abbrev  0x000000000000017d       0xf7 arch-blocks/system/accelerometer.o
 .debug_abbrev  0x0000000000000274      0x11c arch-blocks/system/block.o
 .debug_abbrev  0x0000000000000390       0xe6 arch-blocks/system/block_config.o
 .debug_abbrev  0x0000000000000476       0x4d arch-blocks/system/boot.o
 .debug_abbrev  0x00000000000004c3      0x1c8 arch-blocks/system/circ_buffer.o
 .debug_abbrev  0x000000000000068b      0x33c arch-blocks/system/data_link.o
 .debug_abbrev  0x00000000000009c7       0x63 arch-blocks/system/debug.o
 .debug_abbrev  0x0000000000000a2a      0x3a1 arch-blocks/system/ensemble.o
 .debug_abbrev  0x0000000000000dcb      0x14e arch-blocks/system/handler.o
 .debug_abbrev  0x0000000000000f19      0x19e arch-blocks/system/led.o
 .debug_abbrev  0x00000000000010b7      0x123 arch-blocks/system/memory.o
 .debug_abbrev  0x00000000000011da      0x1a9 arch-blocks/system/message.o
 .debug_abbrev  0x0000000000001383       0xc7 arch-blocks/system/queues.o
 .debug_abbrev  0x000000000000144a      0x149 arch-blocks/system/serial.o
 .debug_abbrev  0x0000000000001593       0x9d arch-blocks/system/system.o
 .debug_abbrev  0x0000000000001630      0x230 arch-blocks/system/hardwaretime.o
 .debug_abbrev  0x0000000000001860       0x62 arch-blocks/system/microphone.o
 .debug_abbrev  0x00000000000018c2      0x31e arch-blocks/system/log.o
 .debug_abbrev  0x0000000000001be0      0x3b2 arch-blocks/system/clock.o
 .debug_abbrev  0x0000000000001f92      0x199 arch-blocks/hw-block/eeprom_driver.o
 .debug_abbrev  0x000000000000212b      0x226 arch-blocks/hw-block/ext_memory.o
 .debug_abbrev  0x0000000000002351      0x1f7 arch-blocks/hw-block/hwAccelerometer.o
 .debug_abbrev  0x0000000000002548      0x13c arch-blocks/hw-block/hwBlockTick.o
 .debug_abbrev  0x0000000000002684       0xa6 arch-blocks/hw-block/hwBoot.o
 .debug_abbrev  0x000000000000272a      0x293 arch-blocks/hw-block/hwDataLink.o
 .debug_abbrev  0x00000000000029bd      0x154 arch-blocks/hw-block/hwLED.o
 .debug_abbrev  0x0000000000002b11      0x10b arch-blocks/hw-block/hwMemory.o
 .debug_abbrev  0x0000000000002c1c      0x2ce arch-blocks/hw-block/hwSerial.o
 .debug_abbrev  0x0000000000002eea      0x21a arch-blocks/hw-block/hwTime.o
 .debug_abbrev  0x0000000000003104      0x1c5 arch-blocks/hw-block/hwMicrophone.o
 .debug_abbrev  0x00000000000032c9      0x2e5 arch-blocks/hw-block/soft_uart2.o
 .debug_abbrev  0x00000000000035ae       0x67 arch-blocks/hw-block/system.o
 .debug_abbrev  0x0000000000003615      0x2ff arch-blocks/hw-block/twi_master_driver.o
 .debug_abbrev  0x0000000000003914      0x169 arch-blocks/hw-block/hwDebug.o

.debug_line     0x0000000000000000     0x344f
 *(.debug_line)
 .debug_line    0x0000000000000000      0x130 arch-blocks/system/test.o
 .debug_line    0x0000000000000130      0x123 arch-blocks/system/accelerometer.o
 .debug_line    0x0000000000000253      0x1ff arch-blocks/system/block.o
 .debug_line    0x0000000000000452      0x106 arch-blocks/system/block_config.o
 .debug_line    0x0000000000000558       0xb1 arch-blocks/system/boot.o
 .debug_line    0x0000000000000609      0x151 arch-blocks/system/circ_buffer.o
 .debug_line    0x000000000000075a      0x29f arch-blocks/system/data_link.o
 .debug_line    0x00000000000009f9       0xb3 arch-blocks/system/debug.o
 .debug_line    0x0000000000000aac      0x2b3 arch-blocks/system/ensemble.o
 .debug_line    0x0000000000000d5f      0x102 arch-blocks/system/handler.o
 .debug_line    0x0000000000000e61      0x11e arch-blocks/system/led.o
 .debug_line    0x0000000000000f7f      0x110 arch-blocks/system/memory.o
 .debug_line    0x000000000000108f      0x12a arch-blocks/system/message.o
 .debug_line    0x00000000000011b9       0xef arch-blocks/system/queues.o
 .debug_line    0x00000000000012a8      0x177 arch-blocks/system/serial.o
 .debug_line    0x000000000000141f       0xdc arch-blocks/system/system.o
 .debug_line    0x00000000000014fb      0x20b arch-blocks/system/hardwaretime.o
 .debug_line    0x0000000000001706       0xb9 arch-blocks/system/microphone.o