Archive member included because of file (symbol)

/usr/lib/gcc/avr/4.7.2/../../../avr/lib/avrxmega6/libprintf_flt.a(vfprintf_flt.o)
                              (vfprintf)
/usr/lib/gcc/avr/4.7.2/../../../avr/lib/avrxmega6/libm.a(addsf3.o)
                              arch-blocks/system/clock.o (__subsf3)
/usr/lib/gcc/avr/4.7.2/../../../avr/lib/avrxmega6/libm.a(addsf3x.o)
                              /usr/lib/gcc/avr/4.7.2/../../../avr/lib/avrxmega6/libm.a(addsf3.o) (__addsf3x)
/usr/lib/gcc/avr/4.7.2/../../../avr/lib/avrxmega6/libm.a(divsf3.o)
                              arch-blocks/system/clock.o (__divsf3)
/usr/lib/gcc/avr/4.7.2/../../../avr/lib/avrxmega6/libm.a(divsf3x.o)
                              /usr/lib/gcc/avr/4.7.2/../../../avr/lib/avrxmega6/libm.a(divsf3.o) (__divsf3x)
/usr/lib/gcc/avr/4.7.2/../../../avr/lib/avrxmega6/libm.a(fixsfsi.o)
                              arch-blocks/system/clock.o (__fixsfsi)
/usr/lib/gcc/avr/4.7.2/../../../avr/lib/avrxmega6/libm.a(fixunssfsi.o)
                              arch-blocks/system/clock.o (__fixunssfsi)
/usr/lib/gcc/avr/4.7.2/../../../avr/lib/avrxmega6/libm.a(floatsisf.o)
                              arch-blocks/system/clock.o (__floatunsisf)
/usr/lib/gcc/avr/4.7.2/../../../avr/lib/avrxmega6/libm.a(fmax.o)
                              arch-blocks/system/clock.o (fmax)
/usr/lib/gcc/avr/4.7.2/../../../avr/lib/avrxmega6/libm.a(fp_inf.o)
                              /usr/lib/gcc/avr/4.7.2/../../../avr/lib/avrxmega6/libm.a(addsf3x.o) (__fp_inf)
/usr/lib/gcc/avr/4.7.2/../../../avr/lib/avrxmega6/libm.a(fp_nan.o)
                              /usr/lib/gcc/avr/4.7.2/../../../avr/lib/avrxmega6/libm.a(addsf3x.o) (__fp_nan)
/usr/lib/gcc/avr/4.7.2/../../../avr/lib/avrxmega6/libm.a(fp_pscA.o)
                              /usr/lib/gcc/avr/4.7.2/../../../avr/lib/avrxmega6/libm.a(addsf3x.o) (__fp_pscA)
/usr/lib/gcc/avr/4.7.2/../../../avr/lib/avrxmega6/libm.a(fp_pscB.o)
                              /usr/lib/gcc/avr/4.7.2/../../../avr/lib/avrxmega6/libm.a(addsf3x.o) (__fp_pscB)
/usr/lib/gcc/avr/4.7.2/../../../avr/lib/avrxmega6/libm.a(fp_round.o)
                              /usr/lib/gcc/avr/4.7.2/../../../avr/lib/avrxmega6/libm.a(addsf3.o) (__fp_round)
/usr/lib/gcc/avr/4.7.2/../../../avr/lib/avrxmega6/libm.a(fp_split3.o)
                              /usr/lib/gcc/avr/4.7.2/../../../avr/lib/avrxmega6/libm.a(addsf3x.o) (__fp_split3)
/usr/lib/gcc/avr/4.7.2/../../../avr/lib/avrxmega6/libm.a(fp_zero.o)
                              /usr/lib/gcc/avr/4.7.2/../../../avr/lib/avrxmega6/libm.a(addsf3x.o) (__fp_zero)
/usr/lib/gcc/avr/4.7.2/../../../avr/lib/avrxmega6/libm.a(mulsf3.o)
                              arch-blocks/system/clock.o (__mulsf3)
/usr/lib/gcc/avr/4.7.2/../../../avr/lib/avrxmega6/libm.a(mulsf3x.o)
                              /usr/lib/gcc/avr/4.7.2/../../../avr/lib/avrxmega6/libm.a(mulsf3.o) (__mulsf3x)
/usr/lib/gcc/avr/4.7.2/../../../avr/lib/avrxmega6/libm.a(round.o)
                              arch-blocks/system/clock.o (round)
/usr/lib/gcc/avr/4.7.2/../../../avr/lib/avrxmega6/libm.a(fp_mintl.o)
                              /usr/lib/gcc/avr/4.7.2/../../../avr/lib/avrxmega6/libm.a(round.o) (__fp_mintl)
/usr/lib/gcc/avr/4.7.2/../../../avr/lib/avrxmega6/libm.a(fp_mpack.o)
                              /usr/lib/gcc/avr/4.7.2/../../../avr/lib/avrxmega6/libm.a(round.o) (__fp_mpack)
/usr/lib/gcc/avr/4.7.2/avrxmega6/libgcc.a(_muluhisi3.o)
                              arch-blocks/hw-block/soft_uart2.o (__muluhisi3)
/usr/lib/gcc/avr/4.7.2/avrxmega6/libgcc.a(_udivmodqi4.o)
                              arch-blocks/system/log.o (__udivmodqi4)
/usr/lib/gcc/avr/4.7.2/avrxmega6/libgcc.a(_udivmodhi4.o)
                              arch-blocks/system/clock.o (__udivmodhi4)
/usr/lib/gcc/avr/4.7.2/avrxmega6/libgcc.a(_udivmodsi4.o)
                              arch-blocks/hw-block/soft_uart2.o (__udivmodsi4)
/usr/lib/gcc/avr/4.7.2/avrxmega6/libgcc.a(_exit.o)
                              /usr/lib/gcc/avr/4.7.2/../../../avr/lib/avrxmega6/crtx256a3.o (exit)
/usr/lib/gcc/avr/4.7.2/avrxmega6/libgcc.a(_copy_data.o)
                              arch-blocks/system/test.o (__do_copy_data)
/usr/lib/gcc/avr/4.7.2/avrxmega6/libgcc.a(_clear_bss.o)
                              arch-blocks/system/accelerometer.o (__do_clear_bss)
/usr/lib/gcc/avr/4.7.2/avrxmega6/libgcc.a(_cmpdi2_s8.o)
                              arch-blocks/system/handler.o (__cmpdi2_s8)
/usr/lib/gcc/avr/4.7.2/avrxmega6/libgcc.a(_umulhisi3.o)
                              /usr/lib/gcc/avr/4.7.2/avrxmega6/libgcc.a(_muluhisi3.o) (__umulhisi3)
/usr/lib/gcc/avr/4.7.2/../../../avr/lib/avrxmega6/libc.a(calloc.o)
                              arch-blocks/system/log.o (calloc)
/usr/lib/gcc/avr/4.7.2/../../../avr/lib/avrxmega6/libc.a(malloc.o)
                              /usr/lib/gcc/avr/4.7.2/../../../avr/lib/avrxmega6/libc.a(calloc.o) (malloc)
/usr/lib/gcc/avr/4.7.2/../../../avr/lib/avrxmega6/libc.a(abort.o)
[...]
Memory Configuration

Name             Origin             Length             Attributes
text             0x0000000000000000 0x0000000000100000 xr
data             0x0000000000802000 0x000000000000ffa0 rw !x
eeprom           0x0000000000810000 0x0000000000010000 rw !x
fuse             0x0000000000820000 0x0000000000000400 rw !x
lock             0x0000000000830000 0x0000000000000400 rw !x
signature        0x0000000000840000 0x0000000000000400 rw !x
*default*        0x0000000000000000 0xffffffffffffffff

Linker script and memory map

LOAD /usr/lib/gcc/avr/4.7.2/../../../avr/lib/avrxmega6/crtx256a3.o
LOAD /usr/lib/gcc/avr/4.7.2/../../../avr/lib/avrxmega6/libprintf_flt.a
LOAD /usr/lib/gcc/avr/4.7.2/../../../avr/lib/avrxmega6/libm.a
LOAD arch-blocks/system/test.o
LOAD arch-blocks/system/accelerometer.o
LOAD arch-blocks/system/block.o
LOAD arch-blocks/system/block_config.o
LOAD arch-blocks/system/boot.o
LOAD arch-blocks/system/circ_buffer.o
LOAD arch-blocks/system/data_link.o
LOAD arch-blocks/system/debug.o
LOAD arch-blocks/system/ensemble.o
LOAD arch-blocks/system/handler.o
LOAD arch-blocks/system/led.o
LOAD arch-blocks/system/memory.o
LOAD arch-blocks/system/message.o
LOAD arch-blocks/system/queues.o
LOAD arch-blocks/system/serial.o
LOAD arch-blocks/system/system.o
LOAD arch-blocks/system/hardwaretime.o
LOAD arch-blocks/system/microphone.o
LOAD arch-blocks/system/log.o
LOAD arch-blocks/system/clock.o
LOAD arch-blocks/hw-block/eeprom_driver.o
LOAD arch-blocks/hw-block/ext_memory.o
LOAD arch-blocks/hw-block/hwAccelerometer.o
LOAD arch-blocks/hw-block/hwBlockTick.o
LOAD arch-blocks/hw-block/hwBoot.o
LOAD arch-blocks/hw-block/hwDataLink.o
LOAD arch-blocks/hw-block/hwLED.o
LOAD arch-blocks/hw-block/hwMemory.o
LOAD arch-blocks/hw-block/hwSerial.o
LOAD arch-blocks/hw-block/hwTime.o
LOAD arch-blocks/hw-block/hwMicrophone.o
LOAD arch-blocks/hw-block/soft_uart2.o
LOAD arch-blocks/hw-block/system.o
LOAD arch-blocks/hw-block/twi_master_driver.o
LOAD arch-blocks/hw-block/hwDebug.o
LOAD /usr/lib/gcc/avr/4.7.2/../../../avr/lib/avrxmega6/libm.a
LOAD /usr/lib/gcc/avr/4.7.2/avrxmega6/libgcc.a
LOAD /usr/lib/gcc/avr/4.7.2/../../../avr/lib/avrxmega6/libc.a
LOAD /usr/lib/gcc/avr/4.7.2/avrxmega6/libgcc.a

.hash
 *(.hash)

.dynsym
 *(.dynsym)

.dynstr
 *(.dynstr)

.gnu.version
 *(.gnu.version)

.gnu.version_d
 *(.gnu.version_d)

.gnu.version_r
 *(.gnu.version_r)

.rel.init
 *(.rel.init)

.rela.init
 *(.rela.init)

.rel.text
 *(.rel.text)
 *(.rel.text.*)
 *(.rel.gnu.linkonce.t*)

.rela.text
 *(.rela.text)
 *(.rela.text.*)
 *(.rela.gnu.linkonce.t*)

.rel.fini
 *(.rel.fini)

.rela.fini
 *(.rela.fini)

.rel.rodata
 *(.rel.rodata)
 *(.rel.rodata.*)
 *(.rel.gnu.linkonce.r*)

.rela.rodata
 *(.rela.rodata)
 *(.rela.rodata.*)
 *(.rela.gnu.linkonce.r*)

.rel.data
 *(.rel.data)
 *(.rel.data.*)
 *(.rel.gnu.linkonce.d*)

.rela.data
 *(.rela.data)
 *(.rela.data.*)
 *(.rela.gnu.linkonce.d*)

.rel.ctors
 *(.rel.ctors)

.rela.ctors
 *(.rela.ctors)

.rel.dtors
 *(.rel.dtors)

.rela.dtors
 *(.rela.dtors)

.rel.got
 *(.rel.got)

.rela.got
 *(.rela.got)

.rel.bss
 *(.rel.bss)

.rela.bss
 *(.rela.bss)

.rel.plt
 *(.rel.plt)

.rela.plt
 *(.rela.plt)

.text           0x0000000000000000     0x532e
 *(.vectors)
 .vectors       0x0000000000000000      0x1e8 /usr/lib/gcc/avr/4.7.2/../../../avr/lib/avrxmega6/crtx256a3.o
                0x0000000000000000                __vectors
                0x0000000000000000                __vector_default
 *(.vectors)
 *(.progmem.gcc*)
 *(.progmem*)
 .progmem.data  0x00000000000001e8        0x8 /usr/lib/gcc/avr/4.7.2/../../../avr/lib/avrxmega6/libprintf_flt.a(vfprintf_flt.o)
 .progmem.data  0x00000000000001f0       0xfa /usr/lib/gcc/avr/4.7.2/../../../avr/lib/avrxmega6/libc.a(ftoa_engine.o)
                0x00000000000002ea                . = ALIGN (0x2)
                0x00000000000002ea                __trampolines_start = .
 *(.trampolines)
 .trampolines   0x00000000000002ea        0x0 linker stubs
 *(.trampolines*)
                0x00000000000002ea                __trampolines_end = .
 *(.jumptables)
 *(.jumptables*)
 *(.lowtext)
 *(.lowtext*)
                0x00000000000002ea                __ctors_start = .
 *(.ctors)
                0x00000000000002ea                __ctors_end = .
                0x00000000000002ea                __dtors_start = .
 *(.dtors)
                0x00000000000002ea                __dtors_end = .
 SORT(*)(.ctors)
 SORT(*)(.dtors)
 *(.init0)
 .init0         0x00000000000002ea        0x0 /usr/lib/gcc/avr/4.7.2/../../../avr/lib/avrxmega6/crtx256a3.o
                0x00000000000002ea                __init
 *(.init0)
 *(.init1)
 *(.init1)
 *(.init2)
 .init2         0x00000000000002ea       0x10 /usr/lib/gcc/avr/4.7.2/../../../avr/lib/avrxmega6/crtx256a3.o
 *(.init2)
 *(.init3)
 *(.init3)
 *(.init4)
 .init4         0x00000000000002fa       0x1a /usr/lib/gcc/avr/4.7.2/avrxmega6/libgcc.a(_copy_data.o)
                0x00000000000002fa                __do_copy_data
 .init4         0x0000000000000314       0x10 /usr/lib/gcc/avr/4.7.2/avrxmega6/libgcc.a(_clear_bss.o)
                0x0000000000000314                __do_clear_bss
 *(.init4)
 *(.init5)
 *(.init5)
 *(.init6)
 *(.init6)
 *(.init7)
 *(.init7)
 *(.init8)
 *(.init8)
 *(.init9)
 .init9         0x0000000000000324        0x8 /usr/lib/gcc/avr/4.7.2/../../../avr/lib/avrxmega6/crtx256a3.o
 *(.init9)
 *(.text)
 .text          0x000000000000032c        0x4 /usr/lib/gcc/avr/4.7.2/../../../avr/lib/avrxmega6/crtx256a3.o
                0x000000000000032c                __vector_38
                0x000000000000032c                __vector_104
                0x000000000000032c                __vector_22
                0x000000000000032c                __vector_63
                0x000000000000032c                __vector_67
                0x000000000000032c                __vector_1
                0x000000000000032c                __vector_32
                0x000000000000032c                __vector_75
                0x000000000000032c                __vector_62
                0x000000000000032c                __vector_77
                0x000000000000032c                __vector_102
                0x000000000000032c                __vector_24
                0x000000000000032c                __vector_12
                0x000000000000032c                __vector_55
                0x000000000000032c                __vector_69
                0x000000000000032c                __vector_81
                0x000000000000032c                __bad_interrupt
                0x000000000000032c                __vector_72
                0x000000000000032c                __vector_114
                0x000000000000032c                __vector_6
                0x000000000000032c                __vector_110
                0x000000000000032c                __vector_31
                0x000000000000032c                __vector_92
                0x000000000000032c                __vector_35
                0x000000000000032c                __vector_78
                0x000000000000032c                __vector_74
                0x000000000000032c                __vector_117
                0x000000000000032c                __vector_39
                0x000000000000032c                __vector_107
                0x000000000000032c                __vector_3
                0x000000000000032c                __vector_105
                0x000000000000032c                __vector_98
                0x000000000000032c                __vector_23
                0x000000000000032c                __vector_68
                0x000000000000032c                __vector_73
                0x000000000000032c                __vector_45
                0x000000000000032c                __vector_61
                0x000000000000032c                __vector_11
                0x000000000000032c                __vector_54
                0x000000000000032c                __vector_99
                0x000000000000032c                __vector_13
                0x000000000000032c                __vector_17
                0x000000000000032c                __vector_19
                0x000000000000032c                __vector_56
                0x000000000000032c                __vector_7
                0x000000000000032c                __vector_49
                0x000000000000032c                __vector_41
                0x000000000000032c                __vector_86
                0x000000000000032c                __vector_100
                0x000000000000032c                __vector_101
                0x000000000000032c                __vector_64
                0x000000000000032c                __vector_109
                0x000000000000032c                __vector_43
                0x000000000000032c                __vector_5
                0x000000000000032c                __vector_113
                0x000000000000032c                __vector_33
                0x000000000000032c                __vector_76
                0x000000000000032c                __vector_115
                0x000000000000032c                __vector_47
                0x000000000000032c                __vector_52
                0x000000000000032c                __vector_37
                0x000000000000032c                __vector_95
                0x000000000000032c                __vector_103
                0x000000000000032c                __vector_96
                0x000000000000032c                __vector_89
                0x000000000000032c                __vector_4
                0x000000000000032c                __vector_44
                0x000000000000032c                __vector_82
                0x000000000000032c                __vector_106
                0x000000000000032c                __vector_118
                0x000000000000032c                __vector_51
                0x000000000000032c                __vector_9
                0x000000000000032c                __vector_2
                0x000000000000032c                __vector_21
                0x000000000000032c                __vector_15
                0x000000000000032c                __vector_66
                0x000000000000032c                __vector_36
                0x000000000000032c                __vector_79
                0x000000000000032c                __vector_70
                0x000000000000032c                __vector_29
                0x000000000000032c                __vector_40
                0x000000000000032c                __vector_85
                0x000000000000032c                __vector_94
                0x000000000000032c                __vector_8
                0x000000000000032c                __vector_26
                0x000000000000032c                __vector_48
                0x000000000000032c                __vector_116
                0x000000000000032c                __vector_112
                0x000000000000032c                __vector_111
                0x000000000000032c                __vector_80
                0x000000000000032c                __vector_14
                0x000000000000032c                __vector_84
                0x000000000000032c                __vector_57
                0x000000000000032c                __vector_53
                0x000000000000032c                __vector_50
                0x000000000000032c                __vector_16
                0x000000000000032c                __vector_59
                0x000000000000032c                __vector_18
                0x000000000000032c                __vector_97
                0x000000000000032c                __vector_20
                0x000000000000032c                __vector_42
                0x000000000000032c                __vector_87
                0x000000000000032c                __vector_65
                0x000000000000032c                __vector_120
 .text          0x0000000000000330        0x0 /usr/lib/gcc/avr/4.7.2/../../../avr/lib/avrxmega6/libprintf_flt.a(vfprintf_flt.o)
 .text          0x0000000000000330      0x110 arch-blocks/system/test.o
                0x0000000000000330                myMain
                0x0000000000000338                getCmdData
                0x000000000000042c                userRegistration
 .text          0x0000000000000440       0x1a arch-blocks/system/accelerometer.o
                0x0000000000000440                getAccelData
                0x0000000000000452                newAccelData
                0x0000000000000456                updateAccel
 .text          0x000000000000045a       0x96 arch-blocks/system/block.o
                0x000000000000045a                blockTick
                0x00000000000004b0                initBlock
 .text          0x00000000000004f0       0x22 arch-blocks/system/block_config.o
                0x00000000000004f0                setUID
                0x00000000000004fa                setAndStoreUID
 .text          0x0000000000000512        0x4 arch-blocks/system/boot.o
                0x0000000000000512                jumpToBootSection
 .text          0x0000000000000516       0x7a arch-blocks/system/circ_buffer.o
                0x0000000000000516                push
                0x000000000000054c                pop
                0x0000000000000582                isEmpty
 .text          0x0000000000000590      0x254 arch-blocks/system/data_link.o
                0x0000000000000590                defaultMsgHandler
                0x0000000000000594                reservedSystemHandler
                0x00000000000005ce                removeFromSq
                0x0000000000000656                flushSendQueue
                0x0000000000000680                setupChunk
                0x00000000000006f8                queueChunk
                0x000000000000075c                handleOneMessage
                0x00000000000007ca                initDataLink
 .text          0x00000000000007e4        0x4 arch-blocks/system/debug.o
                0x00000000000007e4                initDebug
 .text          0x00000000000007e8      0x5ec arch-blocks/system/ensemble.o
                0x00000000000007e8                neighborKeepalive
                0x0000000000000864                neighborScan
                0x00000000000008e0                neighborScanCB
                0x000000000000095a                GUIDIntoChar
                0x0000000000000962                charToGUID
                0x0000000000000970                getNeighborCount
                0x000000000000098a                down
                0x0000000000000994                up
                0x000000000000099e                north
                0x00000000000009a8                south
                0x00000000000009b2                east
                0x00000000000009bc                west
                0x00000000000009c6                updateNeighbor
                0x0000000000000a10                restartScan
                0x0000000000000a7a                handleNeighborMessage
                0x0000000000000cba                neighborHandshakeCB
                0x0000000000000d54                neighborKeepaliveCB
                0x0000000000000d8a                initEnsemble
 .text          0x0000000000000dd4      0x200 arch-blocks/system/handler.o
                0x0000000000000dd4                initHandlers
                0x0000000000000e06                executeHandlers
                0x0000000000000ef4                triggerHandler
                0x0000000000000f62                registerHandler
                0x0000000000000f8c                unregisterHandler
                0x0000000000000fb6                callHandler
 .text          0x0000000000000fd4       0x68 arch-blocks/system/led.o
                0x0000000000000fd4                getColor
                0x0000000000000fda                getNextColor
                0x0000000000000fe8                setColor
                0x000000000000100a                setNextColor
                0x0000000000001018                setLED
                0x000000000000101c                setIntensity
                0x0000000000001032                getIntensity
                0x0000000000001038                initLED
 .text          0x000000000000103c       0x86 arch-blocks/system/memory.o
                0x000000000000103c                initializeMemory
                0x000000000000105e                freeChunk
                0x000000000000107a                getSystemChunk
                0x00000000000010b6                getSystemRXChunk
                0x00000000000010bc                getSystemTXChunk
 .text          0x00000000000010c2      0x142 arch-blocks/system/message.o
                0x00000000000010c2                sendMessageToUid
                0x0000000000001110                sendMessageToPort
                0x0000000000001148                sendSystemMessage
                0x0000000000001202                initSystemMessage
 .text          0x0000000000001204       0x16 arch-blocks/system/queues.o
                0x0000000000001204                retrySend
 .text          0x000000000000121a       0x72 arch-blocks/system/serial.o
                0x000000000000121a                initPortQueues
                0x0000000000001246                initPorts
 .text          0x000000000000128c       0x12 arch-blocks/system/system.o
                0x000000000000128c                blockProgram
 .text          0x000000000000129e      0x354 arch-blocks/system/hardwaretime.o
                0x000000000000129e                delayMS
                0x00000000000012e2                getTime
                0x00000000000012e6                checkTimeout
                0x0000000000001378                registerTimeout
                0x0000000000001408                deregisterTimeout
                0x000000000000145e                deregisterTimeoutByHandler
                0x00000000000014b4                checkTimer
                0x000000000000150a                registerTimer
                0x0000000000001552                deregisterTimer
                0x00000000000015a8                clearTimer
                0x00000000000015d6                initTime
 .text          0x00000000000015f2        0xa arch-blocks/system/microphone.o
                0x00000000000015f2                getMicData
 .text          0x00000000000015fc      0x474 arch-blocks/system/log.o
                0x00000000000015fc                freeLogChunk
                0x0000000000001608                freeMyChunk
                0x0000000000001614                sendMyChunk
                0x000000000000168a                processCmd
                0x00000000000016d6                myMsgHandler
                0x00000000000016da                isHostPort
                0x00000000000016f4                sendLogChunk
                0x000000000000176a                sendPathToHost
                0x0000000000001794                spreadPathToHost
                0x00000000000017c8                forwardToHost
                0x00000000000017da                initLogDebug
                0x0000000000001850                handleLogMessage
                0x00000000000018d0                getSize
                0x0000000000001904                printDebug
                0x0000000000001a4e                blockingPrintDebug
 .text          0x0000000000001a70      0x9de arch-blocks/system/clock.o
                0x0000000000001a70                freeClockChunk
                0x0000000000001a7c                printSlope
                0x0000000000001a7e                getClockForTime
                0x0000000000001ad0                getEstimatedGlobalClock
                0x0000000000001b26                getClock
                0x0000000000001b76                isTimeLeader
                0x0000000000001b7c                isElecting
                0x0000000000001b82                isAClockSyncMessage
                0x0000000000001b9e                insertReceiveTime
                0x0000000000001bb6                insertSendTime
                0x0000000000001bce                isSynchronized
                0x0000000000001bfe                initSTChildren
                0x0000000000001c18                setSlave
                0x0000000000001c30                scheduleLeaderElection
                0x0000000000001c72                handleNeighborChange
                0x0000000000001c7e                initClock
                0x0000000000001d00                sendClockChunk
                0x0000000000001d76                sendGoMsg
                0x0000000000001db8                sendBackMsg
                0x0000000000001e08                synchronizeNeighbor
                0x0000000000001e34                synchronizeNeighbors
                0x0000000000001e80                setLeader
                0x0000000000001ec0                requestSync
                0x0000000000001eea                broadcastClockChunk
                0x0000000000001f40                broadcastGoMsg
                0x0000000000001f82                startLeaderElection
                0x0000000000001ff4                handleClockSyncMessage
 .text          0x000000000000244e      0x2bc arch-blocks/hw-block/eeprom_driver.o
                0x000000000000244e                EEPROM_WaitForNVM
                0x0000000000002458                EEPROM_ReadByte
                0x00000000000024b2                EEPROM_FlushBuffer
                0x00000000000024e2                EEPROM_WriteByte
                0x0000000000002544                EEPROM_LoadByte
                0x0000000000002576                EEPROM_LoadPage
                0x00000000000025a6                EEPROM_LoadPartialPage
                0x00000000000025fc                EEPROM_AtomicWritePage
                0x0000000000002648                EEPROM_ErasePage
                0x0000000000002694                EEPROM_SplitWritePage
                0x00000000000026e0                EEPROM_EraseAll
 .text          0x000000000000270a      0x208 arch-blocks/hw-block/ext_memory.o
                0x000000000000270a                spiTxRx
                0x000000000000271c                setSS
                0x0000000000002744                readExtMem
                0x00000000000027f4                writeExtMem
                0x000000000000289a                initFlash
                0x000000000000289c                initSRAM
                0x00000000000028e8                initExtMem
 .text          0x0000000000002912      0x306 arch-blocks/hw-block/hwAccelerometer.o
                0x0000000000002912                newHWAccelData
                0x000000000000292e                updateHWAccel
                0x00000000000029d4                initHWAccel
                0x0000000000002b0c                __vector_34
                0x0000000000002b8a                __vector_46
                0x0000000000002bde                setAccelRegister
 .text          0x0000000000002c18       0x8e arch-blocks/hw-block/hwBlockTick.o
                0x0000000000002c18                scaryBlockTickHack
                0x0000000000002c2e                initBlockTick
                0x0000000000002c48                __vector_108
 .text          0x0000000000002ca6       0x10 arch-blocks/hw-block/hwBoot.o
                0x0000000000002ca6                jumpToHWBootSection
 .text          0x0000000000002cb6      0x5f2 arch-blocks/hw-block/hwDataLink.o
                0x0000000000002cb6                crcCalc
                0x0000000000002cde                ackHandler
                0x0000000000002d42                addToGlobalRq
                0x0000000000002d7e                isSpecial
                0x0000000000002d9e                sendToBuffer
                0x0000000000002ede                processBuffer
                0x000000000000310a                nextPacket
                0x0000000000003154                sendOnSerial
                0x00000000000032a6                initHWDataLink
 .text          0x00000000000032a8       0xb0 arch-blocks/hw-block/hwLED.o
                0x00000000000032a8                setHWLED
                0x00000000000032f8                initHWLED
 .text          0x0000000000003358       0xd8 arch-blocks/hw-block/hwMemory.o
                0x0000000000003358                store
                0x00000000000033c6                restore
                0x0000000000003410                getGUID
 .text          0x0000000000003430      0x5aa arch-blocks/hw-block/hwSerial.o
                0x0000000000003430                u_putchar
                0x000000000000343c                u_getchar
                0x0000000000003452                pPutChar
                0x0000000000003476                pGetChar
                0x00000000000034aa                initHWUart
                0x00000000000034c0                initializeHWPort
                0x00000000000034d6                initHWPorts
                0x000000000000358a                __vector_91
                0x00000000000035e2                __vector_93
                0x0000000000003642                __vector_28
                0x000000000000369a                __vector_30
                0x00000000000036fa                __vector_119
                0x0000000000003752                __vector_121
                0x00000000000037b2                __vector_58
                0x000000000000380a                __vector_60
                0x000000000000386a                __vector_25
                0x00000000000038c2                __vector_27
                0x0000000000003922                __vector_88
                0x000000000000397a                __vector_90
 .text          0x00000000000039da       0xba arch-blocks/hw-block/hwTime.o
                0x00000000000039da                getHWTime
                0x0000000000003a12                initHWClock
                0x0000000000003a30                initHWRTC
                0x0000000000003a5e                initHWTime
                0x0000000000003a66                __vector_10
 .text          0x0000000000003a94       0xc8 arch-blocks/hw-block/hwMicrophone.o
                0x0000000000003a94                updateHWMic
                0x0000000000003ab6                initHWMic
                0x0000000000003ade                rejuvenateHWMic
                0x0000000000003af4                __vector_71
 .text          0x0000000000003b5c      0x2a4 arch-blocks/hw-block/soft_uart2.o
                0x0000000000003b5c                timer_set
                0x0000000000003bea                configure_soft_uart
                0x0000000000003bfc                init_soft_uart
                0x0000000000003c40                su_getchar
                0x0000000000003c6c                set_tx_char
                0x0000000000003c82                su_putchar
                0x0000000000003c92                kbhit
                0x0000000000003cac                __vector_83
 .text          0x0000000000003e00        0x0 arch-blocks/hw-block/system.o
 .text          0x0000000000003e00      0x1c6 arch-blocks/hw-block/twi_master_driver.o
                0x0000000000003e00                TWI_MasterInit
                0x0000000000003e22                TWI_MasterState
                0x0000000000003e2e                TWI_MasterReady
                0x0000000000003e36                TWI_MasterWriteRead
                0x0000000000003ea4                TWI_MasterRead
                0x0000000000003eb6                TWI_MasterWrite
                0x0000000000003ec2                TWI_MasterArbitrationLostBusErrorHandler
                0x0000000000003ee4                TWI_MasterWriteHandler
                0x0000000000003f44                TWI_MasterReadHandler
                0x0000000000003f96                TWI_MasterInterruptHandler
                0x0000000000003fbe                TWI_MasterTransactionFinished
 .text          0x0000000000003fc6       0x22 arch-blocks/hw-block/hwDebug.o
                0x0000000000003fc6                initDebugUart
                0x0000000000003fda                debugPutChar
                0x0000000000003fe0                debugGetChar
                0x0000000000003fe6                initHWDebug
 .text          0x0000000000003fe8        0x0 /usr/lib/gcc/avr/4.7.2/../../../avr/lib/avrxmega6/libm.a(addsf3.o)
 .text          0x0000000000003fe8        0x0 /usr/lib/gcc/avr/4.7.2/../../../avr/lib/avrxmega6/libm.a(addsf3x.o)
 .text          0x0000000000003fe8        0x0 /usr/lib/gcc/avr/4.7.2/../../../avr/lib/avrxmega6/libm.a(divsf3.o)
 .text          0x0000000000003fe8        0x0 /usr/lib/gcc/avr/4.7.2/../../../avr/lib/avrxmega6/libm.a(divsf3x.o)
 .text          0x0000000000003fe8        0x0 /usr/lib/gcc/avr/4.7.2/../../../avr/lib/avrxmega6/libm.a(fixsfsi.o)
 .text          0x0000000000003fe8        0x0 /usr/lib/gcc/avr/4.7.2/../../../avr/lib/avrxmega6/libm.a(fixunssfsi.o)
 .text          0x0000000000003fe8        0x0 /usr/lib/gcc/avr/4.7.2/../../../avr/lib/avrxmega6/libm.a(floatsisf.o)
 .text          0x0000000000003fe8        0x0 /usr/lib/gcc/avr/4.7.2/../../../avr/lib/avrxmega6/libm.a(fmax.o)
 .text          0x0000000000003fe8        0x0 /usr/lib/gcc/avr/4.7.2/../../../avr/lib/avrxmega6/libm.a(fp_inf.o)
 .text          0x0000000000003fe8        0x0 /usr/lib/gcc/avr/4.7.2/../../../avr/lib/avrxmega6/libm.a(fp_nan.o)
 .text          0x0000000000003fe8        0x0 /usr/lib/gcc/avr/4.7.2/../../../avr/lib/avrxmega6/libm.a(fp_pscA.o)
 .text          0x0000000000003fe8        0x0 /usr/lib/gcc/avr/4.7.2/../../../avr/lib/avrxmega6/libm.a(fp_pscB.o)
 .text          0x0000000000003fe8        0x0 /usr/lib/gcc/avr/4.7.2/../../../avr/lib/avrxmega6/libm.a(fp_round.o)
 .text          0x0000000000003fe8        0x0 /usr/lib/gcc/avr/4.7.2/../../../avr/lib/avrxmega6/libm.a(fp_split3.o)
 .text          0x0000000000003fe8        0x0 /usr/lib/gcc/avr/4.7.2/../../../avr/lib/avrxmega6/libm.a(fp_zero.o)
 .text          0x0000000000003fe8        0x0 /usr/lib/gcc/avr/4.7.2/../../../avr/lib/avrxmega6/libm.a(mulsf3.o)
 .text          0x0000000000003fe8        0x0 /usr/lib/gcc/avr/4.7.2/../../../avr/lib/avrxmega6/libm.a(mulsf3x.o)
 .text          0x0000000000003fe8        0x0 /usr/lib/gcc/avr/4.7.2/../../../avr/lib/avrxmega6/libm.a(round.o)
 .text          0x0000000000003fe8        0x0 /usr/lib/gcc/avr/4.7.2/../../../avr/lib/avrxmega6/libm.a(fp_mintl.o)
 .text          0x0000000000003fe8        0x0 /usr/lib/gcc/avr/4.7.2/../../../avr/lib/avrxmega6/libm.a(fp_mpack.o)
 .text          0x0000000000003fe8        0x0 /usr/lib/gcc/avr/4.7.2/avrxmega6/libgcc.a(_muluhisi3.o)
 .text          0x0000000000003fe8        0x0 /usr/lib/gcc/avr/4.7.2/avrxmega6/libgcc.a(_udivmodqi4.o)
 .text          0x0000000000003fe8        0x0 /usr/lib/gcc/avr/4.7.2/avrxmega6/libgcc.a(_udivmodhi4.o)
 .text          0x0000000000003fe8        0x0 /usr/lib/gcc/avr/4.7.2/avrxmega6/libgcc.a(_udivmodsi4.o)
 .text          0x0000000000003fe8        0x0 /usr/lib/gcc/avr/4.7.2/avrxmega6/libgcc.a(_exit.o)
 .text          0x0000000000003fe8        0x0 /usr/lib/gcc/avr/4.7.2/avrxmega6/libgcc.a(_copy_data.o)
 .text          0x0000000000003fe8        0x0 /usr/lib/gcc/avr/4.7.2/avrxmega6/libgcc.a(_clear_bss.o)
 .text          0x0000000000003fe8        0x0 /usr/lib/gcc/avr/4.7.2/avrxmega6/libgcc.a(_cmpdi2_s8.o)
 .text          0x0000000000003fe8        0x0 /usr/lib/gcc/avr/4.7.2/avrxmega6/libgcc.a(_umulhisi3.o)
 .text          0x0000000000003fe8        0x0 /usr/lib/gcc/avr/4.7.2/../../../avr/lib/avrxmega6/libc.a(calloc.o)
 .text          0x0000000000003fe8        0x0 /usr/lib/gcc/avr/4.7.2/../../../avr/lib/avrxmega6/libc.a(malloc.o)
 .text          0x0000000000003fe8        0x0 /usr/lib/gcc/avr/4.7.2/../../../avr/lib/avrxmega6/libc.a(abort.o)
 .text          0x0000000000003fe8        0x0 /usr/lib/gcc/avr/4.7.2/../../../avr/lib/avrxmega6/libc.a(ftoa_engine.o)
 .text          0x0000000000003fe8        0x0 /usr/lib/gcc/avr/4.7.2/../../../avr/lib/avrxmega6/libc.a(strnlen_P.o)
 .text          0x0000000000003fe8        0x0 /usr/lib/gcc/avr/4.7.2/../../../avr/lib/avrxmega6/libc.a(memcpy.o)
 .text          0x0000000000003fe8        0x0 /usr/lib/gcc/avr/4.7.2/../../../avr/lib/avrxmega6/libc.a(memset.o)
 .text          0x0000000000003fe8        0x0 /usr/lib/gcc/avr/4.7.2/../../../avr/lib/avrxmega6/libc.a(strcpy.o)
 .text          0x0000000000003fe8        0x0 /usr/lib/gcc/avr/4.7.2/../../../avr/lib/avrxmega6/libc.a(strnlen.o)
 .text          0x0000000000003fe8        0x0 /usr/lib/gcc/avr/4.7.2/../../../avr/lib/avrxmega6/libc.a(fputc.o)
 .text          0x0000000000003fe8        0x0 /usr/lib/gcc/avr/4.7.2/../../../avr/lib/avrxmega6/libc.a(printf.o)
 .text          0x0000000000003fe8        0x0 /usr/lib/gcc/avr/4.7.2/../../../avr/lib/avrxmega6/libc.a(snprintf.o)
 .text          0x0000000000003fe8        0x0 /usr/lib/gcc/avr/4.7.2/../../../avr/lib/avrxmega6/libc.a(ultoa_invert.o)
 .text          0x0000000000003fe8        0x0 /usr/lib/gcc/avr/4.7.2/../../../avr/lib/avrxmega6/libc.a(iob.o)
                0x0000000000003fe8                . = ALIGN (0x2)
 *(.text.*)
 .text.avr-libc
                0x0000000000003fe8      0x74e /usr/lib/gcc/avr/4.7.2/../../../avr/lib/avrxmega6/libprintf_flt.a(vfprintf_flt.o)
                0x0000000000003fe8                vfprintf
 .text.startup  0x0000000000004736        0x4 arch-blocks/hw-block/system.o
                0x0000000000004736                main
 .text.avr-libc.fplib
                0x000000000000473a        0xa /usr/lib/gcc/avr/4.7.2/../../../avr/lib/avrxmega6/libm.a(addsf3.o)
                0x000000000000473a                __subsf3
                0x000000000000473c                __addsf3
 .text.avr-libc.fplib
                0x0000000000004744       0xc0 /usr/lib/gcc/avr/4.7.2/../../../avr/lib/avrxmega6/libm.a(addsf3x.o)
                0x000000000000475e                __addsf3x
 .text.avr-libc.fplib
                0x0000000000004804        0x4 /usr/lib/gcc/avr/4.7.2/../../../avr/lib/avrxmega6/libm.a(divsf3.o)
                0x0000000000004804                __divsf3
 .text.avr-libc.fplib
                0x0000000000004808       0xcc /usr/lib/gcc/avr/4.7.2/../../../avr/lib/avrxmega6/libm.a(divsf3x.o)
                0x000000000000481e                __divsf3x
                0x0000000000004822                __divsf3_pse
 .text.avr-libc.fplib
                0x00000000000048d4        0xa /usr/lib/gcc/avr/4.7.2/../../../avr/lib/avrxmega6/libm.a(fixsfsi.o)
                0x00000000000048d4                __fixsfsi
 .text.avr-libc.fplib
                0x00000000000048de       0x58 /usr/lib/gcc/avr/4.7.2/../../../avr/lib/avrxmega6/libm.a(fixunssfsi.o)
                0x00000000000048de                __fixunssfsi
 .text.avr-libc.fplib
                0x0000000000004936       0x7a /usr/lib/gcc/avr/4.7.2/../../../avr/lib/avrxmega6/libm.a(floatsisf.o)
                0x0000000000004936                __floatunsisf
                0x000000000000493a                __floatsisf
 .text.avr-libc.fplib
                0x00000000000049b0       0x3e /usr/lib/gcc/avr/4.7.2/../../../avr/lib/avrxmega6/libm.a(fmax.o)
                0x00000000000049b0                fmax
 .text.avr-libc.fplib
                0x00000000000049ee        0xc /usr/lib/gcc/avr/4.7.2/../../../avr/lib/avrxmega6/libm.a(fp_inf.o)
                0x00000000000049ee                __fp_inf
 .text.avr-libc.fplib
                0x00000000000049fa        0x6 /usr/lib/gcc/avr/4.7.2/../../../avr/lib/avrxmega6/libm.a(fp_nan.o)
                0x00000000000049fa                __fp_nan
 .text.avr-libc.fplib
                0x0000000000004a00        0xe /usr/lib/gcc/avr/4.7.2/../../../avr/lib/avrxmega6/libm.a(fp_pscA.o)
                0x0000000000004a00                __fp_pscA
 .text.avr-libc.fplib
                0x0000000000004a0e        0xe /usr/lib/gcc/avr/4.7.2/../../../avr/lib/avrxmega6/libm.a(fp_pscB.o)
                0x0000000000004a0e                __fp_pscB
 .text.avr-libc.fplib
                0x0000000000004a1c       0x22 /usr/lib/gcc/avr/4.7.2/../../../avr/lib/avrxmega6/libm.a(fp_round.o)
                0x0000000000004a1c                __fp_round
 .text.avr-libc.fplib
                0x0000000000004a3e       0x44 /usr/lib/gcc/avr/4.7.2/../../../avr/lib/avrxmega6/libm.a(fp_split3.o)
                0x0000000000004a3e                __fp_split3
                0x0000000000004a4e                __fp_splitA
 .text.avr-libc.fplib
                0x0000000000004a82        0xe /usr/lib/gcc/avr/4.7.2/../../../avr/lib/avrxmega6/libm.a(fp_zero.o)
                0x0000000000004a82                __fp_zero
                0x0000000000004a84                __fp_szero
 .text.avr-libc.fplib
                0x0000000000004a90        0x4 /usr/lib/gcc/avr/4.7.2/../../../avr/lib/avrxmega6/libm.a(mulsf3.o)
                0x0000000000004a90                __mulsf3
 .text.avr-libc.fplib
                0x0000000000004a94       0xc2 /usr/lib/gcc/avr/4.7.2/../../../avr/lib/avrxmega6/libm.a(mulsf3x.o)
                0x0000000000004aa8                __mulsf3x
                0x0000000000004aac                __mulsf3_pse
 .text.avr-libc.fplib
                0x0000000000004b56       0x40 /usr/lib/gcc/avr/4.7.2/../../../avr/lib/avrxmega6/libm.a(round.o)
                0x0000000000004b56                round
 .text.avr-libc.fplib
                0x0000000000004b96       0x36 /usr/lib/gcc/avr/4.7.2/../../../avr/lib/avrxmega6/libm.a(fp_mintl.o)
                0x0000000000004b96                __fp_mintl
 .text.avr-libc.fplib
                0x0000000000004bcc       0x1c /usr/lib/gcc/avr/4.7.2/../../../avr/lib/avrxmega6/libm.a(fp_mpack.o)
                0x0000000000004bcc                __fp_mpack
                0x0000000000004bd0                __fp_mpack_finite
 .text.libgcc.mul
                0x0000000000004be8       0x16 /usr/lib/gcc/avr/4.7.2/avrxmega6/libgcc.a(_muluhisi3.o)
                0x0000000000004be8                __muluhisi3
 .text.libgcc.div
                0x0000000000004bfe        0x0 /usr/lib/gcc/avr/4.7.2/avrxmega6/libgcc.a(_muluhisi3.o)
 .text.libgcc   0x0000000000004bfe        0x0 /usr/lib/gcc/avr/4.7.2/avrxmega6/libgcc.a(_muluhisi3.o)
 .text.libgcc.prologue
                0x0000000000004bfe        0x0 /usr/lib/gcc/avr/4.7.2/avrxmega6/libgcc.a(_muluhisi3.o)
 .text.libgcc.builtins
                0x0000000000004bfe        0x0 /usr/lib/gcc/avr/4.7.2/avrxmega6/libgcc.a(_muluhisi3.o)
 .text.libgcc.fmul
                0x0000000000004bfe        0x0 /usr/lib/gcc/avr/4.7.2/avrxmega6/libgcc.a(_muluhisi3.o)
 .text.libgcc.mul
                0x0000000000004bfe        0x0 /usr/lib/gcc/avr/4.7.2/avrxmega6/libgcc.a(_udivmodqi4.o)
 .text.libgcc.div
                0x0000000000004bfe       0x18 /usr/lib/gcc/avr/4.7.2/avrxmega6/libgcc.a(_udivmodqi4.o)
                0x0000000000004bfe                __udivmodqi4
 .text.libgcc   0x0000000000004c16        0x0 /usr/lib/gcc/avr/4.7.2/avrxmega6/libgcc.a(_udivmodqi4.o)
 .text.libgcc.prologue
                0x0000000000004c16        0x0 /usr/lib/gcc/avr/4.7.2/avrxmega6/libgcc.a(_udivmodqi4.o)
 .text.libgcc.builtins
                0x0000000000004c16        0x0 /usr/lib/gcc/avr/4.7.2/avrxmega6/libgcc.a(_udivmodqi4.o)
 .text.libgcc.fmul
                0x0000000000004c16        0x0 /usr/lib/gcc/avr/4.7.2/avrxmega6/libgcc.a(_udivmodqi4.o)
 .text.libgcc.mul
                0x0000000000004c16        0x0 /usr/lib/gcc/avr/4.7.2/avrxmega6/libgcc.a(_udivmodhi4.o)
 .text.libgcc.div
                0x0000000000004c16       0x28 /usr/lib/gcc/avr/4.7.2/avrxmega6/libgcc.a(_udivmodhi4.o)
                0x0000000000004c16                __udivmodhi4
 .text.libgcc   0x0000000000004c3e        0x0 /usr/lib/gcc/avr/4.7.2/avrxmega6/libgcc.a(_udivmodhi4.o)
 .text.libgcc.prologue
                0x0000000000004c3e        0x0 /usr/lib/gcc/avr/4.7.2/avrxmega6/libgcc.a(_udivmodhi4.o)
 .text.libgcc.builtins
                0x0000000000004c3e        0x0 /usr/lib/gcc/avr/4.7.2/avrxmega6/libgcc.a(_udivmodhi4.o)
 .text.libgcc.fmul
                0x0000000000004c3e        0x0 /usr/lib/gcc/avr/4.7.2/avrxmega6/libgcc.a(_udivmodhi4.o)
 .text.libgcc.mul
                0x0000000000004c3e        0x0 /usr/lib/gcc/avr/4.7.2/avrxmega6/libgcc.a(_udivmodsi4.o)
 .text.libgcc.div
                0x0000000000004c3e       0x44 /usr/lib/gcc/avr/4.7.2/avrxmega6/libgcc.a(_udivmodsi4.o)
                0x0000000000004c3e                __udivmodsi4
 .text.libgcc   0x0000000000004c82        0x0 /usr/lib/gcc/avr/4.7.2/avrxmega6/libgcc.a(_udivmodsi4.o)
 .text.libgcc.prologue
                0x0000000000004c82        0x0 /usr/lib/gcc/avr/4.7.2/avrxmega6/libgcc.a(_udivmodsi4.o)
 .text.libgcc.builtins
                0x0000000000004c82        0x0 /usr/lib/gcc/avr/4.7.2/avrxmega6/libgcc.a(_udivmodsi4.o)
 .text.libgcc.fmul
                0x0000000000004c82        0x0 /usr/lib/gcc/avr/4.7.2/avrxmega6/libgcc.a(_udivmodsi4.o)
 .text.libgcc.mul
                0x0000000000004c82        0x0 /usr/lib/gcc/avr/4.7.2/avrxmega6/libgcc.a(_exit.o)
 .text.libgcc.div
                0x0000000000004c82        0x0 /usr/lib/gcc/avr/4.7.2/avrxmega6/libgcc.a(_exit.o)
 .text.libgcc   0x0000000000004c82        0x0 /usr/lib/gcc/avr/4.7.2/avrxmega6/libgcc.a(_exit.o)
 .text.libgcc.prologue
                0x0000000000004c82        0x0 /usr/lib/gcc/avr/4.7.2/avrxmega6/libgcc.a(_exit.o)
 .text.libgcc.builtins
                0x0000000000004c82        0x0 /usr/lib/gcc/avr/4.7.2/avrxmega6/libgcc.a(_exit.o)
 .text.libgcc.fmul
                0x0000000000004c82        0x0 /usr/lib/gcc/avr/4.7.2/avrxmega6/libgcc.a(_exit.o)
 .text.libgcc.mul
                0x0000000000004c82        0x0 /usr/lib/gcc/avr/4.7.2/avrxmega6/libgcc.a(_copy_data.o)
 .text.libgcc.div
                0x0000000000004c82        0x0 /usr/lib/gcc/avr/4.7.2/avrxmega6/libgcc.a(_copy_data.o)
 .text.libgcc   0x0000000000004c82        0x0 /usr/lib/gcc/avr/4.7.2/avrxmega6/libgcc.a(_copy_data.o)
 .text.libgcc.prologue
                0x0000000000004c82        0x0 /usr/lib/gcc/avr/4.7.2/avrxmega6/libgcc.a(_copy_data.o)
 .text.libgcc.builtins
                0x0000000000004c82        0x0 /usr/lib/gcc/avr/4.7.2/avrxmega6/libgcc.a(_copy_data.o)
 .text.libgcc.fmul
                0x0000000000004c82        0x0 /usr/lib/gcc/avr/4.7.2/avrxmega6/libgcc.a(_copy_data.o)
 .text.libgcc.mul
                0x0000000000004c82        0x0 /usr/lib/gcc/avr/4.7.2/avrxmega6/libgcc.a(_clear_bss.o)
 .text.libgcc.div
                0x0000000000004c82        0x0 /usr/lib/gcc/avr/4.7.2/avrxmega6/libgcc.a(_clear_bss.o)
 .text.libgcc   0x0000000000004c82        0x0 /usr/lib/gcc/avr/4.7.2/avrxmega6/libgcc.a(_clear_bss.o)
 .text.libgcc.prologue
                0x0000000000004c82        0x0 /usr/lib/gcc/avr/4.7.2/avrxmega6/libgcc.a(_clear_bss.o)
 .text.libgcc.builtins
                0x0000000000004c82        0x0 /usr/lib/gcc/avr/4.7.2/avrxmega6/libgcc.a(_clear_bss.o)
 .text.libgcc.fmul
                0x0000000000004c82        0x0 /usr/lib/gcc/avr/4.7.2/avrxmega6/libgcc.a(_clear_bss.o)
 .text.libgcc.mul
                0x0000000000004c82        0x0 /usr/lib/gcc/avr/4.7.2/avrxmega6/libgcc.a(_cmpdi2_s8.o)
 .text.libgcc.div
                0x0000000000004c82        0x0 /usr/lib/gcc/avr/4.7.2/avrxmega6/libgcc.a(_cmpdi2_s8.o)
 .text.libgcc   0x0000000000004c82       0x18 /usr/lib/gcc/avr/4.7.2/avrxmega6/libgcc.a(_cmpdi2_s8.o)
                0x0000000000004c82                __cmpdi2_s8
 .text.libgcc.prologue
                0x0000000000004c9a        0x0 /usr/lib/gcc/avr/4.7.2/avrxmega6/libgcc.a(_cmpdi2_s8.o)
 .text.libgcc.builtins
                0x0000000000004c9a        0x0 /usr/lib/gcc/avr/4.7.2/avrxmega6/libgcc.a(_cmpdi2_s8.o)
 .text.libgcc.fmul
                0x0000000000004c9a        0x0 /usr/lib/gcc/avr/4.7.2/avrxmega6/libgcc.a(_cmpdi2_s8.o)
 .text.libgcc.mul
                0x0000000000004c9a       0x18 /usr/lib/gcc/avr/4.7.2/avrxmega6/libgcc.a(_umulhisi3.o)
                0x0000000000004c9a                __umulhisi3
 .text.libgcc.div
                0x0000000000004cb2        0x0 /usr/lib/gcc/avr/4.7.2/avrxmega6/libgcc.a(_umulhisi3.o)
 .text.libgcc   0x0000000000004cb2        0x0 /usr/lib/gcc/avr/4.7.2/avrxmega6/libgcc.a(_umulhisi3.o)
 .text.libgcc.prologue
                0x0000000000004cb2        0x0 /usr/lib/gcc/avr/4.7.2/avrxmega6/libgcc.a(_umulhisi3.o)
 .text.libgcc.builtins
                0x0000000000004cb2        0x0 /usr/lib/gcc/avr/4.7.2/avrxmega6/libgcc.a(_umulhisi3.o)
 .text.libgcc.fmul
                0x0000000000004cb2        0x0 /usr/lib/gcc/avr/4.7.2/avrxmega6/libgcc.a(_umulhisi3.o)
 .text.avr-libc
                0x0000000000004cb2       0x3c /usr/lib/gcc/avr/4.7.2/../../../avr/lib/avrxmega6/libc.a(calloc.o)
                0x0000000000004cb2                calloc
 .text.avr-libc
                0x0000000000004cee      0x272 /usr/lib/gcc/avr/4.7.2/../../../avr/lib/avrxmega6/libc.a(malloc.o)
                0x0000000000004cee                malloc
                0x0000000000004e24                free
 .text.avr-libc
                0x0000000000004f60        0xa /usr/lib/gcc/avr/4.7.2/../../../avr/lib/avrxmega6/libc.a(abort.o)
                0x0000000000004f60                abort
 .text.avr-libc
                0x0000000000004f6a      0x1b0 /usr/lib/gcc/avr/4.7.2/../../../avr/lib/avrxmega6/libc.a(ftoa_engine.o)
                0x0000000000004f6a                __ftoa_engine
 .text.avr-libc
                0x000000000000511a       0x16 /usr/lib/gcc/avr/4.7.2/../../../avr/lib/avrxmega6/libc.a(strnlen_P.o)
                0x000000000000511a                strnlen_P
 .text.avr-libc
                0x0000000000005130       0x12 /usr/lib/gcc/avr/4.7.2/../../../avr/lib/avrxmega6/libc.a(memcpy.o)
                0x0000000000005130                memcpy
 .text.avr-libc
                0x0000000000005142        0xe /usr/lib/gcc/avr/4.7.2/../../../avr/lib/avrxmega6/libc.a(memset.o)
                0x0000000000005142                memset
 .text.avr-libc
                0x0000000000005150        0xe /usr/lib/gcc/avr/4.7.2/../../../avr/lib/avrxmega6/libc.a(strcpy.o)
                0x0000000000005150                strcpy
 .text.avr-libc
                0x000000000000515e       0x16 /usr/lib/gcc/avr/4.7.2/../../../avr/lib/avrxmega6/libc.a(strnlen.o)
                0x000000000000515e                strnlen
 .text.avr-libc
                0x0000000000005174       0x58 /usr/lib/gcc/avr/4.7.2/../../../avr/lib/avrxmega6/libc.a(fputc.o)
                0x0000000000005174                fputc
 .text.avr-libc
                0x00000000000051cc       0x30 /usr/lib/gcc/avr/4.7.2/../../../avr/lib/avrxmega6/libc.a(printf.o)
                0x00000000000051cc                printf
 .text.avr-libc
                0x00000000000051fc       0x72 /usr/lib/gcc/avr/4.7.2/../../../avr/lib/avrxmega6/libc.a(snprintf.o)
                0x00000000000051fc                snprintf
 .text.avr-libc
                0x000000000000526e       0xbc /usr/lib/gcc/avr/4.7.2/../../../avr/lib/avrxmega6/libc.a(ultoa_invert.o)
                0x000000000000526e                __ultoa_invert
                0x000000000000532a                . = ALIGN (0x2)
 *(.fini9)
 .fini9         0x000000000000532a        0x0 /usr/lib/gcc/avr/4.7.2/avrxmega6/libgcc.a(_exit.o)
                0x000000000000532a                exit
                0x000000000000532a                _exit
 *(.fini9)
 *(.fini8)
 *(.fini8)
 *(.fini7)
 *(.fini7)
 *(.fini6)
 *(.fini6)
 *(.fini5)
 *(.fini5)
 *(.fini4)
 *(.fini4)
 *(.fini3)
 *(.fini3)
 *(.fini2)
 *(.fini2)
 *(.fini1)
 *(.fini1)
 *(.fini0)
 .fini0         0x000000000000532a        0x4 /usr/lib/gcc/avr/4.7.2/avrxmega6/libgcc.a(_exit.o)
 *(.fini0)
                0x000000000000532e                _etext = .

.data           0x0000000000802000      0x122 load address 0x000000000000532e
                0x0000000000802000                PROVIDE (__data_start, .)
 *(.data)
 .data          0x0000000000802000        0x0 /usr/lib/gcc/avr/4.7.2/../../../avr/lib/avrxmega6/crtx256a3.o
 .data          0x0000000000802000        0x0 /usr/lib/gcc/avr/4.7.2/../../../avr/lib/avrxmega6/libprintf_flt.a(vfprintf_flt.o)
 .data          0x0000000000802000        0x0 arch-blocks/system/test.o
 .data          0x0000000000802000        0x0 arch-blocks/system/accelerometer.o
 .data          0x0000000000802000        0x0 arch-blocks/system/block.o
 .data          0x0000000000802000        0x0 arch-blocks/system/block_config.o
 .data          0x0000000000802000        0x0 arch-blocks/system/boot.o
 .data          0x0000000000802000        0x0 arch-blocks/system/circ_buffer.o
 .data          0x0000000000802000        0x0 arch-blocks/system/data_link.o
 .data          0x0000000000802000        0x0 arch-blocks/system/debug.o
 .data          0x0000000000802000        0x0 arch-blocks/system/ensemble.o
 .data          0x0000000000802000        0x0 arch-blocks/system/handler.o
 .data          0x0000000000802000       0x1c arch-blocks/system/led.o
                0x0000000000802000                currentIntensity
                0x0000000000802001                colors
 .data          0x000000000080201c        0x0 arch-blocks/system/memory.o
 .data          0x000000000080201c        0x0 arch-blocks/system/message.o
 .data          0x000000000080201c        0x0 arch-blocks/system/queues.o
 .data          0x000000000080201c        0x0 arch-blocks/system/serial.o
 .data          0x000000000080201c        0x0 arch-blocks/system/system.o
 .data          0x000000000080201c        0x0 arch-blocks/system/hardwaretime.o
 .data          0x000000000080201c        0x0 arch-blocks/system/microphone.o
 .data          0x000000000080201c        0x1 arch-blocks/system/log.o
                0x000000000080201c                toHost
 .data          0x000000000080201d        0x0 arch-blocks/system/clock.o
 .data          0x000000000080201d        0x0 arch-blocks/hw-block/eeprom_driver.o
 .data          0x000000000080201d        0x0 arch-blocks/hw-block/ext_memory.o
 .data          0x000000000080201d        0x0 arch-blocks/hw-block/hwAccelerometer.o
 .data          0x000000000080201d        0x0 arch-blocks/hw-block/hwBlockTick.o
 .data          0x000000000080201d        0x0 arch-blocks/hw-block/hwBoot.o
 .data          0x000000000080201d        0x0 arch-blocks/hw-block/hwDataLink.o
 .data          0x000000000080201d        0x0 arch-blocks/hw-block/hwLED.o
 .data          0x000000000080201d        0x0 arch-blocks/hw-block/hwMemory.o
 .data          0x000000000080201d        0x0 arch-blocks/hw-block/hwSerial.o
 .data          0x000000000080201d        0x0 arch-blocks/hw-block/hwTime.o
 .data          0x000000000080201d        0x0 arch-blocks/hw-block/hwMicrophone.o
 .data          0x000000000080201d        0x0 arch-blocks/hw-block/soft_uart2.o
 .data          0x000000000080201d        0x0 arch-blocks/hw-block/system.o
 .data          0x000000000080201d        0x0 arch-blocks/hw-block/twi_master_driver.o
 .data          0x000000000080201d        0x0 arch-blocks/hw-block/hwDebug.o
 .data          0x000000000080201d        0x0 /usr/lib/gcc/avr/4.7.2/../../../avr/lib/avrxmega6/libm.a(addsf3.o)
 .data          0x000000000080201d        0x0 /usr/lib/gcc/avr/4.7.2/../../../avr/lib/avrxmega6/libm.a(addsf3x.o)
 .data          0x000000000080201d        0x0 /usr/lib/gcc/avr/4.7.2/../../../avr/lib/avrxmega6/libm.a(divsf3.o)
 .data          0x000000000080201d        0x0 /usr/lib/gcc/avr/4.7.2/../../../avr/lib/avrxmega6/libm.a(divsf3x.o)
 .data          0x000000000080201d        0x0 /usr/lib/gcc/avr/4.7.2/../../../avr/lib/avrxmega6/libm.a(fixsfsi.o)
 .data          0x000000000080201d        0x0 /usr/lib/gcc/avr/4.7.2/../../../avr/lib/avrxmega6/libm.a(fixunssfsi.o)
 .data          0x000000000080201d        0x0 /usr/lib/gcc/avr/4.7.2/../../../avr/lib/avrxmega6/libm.a(floatsisf.o)
 .data          0x000000000080201d        0x0 /usr/lib/gcc/avr/4.7.2/../../../avr/lib/avrxmega6/libm.a(fmax.o)
 .data          0x000000000080201d        0x0 /usr/lib/gcc/avr/4.7.2/../../../avr/lib/avrxmega6/libm.a(fp_inf.o)
 .data          0x000000000080201d        0x0 /usr/lib/gcc/avr/4.7.2/../../../avr/lib/avrxmega6/libm.a(fp_nan.o)
 .data          0x000000000080201d        0x0 /usr/lib/gcc/avr/4.7.2/../../../avr/lib/avrxmega6/libm.a(fp_pscA.o)
 .data          0x000000000080201d        0x0 /usr/lib/gcc/avr/4.7.2/../../../avr/lib/avrxmega6/libm.a(fp_pscB.o)
 .data          0x000000000080201d        0x0 /usr/lib/gcc/avr/4.7.2/../../../avr/lib/avrxmega6/libm.a(fp_round.o)
 .data          0x000000000080201d        0x0 /usr/lib/gcc/avr/4.7.2/../../../avr/lib/avrxmega6/libm.a(fp_split3.o)
 .data          0x000000000080201d        0x0 /usr/lib/gcc/avr/4.7.2/../../../avr/lib/avrxmega6/libm.a(fp_zero.o)
 .data          0x000000000080201d        0x0 /usr/lib/gcc/avr/4.7.2/../../../avr/lib/avrxmega6/libm.a(mulsf3.o)
 .data          0x000000000080201d        0x0 /usr/lib/gcc/avr/4.7.2/../../../avr/lib/avrxmega6/libm.a(mulsf3x.o)
 .data          0x000000000080201d        0x0 /usr/lib/gcc/avr/4.7.2/../../../avr/lib/avrxmega6/libm.a(round.o)
 .data          0x000000000080201d        0x0 /usr/lib/gcc/avr/4.7.2/../../../avr/lib/avrxmega6/libm.a(fp_mintl.o)
 .data          0x000000000080201d        0x0 /usr/lib/gcc/avr/4.7.2/../../../avr/lib/avrxmega6/libm.a(fp_mpack.o)
 .data          0x000000000080201d        0x0 /usr/lib/gcc/avr/4.7.2/avrxmega6/libgcc.a(_muluhisi3.o)
 .data          0x000000000080201d        0x0 /usr/lib/gcc/avr/4.7.2/avrxmega6/libgcc.a(_udivmodqi4.o)
 .data          0x000000000080201d        0x0 /usr/lib/gcc/avr/4.7.2/avrxmega6/libgcc.a(_udivmodhi4.o)
 .data          0x000000000080201d        0x0 /usr/lib/gcc/avr/4.7.2/avrxmega6/libgcc.a(_udivmodsi4.o)
 .data          0x000000000080201d        0x0 /usr/lib/gcc/avr/4.7.2/avrxmega6/libgcc.a(_exit.o)
 .data          0x000000000080201d        0x0 /usr/lib/gcc/avr/4.7.2/avrxmega6/libgcc.a(_copy_data.o)
 .data          0x000000000080201d        0x0 /usr/lib/gcc/avr/4.7.2/avrxmega6/libgcc.a(_clear_bss.o)
 .data          0x000000000080201d        0x0 /usr/lib/gcc/avr/4.7.2/avrxmega6/libgcc.a(_cmpdi2_s8.o)
 .data          0x000000000080201d        0x0 /usr/lib/gcc/avr/4.7.2/avrxmega6/libgcc.a(_umulhisi3.o)
 .data          0x000000000080201d        0x0 /usr/lib/gcc/avr/4.7.2/../../../avr/lib/avrxmega6/libc.a(calloc.o)
 .data          0x000000000080201d        0x6 /usr/lib/gcc/avr/4.7.2/../../../avr/lib/avrxmega6/libc.a(malloc.o)
                0x000000000080201d                __malloc_heap_end
                0x000000000080201f                __malloc_heap_start
                0x0000000000802021                __malloc_margin
 .data          0x0000000000802023        0x0 /usr/lib/gcc/avr/4.7.2/../../../avr/lib/avrxmega6/libc.a(abort.o)
 .data          0x0000000000802023        0x0 /usr/lib/gcc/avr/4.7.2/../../../avr/lib/avrxmega6/libc.a(ftoa_engine.o)
 .data          0x0000000000802023        0x0 /usr/lib/gcc/avr/4.7.2/../../../avr/lib/avrxmega6/libc.a(strnlen_P.o)
 .data          0x0000000000802023        0x0 /usr/lib/gcc/avr/4.7.2/../../../avr/lib/avrxmega6/libc.a(memcpy.o)
 .data          0x0000000000802023        0x0 /usr/lib/gcc/avr/4.7.2/../../../avr/lib/avrxmega6/libc.a(memset.o)
 .data          0x0000000000802023        0x0 /usr/lib/gcc/avr/4.7.2/../../../avr/lib/avrxmega6/libc.a(strcpy.o)
 .data          0x0000000000802023        0x0 /usr/lib/gcc/avr/4.7.2/../../../avr/lib/avrxmega6/libc.a(strnlen.o)
 .data          0x0000000000802023        0x0 /usr/lib/gcc/avr/4.7.2/../../../avr/lib/avrxmega6/libc.a(fputc.o)
 .data          0x0000000000802023        0x0 /usr/lib/gcc/avr/4.7.2/../../../avr/lib/avrxmega6/libc.a(printf.o)
 .data          0x0000000000802023        0x0 /usr/lib/gcc/avr/4.7.2/../../../avr/lib/avrxmega6/libc.a(snprintf.o)
 .data          0x0000000000802023        0x0 /usr/lib/gcc/avr/4.7.2/../../../avr/lib/avrxmega6/libc.a(ultoa_invert.o)
 .data          0x0000000000802023        0x0 /usr/lib/gcc/avr/4.7.2/../../../avr/lib/avrxmega6/libc.a(iob.o)
 *(.data*)
 *(.rodata)
 *(.rodata*)
 .rodata.str1.1
                0x0000000000802023       0xd4 arch-blocks/system/test.o
 .rodata.str1.1
                0x00000000008020f7       0x1f arch-blocks/system/clock.o
 .rodata.str1.1
                0x0000000000802116        0xc arch-blocks/hw-block/ext_memory.o
 *(.gnu.linkonce.d*)
                0x0000000000802122                . = ALIGN (0x2)
                0x0000000000802122                _edata = .
                0x0000000000802122                PROVIDE (__data_end, .)

.bss            0x0000000000802122      0x5c2
                0x0000000000802122                PROVIDE (__bss_start, .)
 *(.bss)
 .bss           0x0000000000802122        0x0 /usr/lib/gcc/avr/4.7.2/../../../avr/lib/avrxmega6/crtx256a3.o
 .bss           0x0000000000802122        0x0 /usr/lib/gcc/avr/4.7.2/../../../avr/lib/avrxmega6/libprintf_flt.a(vfprintf_flt.o)
 .bss           0x0000000000802122        0x0 arch-blocks/system/test.o
 .bss           0x0000000000802122        0x0 arch-blocks/system/accelerometer.o
 .bss           0x0000000000802122        0x4 arch-blocks/system/block.o
                0x0000000000802122                accelReady
                0x0000000000802124                blockTickRunning
 .bss           0x0000000000802126        0x0 arch-blocks/system/block_config.o
 .bss           0x0000000000802126        0x0 arch-blocks/system/boot.o
 .bss           0x0000000000802126        0x0 arch-blocks/system/circ_buffer.o
 .bss           0x0000000000802126        0x0 arch-blocks/system/data_link.o
 .bss           0x0000000000802126        0x0 arch-blocks/system/debug.o
 .bss           0x0000000000802126        0x0 arch-blocks/system/ensemble.o
 .bss           0x0000000000802126        0x0 arch-blocks/system/handler.o
 .bss           0x0000000000802126        0x0 arch-blocks/system/led.o
 .bss           0x0000000000802126        0x0 arch-blocks/system/memory.o
 .bss           0x0000000000802126        0x0 arch-blocks/system/message.o
 .bss           0x0000000000802126        0x0 arch-blocks/system/queues.o
 .bss           0x0000000000802126        0x0 arch-blocks/system/serial.o
 .bss           0x0000000000802126        0x0 arch-blocks/system/system.o
 .bss           0x0000000000802126        0x0 arch-blocks/system/hardwaretime.o
 .bss           0x0000000000802126        0x0 arch-blocks/system/microphone.o
 .bss           0x0000000000802126        0x4 arch-blocks/system/log.o
                0x0000000000802126                seq
                0x0000000000802128                PCConnection
 .bss           0x000000000080212a       0x18 arch-blocks/system/clock.o
                0x000000000080212a                localClockMaxReach
                0x000000000080212e                firstCalibRec
                0x0000000000802132                offset
                0x0000000000802136                nbSync
                0x0000000000802138                firstCalibSend
                0x000000000080213c                speedAvg
                0x0000000000802140                electing
                0x0000000000802141                isLeader
 .bss           0x0000000000802142        0x0 arch-blocks/hw-block/eeprom_driver.o
 .bss           0x0000000000802142        0x0 arch-blocks/hw-block/ext_memory.o
 .bss           0x0000000000802142        0x0 arch-blocks/hw-block/hwAccelerometer.o
 .bss           0x0000000000802142        0x0 arch-blocks/hw-block/hwBlockTick.o
 .bss           0x0000000000802142        0x0 arch-blocks/hw-block/hwBoot.o
 .bss           0x0000000000802142        0x0 arch-blocks/hw-block/hwDataLink.o
 .bss           0x0000000000802142        0x0 arch-blocks/hw-block/hwLED.o
 .bss           0x0000000000802142        0x0 arch-blocks/hw-block/hwMemory.o
 .bss           0x0000000000802142        0x0 arch-blocks/hw-block/hwSerial.o
 .bss           0x0000000000802142        0x0 arch-blocks/hw-block/hwTime.o
 .bss           0x0000000000802142        0x0 arch-blocks/hw-block/hwMicrophone.o
 .bss           0x0000000000802142        0x0 arch-blocks/hw-block/soft_uart2.o
 .bss           0x0000000000802142        0x0 arch-blocks/hw-block/system.o
 .bss           0x0000000000802142        0x0 arch-blocks/hw-block/twi_master_driver.o
 .bss           0x0000000000802142        0x0 arch-blocks/hw-block/hwDebug.o
 .bss           0x0000000000802142        0x0 /usr/lib/gcc/avr/4.7.2/../../../avr/lib/avrxmega6/libm.a(addsf3.o)
 .bss           0x0000000000802142        0x0 /usr/lib/gcc/avr/4.7.2/../../../avr/lib/avrxmega6/libm.a(addsf3x.o)
 .bss           0x0000000000802142        0x0 /usr/lib/gcc/avr/4.7.2/../../../avr/lib/avrxmega6/libm.a(divsf3.o)
 .bss           0x0000000000802142        0x0 /usr/lib/gcc/avr/4.7.2/../../../avr/lib/avrxmega6/libm.a(divsf3x.o)
 .bss           0x0000000000802142        0x0 /usr/lib/gcc/avr/4.7.2/../../../avr/lib/avrxmega6/libm.a(fixsfsi.o)
 .bss           0x0000000000802142        0x0 /usr/lib/gcc/avr/4.7.2/../../../avr/lib/avrxmega6/libm.a(fixunssfsi.o)
 .bss           0x0000000000802142        0x0 /usr/lib/gcc/avr/4.7.2/../../../avr/lib/avrxmega6/libm.a(floatsisf.o)
 .bss           0x0000000000802142        0x0 /usr/lib/gcc/avr/4.7.2/../../../avr/lib/avrxmega6/libm.a(fmax.o)
 .bss           0x0000000000802142        0x0 /usr/lib/gcc/avr/4.7.2/../../../avr/lib/avrxmega6/libm.a(fp_inf.o)
 .bss           0x0000000000802142        0x0 /usr/lib/gcc/avr/4.7.2/../../../avr/lib/avrxmega6/libm.a(fp_nan.o)
 .bss           0x0000000000802142        0x0 /usr/lib/gcc/avr/4.7.2/../../../avr/lib/avrxmega6/libm.a(fp_pscA.o)
 .bss           0x0000000000802142        0x0 /usr/lib/gcc/avr/4.7.2/../../../avr/lib/avrxmega6/libm.a(fp_pscB.o)
 .bss           0x0000000000802142        0x0 /usr/lib/gcc/avr/4.7.2/../../../avr/lib/avrxmega6/libm.a(fp_round.o)
 .bss           0x0000000000802142        0x0 /usr/lib/gcc/avr/4.7.2/../../../avr/lib/avrxmega6/libm.a(fp_split3.o)
 .bss           0x0000000000802142        0x0 /usr/lib/gcc/avr/4.7.2/../../../avr/lib/avrxmega6/libm.a(fp_zero.o)
 .bss           0x0000000000802142        0x0 /usr/lib/gcc/avr/4.7.2/../../../avr/lib/avrxmega6/libm.a(mulsf3.o)
 .bss           0x0000000000802142        0x0 /usr/lib/gcc/avr/4.7.2/../../../avr/lib/avrxmega6/libm.a(mulsf3x.o)
 .bss           0x0000000000802142        0x0 /usr/lib/gcc/avr/4.7.2/../../../avr/lib/avrxmega6/libm.a(round.o)
 .bss           0x0000000000802142        0x0 /usr/lib/gcc/avr/4.7.2/../../../avr/lib/avrxmega6/libm.a(fp_mintl.o)
 .bss           0x0000000000802142        0x0 /usr/lib/gcc/avr/4.7.2/../../../avr/lib/avrxmega6/libm.a(fp_mpack.o)
 .bss           0x0000000000802142        0x0 /usr/lib/gcc/avr/4.7.2/avrxmega6/libgcc.a(_muluhisi3.o)
 .bss           0x0000000000802142        0x0 /usr/lib/gcc/avr/4.7.2/avrxmega6/libgcc.a(_udivmodqi4.o)
 .bss           0x0000000000802142        0x0 /usr/lib/gcc/avr/4.7.2/avrxmega6/libgcc.a(_udivmodhi4.o)
 .bss           0x0000000000802142        0x0 /usr/lib/gcc/avr/4.7.2/avrxmega6/libgcc.a(_udivmodsi4.o)
 .bss           0x0000000000802142        0x0 /usr/lib/gcc/avr/4.7.2/avrxmega6/libgcc.a(_exit.o)
 .bss           0x0000000000802142        0x0 /usr/lib/gcc/avr/4.7.2/avrxmega6/libgcc.a(_copy_data.o)
 .bss           0x0000000000802142        0x0 /usr/lib/gcc/avr/4.7.2/avrxmega6/libgcc.a(_clear_bss.o)
 .bss           0x0000000000802142        0x0 /usr/lib/gcc/avr/4.7.2/avrxmega6/libgcc.a(_cmpdi2_s8.o)
 .bss           0x0000000000802142        0x0 /usr/lib/gcc/avr/4.7.2/avrxmega6/libgcc.a(_umulhisi3.o)
 .bss           0x0000000000802142        0x0 /usr/lib/gcc/avr/4.7.2/../../../avr/lib/avrxmega6/libc.a(calloc.o)
 .bss           0x0000000000802142        0x0 /usr/lib/gcc/avr/4.7.2/../../../avr/lib/avrxmega6/libc.a(malloc.o)
 .bss           0x0000000000802142        0x0 /usr/lib/gcc/avr/4.7.2/../../../avr/lib/avrxmega6/libc.a(abort.o)
 .bss           0x0000000000802142        0x0 /usr/lib/gcc/avr/4.7.2/../../../avr/lib/avrxmega6/libc.a(ftoa_engine.o)
 .bss           0x0000000000802142        0x0 /usr/lib/gcc/avr/4.7.2/../../../avr/lib/avrxmega6/libc.a(strnlen_P.o)
 .bss           0x0000000000802142        0x0 /usr/lib/gcc/avr/4.7.2/../../../avr/lib/avrxmega6/libc.a(memcpy.o)
 .bss           0x0000000000802142        0x0 /usr/lib/gcc/avr/4.7.2/../../../avr/lib/avrxmega6/libc.a(memset.o)
 .bss           0x0000000000802142        0x0 /usr/lib/gcc/avr/4.7.2/../../../avr/lib/avrxmega6/libc.a(strcpy.o)
 .bss           0x0000000000802142        0x0 /usr/lib/gcc/avr/4.7.2/../../../avr/lib/avrxmega6/libc.a(strnlen.o)
 .bss           0x0000000000802142        0x0 /usr/lib/gcc/avr/4.7.2/../../../avr/lib/avrxmega6/libc.a(fputc.o)
 .bss           0x0000000000802142        0x0 /usr/lib/gcc/avr/4.7.2/../../../avr/lib/avrxmega6/libc.a(printf.o)
 .bss           0x0000000000802142        0x0 /usr/lib/gcc/avr/4.7.2/../../../avr/lib/avrxmega6/libc.a(snprintf.o)
 .bss           0x0000000000802142        0x0 /usr/lib/gcc/avr/4.7.2/../../../avr/lib/avrxmega6/libc.a(ultoa_invert.o)
 .bss           0x0000000000802142        0x0 /usr/lib/gcc/avr/4.7.2/../../../avr/lib/avrxmega6/libc.a(iob.o)
 *(.bss*)
 *(COMMON)
 COMMON         0x0000000000802142        0x4 arch-blocks/system/accelerometer.o
                0x0000000000802142                _acc
 COMMON         0x0000000000802146        0x7 arch-blocks/system/data_link.o
                0x0000000000802146                globalRq
                0x000000000080214b                thisChunk
 COMMON         0x000000000080214d       0x72 arch-blocks/system/ensemble.o
                0x000000000080214d                thisNeighborhood
                0x0000000000802159                ttNeighbor
 COMMON         0x00000000008021bf       0x48 arch-blocks/system/handler.o
                0x00000000008021bf                system
 COMMON         0x0000000000802207        0x4 arch-blocks/system/led.o
                0x0000000000802207                currentRGB
                0x000000000080220a                currentColor
 COMMON         0x000000000080220b      0x245 arch-blocks/system/memory.o
                0x000000000080220b                conf
                0x000000000080220f                txChunks
                0x000000000080232f                rxChunks
                0x000000000080244f                numFreeChunks
 COMMON         0x0000000000802450      0x210 arch-blocks/system/serial.o
                0x0000000000802450                port
 COMMON         0x0000000000802660        0x6 arch-blocks/system/hardwaretime.o
                0x0000000000802660                thisTimeout
                0x0000000000802662                timerList
                0x0000000000802664                timeoutList
 COMMON         0x0000000000802666        0x2 arch-blocks/system/microphone.o
                0x0000000000802666                _mic
 COMMON         0x0000000000802668       0x25 arch-blocks/system/clock.o
                0x0000000000802668                nbNeededAnswers
                0x0000000000802669                syncTimer
                0x000000000080267a                minId
                0x000000000080267c                leaderElectionTimeOut
                0x0000000000802686                minIdSender
                0x0000000000802687                syncChildren
 COMMON         0x000000000080268d       0x11 arch-blocks/hw-block/hwAccelerometer.o
                0x000000000080268d                twiMaster
 COMMON         0x000000000080269e        0x6 arch-blocks/hw-block/hwDataLink.o
                0x000000000080269e                wasEscapeStore
 COMMON         0x00000000008026a4       0x12 arch-blocks/hw-block/hwSerial.o
                0x00000000008026a4                hwPort
 COMMON         0x00000000008026b6        0x2 arch-blocks/hw-block/hwTime.o
                0x00000000008026b6                timeHi
 COMMON         0x00000000008026b8       0x14 arch-blocks/hw-block/soft_uart2.o
                0x00000000008026b8                soft_uart
 COMMON         0x00000000008026cc        0xe arch-blocks/hw-block/hwDebug.o
                0x00000000008026cc                debug
 COMMON         0x00000000008026da        0x4 /usr/lib/gcc/avr/4.7.2/../../../avr/lib/avrxmega6/libc.a(malloc.o)
                0x00000000008026da                __brkval
                0x00000000008026dc                __flp
 COMMON         0x00000000008026de        0x6 /usr/lib/gcc/avr/4.7.2/../../../avr/lib/avrxmega6/libc.a(iob.o)
                0x00000000008026de                __iob
                0x00000000008026e4                PROVIDE (__bss_end, .)
                0x000000000000532e                __data_load_start = LOADADDR (.data)
                0x0000000000005450                __data_load_end = (__data_load_start + SIZEOF (.data))

.noinit         0x00000000008026e4        0x0
                0x00000000008026e4                PROVIDE (__noinit_start, .)
 *(.noinit*)
                0x00000000008026e4                PROVIDE (__noinit_end, .)
                0x00000000008026e4                _end = .
                0x00000000008026e4                PROVIDE (__heap_start, .)

.eeprom         0x0000000000810000        0x4
 *(.eeprom*)
 .eeprom        0x0000000000810000        0x4 arch-blocks/system/memory.o
                0x0000000000810000                nv_conf
                0x0000000000810004                __eeprom_end = .

.fuse
 *(.fuse)
 *(.lfuse)
 *(.hfuse)
 *(.efuse)

.lock
 *(.lock*)

.signature
 *(.signature*)

.stab           0x0000000000000000     0x5a30
 *(.stab)
 .stab          0x0000000000000000      0x6e4 /usr/lib/gcc/avr/4.7.2/../../../avr/lib/avrxmega6/crtx256a3.o
 .stab          0x00000000000006e4     0x12fc /usr/lib/gcc/avr/4.7.2/../../../avr/lib/avrxmega6/libprintf_flt.a(vfprintf_flt.o)
                                       0x1308 (size before relaxing)
 .stab          0x00000000000019e0       0x78 /usr/lib/gcc/avr/4.7.2/../../../avr/lib/avrxmega6/libm.a(addsf3.o)
                                         0x84 (size before relaxing)
 .stab          0x0000000000001a58      0x4bc /usr/lib/gcc/avr/4.7.2/../../../avr/lib/avrxmega6/libm.a(addsf3x.o)
                                        0x4c8 (size before relaxing)
 .stab          0x0000000000001f14       0x48 /usr/lib/gcc/avr/4.7.2/../../../avr/lib/avrxmega6/libm.a(divsf3.o)
                                         0x54 (size before relaxing)
 .stab          0x0000000000001f5c      0x510 /usr/lib/gcc/avr/4.7.2/../../../avr/lib/avrxmega6/libm.a(divsf3x.o)
                                        0x51c (size before relaxing)
 .stab          0x000000000000246c       0x6c /usr/lib/gcc/avr/4.7.2/../../../avr/lib/avrxmega6/libm.a(fixsfsi.o)
                                         0x78 (size before relaxing)
 .stab          0x00000000000024d8      0x240 /usr/lib/gcc/avr/4.7.2/../../../avr/lib/avrxmega6/libm.a(fixunssfsi.o)
                                        0x24c (size before relaxing)
 .stab          0x0000000000002718      0x318 /usr/lib/gcc/avr/4.7.2/../../../avr/lib/avrxmega6/libm.a(floatsisf.o)
                                        0x324 (size before relaxing)
 .stab          0x0000000000002a30      0x1a4 /usr/lib/gcc/avr/4.7.2/../../../avr/lib/avrxmega6/libm.a(fmax.o)
                                        0x1b0 (size before relaxing)
 .stab          0x0000000000002bd4       0x78 /usr/lib/gcc/avr/4.7.2/../../../avr/lib/avrxmega6/libm.a(fp_inf.o)
                                         0x84 (size before relaxing)
 .stab          0x0000000000002c4c       0x54 /usr/lib/gcc/avr/4.7.2/../../../avr/lib/avrxmega6/libm.a(fp_nan.o)
                                         0x60 (size before relaxing)
 .stab          0x0000000000002ca0       0x84 /usr/lib/gcc/avr/4.7.2/../../../avr/lib/avrxmega6/libm.a(fp_pscA.o)
                                         0x90 (size before relaxing)
 .stab          0x0000000000002d24       0x84 /usr/lib/gcc/avr/4.7.2/../../../avr/lib/avrxmega6/libm.a(fp_pscB.o)
                                         0x90 (size before relaxing)
 .stab          0x0000000000002da8       0xfc /usr/lib/gcc/avr/4.7.2/../../../avr/lib/avrxmega6/libm.a(fp_round.o)
                                        0x108 (size before relaxing)
 .stab          0x0000000000002ea4      0x1d4 /usr/lib/gcc/avr/4.7.2/../../../avr/lib/avrxmega6/libm.a(fp_split3.o)
                                        0x1e0 (size before relaxing)
 .stab          0x0000000000003078       0x90 /usr/lib/gcc/avr/4.7.2/../../../avr/lib/avrxmega6/libm.a(fp_zero.o)
                                         0x9c (size before relaxing)
 .stab          0x0000000000003108       0x48 /usr/lib/gcc/avr/4.7.2/../../../avr/lib/avrxmega6/libm.a(mulsf3.o)
                                         0x54 (size before relaxing)
 .stab          0x0000000000003150      0x4d4 /usr/lib/gcc/avr/4.7.2/../../../avr/lib/avrxmega6/libm.a(mulsf3x.o)
                                        0x4e0 (size before relaxing)
 .stab          0x0000000000003624      0x1b0 /usr/lib/gcc/avr/4.7.2/../../../avr/lib/avrxmega6/libm.a(round.o)
                                        0x1bc (size before relaxing)
 .stab          0x00000000000037d4      0x174 /usr/lib/gcc/avr/4.7.2/../../../avr/lib/avrxmega6/libm.a(fp_mintl.o)
                                        0x180 (size before relaxing)
 .stab          0x0000000000003948       0xe4 /usr/lib/gcc/avr/4.7.2/../../../avr/lib/avrxmega6/libm.a(fp_mpack.o)
                                         0xf0 (size before relaxing)
 .stab          0x0000000000003a2c      0x1bc /usr/lib/gcc/avr/4.7.2/../../../avr/lib/avrxmega6/libc.a(calloc.o)
                                        0x1f8 (size before relaxing)
 .stab          0x0000000000003be8      0x5b8 /usr/lib/gcc/avr/4.7.2/../../../avr/lib/avrxmega6/libc.a(malloc.o)
                                        0x798 (size before relaxing)
 .stab          0x00000000000041a0       0x48 /usr/lib/gcc/avr/4.7.2/../../../avr/lib/avrxmega6/libc.a(abort.o)
                                         0x54 (size before relaxing)
 .stab          0x00000000000041e8      0xa38 /usr/lib/gcc/avr/4.7.2/../../../avr/lib/avrxmega6/libc.a(ftoa_engine.o)
                                        0xa44 (size before relaxing)
 .stab          0x0000000000004c20       0x9c /usr/lib/gcc/avr/4.7.2/../../../avr/lib/avrxmega6/libc.a(strnlen_P.o)
                                         0xa8 (size before relaxing)
 .stab          0x0000000000004cbc       0x84 /usr/lib/gcc/avr/4.7.2/../../../avr/lib/avrxmega6/libc.a(memcpy.o)
                                         0x90 (size before relaxing)
 .stab          0x0000000000004d40       0x6c /usr/lib/gcc/avr/4.7.2/../../../avr/lib/avrxmega6/libc.a(memset.o)
                                         0x78 (size before relaxing)
 .stab          0x0000000000004dac       0x6c /usr/lib/gcc/avr/4.7.2/../../../avr/lib/avrxmega6/libc.a(strcpy.o)
                                         0x78 (size before relaxing)
 .stab          0x0000000000004e18       0x9c /usr/lib/gcc/avr/4.7.2/../../../avr/lib/avrxmega6/libc.a(strnlen.o)
                                         0xa8 (size before relaxing)
 .stab          0x0000000000004eb4      0x1d4 /usr/lib/gcc/avr/4.7.2/../../../avr/lib/avrxmega6/libc.a(fputc.o)
                                        0x3b4 (size before relaxing)
 .stab          0x0000000000005088      0x1bc /usr/lib/gcc/avr/4.7.2/../../../avr/lib/avrxmega6/libc.a(printf.o)
                                        0x39c (size before relaxing)
 .stab          0x0000000000005244      0x240 /usr/lib/gcc/avr/4.7.2/../../../avr/lib/avrxmega6/libc.a(snprintf.o)
                                        0x420 (size before relaxing)
 .stab          0x0000000000005484      0x480 /usr/lib/gcc/avr/4.7.2/../../../avr/lib/avrxmega6/libc.a(ultoa_invert.o)
                                        0x48c (size before relaxing)
 .stab          0x0000000000005904      0x12c /usr/lib/gcc/avr/4.7.2/../../../avr/lib/avrxmega6/libc.a(iob.o)
                                        0x30c (size before relaxing)

.stabstr        0x0000000000000000     0x122d
 *(.stabstr)
 .stabstr       0x0000000000000000     0x122d /usr/lib/gcc/avr/4.7.2/../../../avr/lib/avrxmega6/crtx256a3.o

.stab.excl
 *(.stab.excl)

.stab.exclstr
 *(.stab.exclstr)

.stab.index
 *(.stab.index)

.stab.indexstr
 *(.stab.indexstr)

.comment        0x0000000000000000       0x22
 *(.comment)
 .comment       0x0000000000000000       0x11 /usr/lib/gcc/avr/4.7.2/../../../avr/lib/avrxmega6/libprintf_flt.a(vfprintf_flt.o)
                                         0x12 (size before relaxing)
 .comment       0x0000000000000011       0x11 arch-blocks/system/test.o
                                         0x12 (size before relaxing)
 .comment       0x0000000000000000       0x12 arch-blocks/system/accelerometer.o
 .comment       0x0000000000000000       0x12 arch-blocks/system/block.o
 .comment       0x0000000000000000       0x12 arch-blocks/system/block_config.o
 .comment       0x0000000000000000       0x12 arch-blocks/system/boot.o
 .comment       0x0000000000000000       0x12 arch-blocks/system/circ_buffer.o
 .comment       0x0000000000000000       0x12 arch-blocks/system/data_link.o
 .comment       0x0000000000000000       0x12 arch-blocks/system/debug.o
 .comment       0x0000000000000000       0x12 arch-blocks/system/ensemble.o
 .comment       0x0000000000000000       0x12 arch-blocks/system/handler.o
 .comment       0x0000000000000000       0x12 arch-blocks/system/led.o
 .comment       0x0000000000000000       0x12 arch-blocks/system/memory.o
 .comment       0x0000000000000000       0x12 arch-blocks/system/message.o
 .comment       0x0000000000000000       0x12 arch-blocks/system/queues.o
 .comment       0x0000000000000000       0x12 arch-blocks/system/serial.o
 .comment       0x0000000000000000       0x12 arch-blocks/system/system.o
 .comment       0x0000000000000000       0x12 arch-blocks/system/hardwaretime.o
 .comment       0x0000000000000000       0x12 arch-blocks/system/microphone.o
 .comment       0x0000000000000000       0x12 arch-blocks/system/log.o
 .comment       0x0000000000000000       0x12 arch-blocks/system/clock.o
 .comment       0x0000000000000000       0x12 arch-blocks/hw-block/eeprom_driver.o
 .comment       0x0000000000000000       0x12 arch-blocks/hw-block/ext_memory.o
 .comment       0x0000000000000000       0x12 arch-blocks/hw-block/hwAccelerometer.o
 .comment       0x0000000000000000       0x12 arch-blocks/hw-block/hwBlockTick.o
 .comment       0x0000000000000000       0x12 arch-blocks/hw-block/hwBoot.o
 .comment       0x0000000000000000       0x12 arch-blocks/hw-block/hwDataLink.o
 .comment       0x0000000000000000       0x12 arch-blocks/hw-block/hwLED.o
 .comment       0x0000000000000000       0x12 arch-blocks/hw-block/hwMemory.o
 .comment       0x0000000000000000       0x12 arch-blocks/hw-block/hwSerial.o
 .comment       0x0000000000000000       0x12 arch-blocks/hw-block/hwTime.o
 .comment       0x0000000000000000       0x12 arch-blocks/hw-block/hwMicrophone.o
 .comment       0x0000000000000000       0x12 arch-blocks/hw-block/soft_uart2.o
 .comment       0x0000000000000000       0x12 arch-blocks/hw-block/system.o
 .comment       0x0000000000000000       0x12 arch-blocks/hw-block/twi_master_driver.o
 .comment       0x0000000000000000       0x12 arch-blocks/hw-block/hwDebug.o
 .comment       0x0000000000000000       0x12 /usr/lib/gcc/avr/4.7.2/../../../avr/lib/avrxmega6/libc.a(calloc.o)
 .comment       0x0000000000000000       0x12 /usr/lib/gcc/avr/4.7.2/../../../avr/lib/avrxmega6/libc.a(malloc.o)
 .comment       0x0000000000000000       0x12 /usr/lib/gcc/avr/4.7.2/../../../avr/lib/avrxmega6/libc.a(fputc.o)
 .comment       0x0000000000000000       0x12 /usr/lib/gcc/avr/4.7.2/../../../avr/lib/avrxmega6/libc.a(printf.o)
 .comment       0x0000000000000000       0x12 /usr/lib/gcc/avr/4.7.2/../../../avr/lib/avrxmega6/libc.a(snprintf.o)
 .comment       0x0000000000000000       0x12 /usr/lib/gcc/avr/4.7.2/../../../avr/lib/avrxmega6/libc.a(iob.o)

.debug
 *(.debug)

.line
 *(.line)

.debug_srcinfo
 *(.debug_srcinfo)

.debug_sfnames
 *(.debug_sfnames)

.debug_aranges  0x0000000000000000      0x460
 *(.debug_aranges)
 .debug_aranges
                0x0000000000000000       0x20 arch-blocks/system/test.o
 .debug_aranges
                0x0000000000000020       0x20 arch-blocks/system/accelerometer.o
 .debug_aranges
                0x0000000000000040       0x20 arch-blocks/system/block.o
 .debug_aranges
                0x0000000000000060       0x20 arch-blocks/system/block_config.o
 .debug_aranges
                0x0000000000000080       0x20 arch-blocks/system/boot.o
 .debug_aranges
                0x00000000000000a0       0x20 arch-blocks/system/circ_buffer.o
 .debug_aranges
                0x00000000000000c0       0x20 arch-blocks/system/data_link.o
 .debug_aranges
                0x00000000000000e0       0x20 arch-blocks/system/debug.o
 .debug_aranges
                0x0000000000000100       0x20 arch-blocks/system/ensemble.o
 .debug_aranges
                0x0000000000000120       0x20 arch-blocks/system/handler.o
 .debug_aranges
                0x0000000000000140       0x20 arch-blocks/system/led.o
 .debug_aranges
                0x0000000000000160       0x20 arch-blocks/system/memory.o
 .debug_aranges
                0x0000000000000180       0x20 arch-blocks/system/message.o
 .debug_aranges
                0x00000000000001a0       0x20 arch-blocks/system/queues.o
 .debug_aranges
                0x00000000000001c0       0x20 arch-blocks/system/serial.o
 .debug_aranges
                0x00000000000001e0       0x20 arch-blocks/system/system.o
 .debug_aranges
                0x0000000000000200       0x20 arch-blocks/system/hardwaretime.o
 .debug_aranges
                0x0000000000000220       0x20 arch-blocks/system/microphone.o
 .debug_aranges
                0x0000000000000240       0x20 arch-blocks/system/log.o
 .debug_aranges
                0x0000000000000260       0x20 arch-blocks/system/clock.o
 .debug_aranges
                0x0000000000000280       0x20 arch-blocks/hw-block/eeprom_driver.o
 .debug_aranges
                0x00000000000002a0       0x20 arch-blocks/hw-block/ext_memory.o
 .debug_aranges
                0x00000000000002c0       0x20 arch-blocks/hw-block/hwAccelerometer.o
 .debug_aranges
                0x00000000000002e0       0x20 arch-blocks/hw-block/hwBlockTick.o
 .debug_aranges
                0x0000000000000300       0x20 arch-blocks/hw-block/hwBoot.o
 .debug_aranges
                0x0000000000000320       0x20 arch-blocks/hw-block/hwDataLink.o
 .debug_aranges
                0x0000000000000340       0x20 arch-blocks/hw-block/hwLED.o
 .debug_aranges
                0x0000000000000360       0x20 arch-blocks/hw-block/hwMemory.o
 .debug_aranges
                0x0000000000000380       0x20 arch-blocks/hw-block/hwSerial.o
 .debug_aranges
                0x00000000000003a0       0x20 arch-blocks/hw-block/hwTime.o
 .debug_aranges
                0x00000000000003c0       0x20 arch-blocks/hw-block/hwMicrophone.o
 .debug_aranges
                0x00000000000003e0       0x20 arch-blocks/hw-block/soft_uart2.o
 .debug_aranges
                0x0000000000000400       0x20 arch-blocks/hw-block/system.o
 .debug_aranges
                0x0000000000000420       0x20 arch-blocks/hw-block/twi_master_driver.o
 .debug_aranges
                0x0000000000000440       0x20 arch-blocks/hw-block/hwDebug.o

.debug_pubnames
 *(.debug_pubnames)

.debug_info     0x0000000000000000     0xcc9d
 *(.debug_info)
 .debug_info    0x0000000000000000      0x4a2 arch-blocks/system/test.o
 .debug_info    0x00000000000004a2      0x16d arch-blocks/system/accelerometer.o
 .debug_info    0x000000000000060f      0x2ec arch-blocks/system/block.o
 .debug_info    0x00000000000008fb      0x166 arch-blocks/system/block_config.o
 .debug_info    0x0000000000000a61       0x55 arch-blocks/system/boot.o
 .debug_info    0x0000000000000ab6      0x274 arch-blocks/system/circ_buffer.o
 .debug_info    0x0000000000000d2a      0x883 arch-blocks/system/data_link.o
 .debug_info    0x00000000000015ad       0x94 arch-blocks/system/debug.o
 .debug_info    0x0000000000001641      0xc0a arch-blocks/system/ensemble.o
 .debug_info    0x000000000000224b      0x230 arch-blocks/system/handler.o
 .debug_info    0x000000000000247b      0x39f arch-blocks/system/led.o
 .debug_info    0x000000000000281a      0x2e8 arch-blocks/system/memory.o
 .debug_info    0x0000000000002b02      0x51e arch-blocks/system/message.o
 .debug_info    0x0000000000003020      0x27d arch-blocks/system/queues.o
 .debug_info    0x000000000000329d      0x425 arch-blocks/system/serial.o
 .debug_info    0x00000000000036c2      0x1b4 arch-blocks/system/system.o
 .debug_info    0x0000000000003876      0x54c arch-blocks/system/hardwaretime.o
 .debug_info    0x0000000000003dc2       0xa7 arch-blocks/system/microphone.o
 .debug_info    0x0000000000003e69      0xabf arch-blocks/system/log.o
 .debug_info    0x0000000000004928      0xf9d arch-blocks/system/clock.o
 .debug_info    0x00000000000058c5      0x530 arch-blocks/hw-block/eeprom_driver.o
 .debug_info    0x0000000000005df5      0x936 arch-blocks/hw-block/ext_memory.o
 .debug_info    0x000000000000672b      0xa7c arch-blocks/hw-block/hwAccelerometer.o
 .debug_info    0x00000000000071a7      0x7b7 arch-blocks/hw-block/hwBlockTick.o
 .debug_info    0x000000000000795e       0xf3 arch-blocks/hw-block/hwBoot.o
 .debug_info    0x0000000000007a51      0xa92 arch-blocks/hw-block/hwDataLink.o
 .debug_info    0x00000000000084e3      0xe23 arch-blocks/hw-block/hwLED.o
 .debug_info    0x0000000000009306      0x22f arch-blocks/hw-block/hwMemory.o
 .debug_info    0x0000000000009535      0xc48 arch-blocks/hw-block/hwSerial.o
 .debug_info    0x000000000000a17d      0x4db arch-blocks/hw-block/hwTime.o
 .debug_info    0x000000000000a658      0x88c arch-blocks/hw-block/hwMicrophone.o
 .debug_info    0x000000000000aee4     0x1167 arch-blocks/hw-block/soft_uart2.o
 .debug_info    0x000000000000c04b       0xa3 arch-blocks/hw-block/system.o
 .debug_info    0x000000000000c0ee      0x8eb arch-blocks/hw-block/twi_master_driver.o
 .debug_info    0x000000000000c9d9      0x2c4 arch-blocks/hw-block/hwDebug.o
 *(.gnu.linkonce.wi.*)

.debug_abbrev   0x0000000000000000     0x3a6a
 *(.debug_abbrev)
 .debug_abbrev  0x0000000000000000      0x17d arch-blocks/system/test.o
 .debug_abbrev  0x000000000000017d       0xf7 arch-blocks/system/accelerometer.o
 .debug_abbrev  0x0000000000000274      0x11c arch-blocks/system/block.o
 .debug_abbrev  0x0000000000000390       0xe6 arch-blocks/system/block_config.o
 .debug_abbrev  0x0000000000000476       0x4d arch-blocks/system/boot.o
 .debug_abbrev  0x00000000000004c3      0x1c8 arch-blocks/system/circ_buffer.o
 .debug_abbrev  0x000000000000068b      0x33c arch-blocks/system/data_link.o
 .debug_abbrev  0x00000000000009c7       0x63 arch-blocks/system/debug.o
 .debug_abbrev  0x0000000000000a2a      0x3a1 arch-blocks/system/ensemble.o
 .debug_abbrev  0x0000000000000dcb      0x14e arch-blocks/system/handler.o
 .debug_abbrev  0x0000000000000f19      0x19e arch-blocks/system/led.o
 .debug_abbrev  0x00000000000010b7      0x123 arch-blocks/system/memory.o
 .debug_abbrev  0x00000000000011da      0x1a9 arch-blocks/system/message.o
 .debug_abbrev  0x0000000000001383       0xc7 arch-blocks/system/queues.o
 .debug_abbrev  0x000000000000144a      0x149 arch-blocks/system/serial.o
 .debug_abbrev  0x0000000000001593       0x9d arch-blocks/system/system.o
 .debug_abbrev  0x0000000000001630      0x230 arch-blocks/system/hardwaretime.o
 .debug_abbrev  0x0000000000001860       0x62 arch-blocks/system/microphone.o
 .debug_abbrev  0x00000000000018c2      0x30b arch-blocks/system/log.o
 .debug_abbrev  0x0000000000001bcd      0x3b2 arch-blocks/system/clock.o
 .debug_abbrev  0x0000000000001f7f      0x199 arch-blocks/hw-block/eeprom_driver.o
 .debug_abbrev  0x0000000000002118      0x226 arch-blocks/hw-block/ext_memory.o
 .debug_abbrev  0x000000000000233e      0x1f7 arch-blocks/hw-block/hwAccelerometer.o
 .debug_abbrev  0x0000000000002535      0x13c arch-blocks/hw-block/hwBlockTick.o
 .debug_abbrev  0x0000000000002671       0xa6 arch-blocks/hw-block/hwBoot.o
 .debug_abbrev  0x0000000000002717      0x293 arch-blocks/hw-block/hwDataLink.o
 .debug_abbrev  0x00000000000029aa      0x154 arch-blocks/hw-block/hwLED.o
 .debug_abbrev  0x0000000000002afe      0x10b arch-blocks/hw-block/hwMemory.o
 .debug_abbrev  0x0000000000002c09      0x2ce arch-blocks/hw-block/hwSerial.o
 .debug_abbrev  0x0000000000002ed7      0x21a arch-blocks/hw-block/hwTime.o
 .debug_abbrev  0x00000000000030f1      0x1c5 arch-blocks/hw-block/hwMicrophone.o
 .debug_abbrev  0x00000000000032b6      0x2e5 arch-blocks/hw-block/soft_uart2.o
 .debug_abbrev  0x000000000000359b       0x67 arch-blocks/hw-block/system.o
 .debug_abbrev  0x0000000000003602      0x2ff arch-blocks/hw-block/twi_master_driver.o
 .debug_abbrev  0x0000000000003901      0x169 arch-blocks/hw-block/hwDebug.o

.debug_line     0x0000000000000000     0x33d2
 *(.debug_line)
 .debug_line    0x0000000000000000      0x12e arch-blocks/system/test.o
 .debug_line    0x000000000000012e      0x11b arch-blocks/system/accelerometer.o
 .debug_line    0x0000000000000249      0x205 arch-blocks/system/block.o
 .debug_line    0x000000000000044e       0xfe arch-blocks/system/block_config.o
 .debug_line    0x000000000000054c       0xa9 arch-blocks/system/boot.o
 .debug_line    0x00000000000005f5      0x14d arch-blocks/system/circ_buffer.o
 .debug_line    0x0000000000000742      0x2a5 arch-blocks/system/data_link.o
 .debug_line    0x00000000000009e7       0xab arch-blocks/system/debug.o
 .debug_line    0x0000000000000a92      0x2b5 arch-blocks/system/ensemble.o
 .debug_line    0x0000000000000d47       0xfe arch-blocks/system/handler.o
 .debug_line    0x0000000000000e45      0x116 arch-blocks/system/led.o
 .debug_line    0x0000000000000f5b      0x10c arch-blocks/system/memory.o
 .debug_line    0x0000000000001067      0x126 arch-blocks/system/message.o
 .debug_line    0x000000000000118d       0xeb arch-blocks/system/queues.o
 .debug_line    0x0000000000001278      0x16f arch-blocks/system/serial.o
 .debug_line    0x00000000000013e7       0xd8 arch-blocks/system/system.o
 .debug_line    0x00000000000014bf      0x203 arch-blocks/system/hardwaretime.o
 .debug_line    0x00000000000016c2       0xb5 arch-blocks/system/microphone.o
 .debug_line    0x0000000000001777      0x279 arch-blocks/system/log.o
 .debug_line    0x00000000000019f0      0x31e arch-blocks/system/clock.o
 .debug_line    0x0000000000001d0e      0x181 arch-blocks/hw-block/eeprom_driver.o
 .debug_line    0x0000000000001e8f      0x1b7 arch-blocks/hw-block/ext_memory.o
 .debug_line    0x0000000000002046      0x1f1 arch-blocks/hw-block/hwAccelerometer.o
 .debug_line    0x0000000000002237      0x12e arch-blocks/hw-block/hwBlockTick.o
 .debug_line    0x0000000000002365       0xde arch-blocks/hw-block/hwBoot.o
 .debug_line    0x0000000000002443      0x301 arch-blocks/hw-block/hwDataLink.o
 .debug_line    0x0000000000002744      0x145 arch-blocks/hw-block/hwLED.o
 .debug_line    0x0000000000002889      0x11a arch-blocks/hw-block/hwMemory.o
 .debug_line    0x00000000000029a3      0x243 arch-blocks/hw-block/hwSerial.o
 .debug_line    0x0000000000002be6      0x194 arch-blocks/hw-block/hwTime.o
 .debug_line    0x0000000000002d7a      0x191 arch-blocks/hw-block/hwMicrophone.o
 .debug_line    0x0000000000002f0b      0x1a5 arch-blocks/hw-block/soft_uart2.o
 .debug_line    0x00000000000030b0       0xa4 arch-blocks/hw-block/system.o
 .debug_line    0x0000000000003154      0x189 arch-blocks/hw-block/twi_master_driver.o
 .debug_line    0x00000000000032dd       0xf5 arch-blocks/hw-block/hwDebug.o

.debug_frame    0x0000000000000000     0x1d48
 *(.debug_frame)
 .debug_frame   0x0000000000000000       0x58 arch-blocks/system/test.o
 .debug_frame   0x0000000000000058       0x44 arch-blocks/system/accelerometer.o
 .debug_frame   0x000000000000009c       0x3c arch-blocks/system/block.o
 .debug_frame   0x00000000000000d8       0x34 arch-blocks/system/block_config.o
 .debug_frame   0x000000000000010c       0x24 arch-blocks/system/boot.o
 .debug_frame   0x0000000000000130       0x44 arch-blocks/system/circ_buffer.o
 .debug_frame   0x0000000000000174       0xbc arch-blocks/system/data_link.o
 .debug_frame   0x0000000000000230       0x24 arch-blocks/system/debug.o
 .debug_frame   0x0000000000000254      0x1e4 arch-blocks/system/ensemble.o
 .debug_frame   0x0000000000000438       0xbc arch-blocks/system/handler.o
 .debug_frame   0x00000000000004f4       0x94 arch-blocks/system/led.o
 .debug_frame   0x0000000000000588       0x64 arch-blocks/system/memory.o
 .debug_frame   0x00000000000005ec       0xdc arch-blocks/system/message.o
 .debug_frame   0x00000000000006c8       0x24 arch-blocks/system/queues.o
 .debug_frame   0x00000000000006ec       0x50 arch-blocks/system/serial.o
 .debug_frame   0x000000000000073c       0x24 arch-blocks/system/system.o
 .debug_frame   0x0000000000000760      0x13c arch-blocks/system/hardwaretime.o
 .debug_frame   0x000000000000089c       0x24 arch-blocks/system/microphone.o
 .debug_frame   0x00000000000008c0      0x220 arch-blocks/system/log.o
 .debug_frame   0x0000000000000ae0      0x380 arch-blocks/system/clock.o
 .debug_frame   0x0000000000000e60      0x14c arch-blocks/hw-block/eeprom_driver.o
 .debug_frame   0x0000000000000fac       0xe4 arch-blocks/hw-block/ext_memory.o
 .debug_frame   0x0000000000001090      0x150 arch-blocks/hw-block/hwAccelerometer.o
 .debug_frame   0x00000000000011e0       0x8c arch-blocks/hw-block/hwBlockTick.o
 .debug_frame   0x000000000000126c       0x24 arch-blocks/hw-block/hwBoot.o
 .debug_frame   0x0000000000001290      0x170 arch-blocks/hw-block/hwDataLink.o
 .debug_frame   0x0000000000001400       0x34 arch-blocks/hw-block/hwLED.o
 .debug_frame   0x0000000000001434       0x94 arch-blocks/hw-block/hwMemory.o
 .debug_frame   0x00000000000014c8      0x4c0 arch-blocks/hw-block/hwSerial.o
 .debug_frame   0x0000000000001988       0x84 arch-blocks/hw-block/hwTime.o
 .debug_frame   0x0000000000001a0c       0xa4 arch-blocks/hw-block/hwMicrophone.o
 .debug_frame   0x0000000000001ab0      0x130 arch-blocks/hw-block/soft_uart2.o
 .debug_frame   0x0000000000001be0       0x24 arch-blocks/hw-block/system.o
 .debug_frame   0x0000000000001c04       0xf0 arch-blocks/hw-block/twi_master_driver.o
 .debug_frame   0x0000000000001cf4       0x54 arch-blocks/hw-block/hwDebug.o

.debug_str      0x0000000000000000     0x31ca
 *(.debug_str)
 .debug_str     0x0000000000000000      0x38a arch-blocks/system/test.o